[INFO] Scanning for projects...
[INFO] 
[INFO] ----------------------< se.kits.gakusei:gakusei >-----------------------
[INFO] Building gakusei 2.1.1
[INFO]   from pom.xml
[INFO] --------------------------------[ jar ]---------------------------------
[WARNING] 1 problem was encountered while building the effective model for org.javassist:javassist:jar:3.20.0-GA during dependency collection step for project (use -X to see details)
[INFO] 
[INFO] --- dependency:3.3.0:tree (default-cli) @ gakusei ---
[INFO] se.kits.gakusei:gakusei:jar:2.1.1
[INFO] +- org.springframework.boot:spring-boot-starter-thymeleaf:jar:2.7.18:compile
[INFO] |  +- org.springframework.boot:spring-boot-starter:jar:2.7.18:compile
[INFO] |  |  +- org.springframework.boot:spring-boot-starter-logging:jar:2.7.18:compile
[INFO] |  |  |  +- ch.qos.logback:logback-classic:jar:1.2.12:compile
[INFO] |  |  |  |  \- ch.qos.logback:logback-core:jar:1.2.12:compile
[INFO] |  |  |  +- org.apache.logging.log4j:log4j-to-slf4j:jar:2.17.2:compile
[INFO] |  |  |  |  \- org.apache.logging.log4j:log4j-api:jar:2.17.2:compile
[INFO] |  |  |  \- org.slf4j:jul-to-slf4j:jar:1.7.36:compile
[INFO] |  |  +- jakarta.annotation:jakarta.annotation-api:jar:1.3.5:compile
[INFO] |  |  \- org.yaml:snakeyaml:jar:1.30:compile
[INFO] |  +- org.thymeleaf:thymeleaf-spring5:jar:3.0.15.RELEASE:compile
[INFO] |  |  \- org.thymeleaf:thymeleaf:jar:3.0.15.RELEASE:compile
[INFO] |  |     +- org.attoparser:attoparser:jar:2.0.5.RELEASE:compile
[INFO] |  |     \- org.unbescape:unbescape:jar:1.1.6.RELEASE:compile
[INFO] |  \- org.thymeleaf.extras:thymeleaf-extras-java8time:jar:3.0.4.RELEASE:compile
[INFO] +- org.springframework.boot:spring-boot-starter-validation:jar:2.7.18:compile
[INFO] |  +- org.apache.tomcat.embed:tomcat-embed-el:jar:9.0.83:compile
[INFO] |  \- org.hibernate.validator:hibernate-validator:jar:6.2.5.Final:compile
[INFO] |     +- jakarta.validation:jakarta.validation-api:jar:2.0.2:compile
[INFO] |     +- org.jboss.logging:jboss-logging:jar:3.4.3.Final:compile
[INFO] |     \- com.fasterxml:classmate:jar:1.5.1:compile
[INFO] +- org.thymeleaf.extras:thymeleaf-extras-springsecurity5:jar:3.0.5.RELEASE:compile
[INFO] |  \- org.slf4j:slf4j-api:jar:1.7.36:compile
[INFO] +- org.springdoc:springdoc-openapi-ui:jar:1.8.0:compile
[INFO] |  +- org.springdoc:springdoc-openapi-webmvc-core:jar:1.8.0:compile
[INFO] |  |  \- org.springdoc:springdoc-openapi-common:jar:1.8.0:compile
[INFO] |  |     \- io.swagger.core.v3:swagger-core:jar:2.2.20:compile
[INFO] |  |        +- org.apache.commons:commons-lang3:jar:3.12.0:compile
[INFO] |  |        +- com.fasterxml.jackson.dataformat:jackson-dataformat-yaml:jar:2.13.5:compile
[INFO] |  |        +- io.swagger.core.v3:swagger-annotations:jar:2.2.20:compile
[INFO] |  |        \- io.swagger.core.v3:swagger-models:jar:2.2.20:compile
[INFO] |  \- org.webjars:swagger-ui:jar:5.11.8:compile
[INFO] +- io.swagger:swagger-annotations:jar:1.6.14:compile
[INFO] +- junit:junit:jar:4.13.2:test
[INFO] |  \- org.hamcrest:hamcrest-core:jar:2.2:test
[INFO] +- org.junit.vintage:junit-vintage-engine:jar:5.8.2:test
[INFO] |  +- org.junit.platform:junit-platform-engine:jar:1.8.2:test
[INFO] |  |  +- org.opentest4j:opentest4j:jar:1.2.0:test
[INFO] |  |  \- org.junit.platform:junit-platform-commons:jar:1.8.2:test
[INFO] |  \- org.apiguardian:apiguardian-api:jar:1.1.2:test
[INFO] +- com.github.psandboge:japanese-grammar-utils:jar:1.0.0:compile
[INFO] +- org.liquibase:liquibase-core:jar:4.9.1:compile
[INFO] |  \- javax.xml.bind:jaxb-api:jar:2.3.1:compile
[INFO] |     \- javax.activation:javax.activation-api:jar:1.2.0:compile
[INFO] +- org.springframework.boot:spring-boot-starter-web:jar:2.7.18:compile
[INFO] |  +- org.springframework.boot:spring-boot-starter-json:jar:2.7.18:compile
[INFO] |  |  +- com.fasterxml.jackson.core:jackson-databind:jar:2.13.5:compile
[INFO] |  |  |  \- com.fasterxml.jackson.core:jackson-core:jar:2.13.5:compile
[INFO] |  |  +- com.fasterxml.jackson.datatype:jackson-datatype-jdk8:jar:2.13.5:compile
[INFO] |  |  +- com.fasterxml.jackson.datatype:jackson-datatype-jsr310:jar:2.13.5:compile
[INFO] |  |  \- com.fasterxml.jackson.module:jackson-module-parameter-names:jar:2.13.5:compile
[INFO] |  +- org.springframework.boot:spring-boot-starter-tomcat:jar:2.7.18:compile
[INFO] |  |  +- org.apache.tomcat.embed:tomcat-embed-core:jar:9.0.83:compile
[INFO] |  |  \- org.apache.tomcat.embed:tomcat-embed-websocket:jar:9.0.83:compile
[INFO] |  +- org.springframework:spring-web:jar:5.3.31:compile
[INFO] |  |  \- org.springframework:spring-beans:jar:5.3.31:compile
[INFO] |  \- org.springframework:spring-webmvc:jar:5.3.31:compile
[INFO] |     +- org.springframework:spring-context:jar:5.3.31:compile
[INFO] |     \- org.springframework:spring-expression:jar:5.3.31:compile
[INFO] +- org.springframework.boot:spring-boot-starter-data-jpa:jar:2.7.18:compile
[INFO] |  +- org.springframework.boot:spring-boot-starter-aop:jar:2.7.18:compile
[INFO] |  |  \- org.aspectj:aspectjweaver:jar:1.9.7:compile
[INFO] |  +- org.springframework.boot:spring-boot-starter-jdbc:jar:2.7.18:compile
[INFO] |  |  +- com.zaxxer:HikariCP:jar:4.0.3:compile
[INFO] |  |  \- org.springframework:spring-jdbc:jar:5.3.31:compile
[INFO] |  +- jakarta.transaction:jakarta.transaction-api:jar:1.3.3:compile
[INFO] |  +- jakarta.persistence:jakarta.persistence-api:jar:2.2.3:compile
[INFO] |  +- org.hibernate:hibernate-core:jar:5.6.15.Final:compile
[INFO] |  |  +- net.bytebuddy:byte-buddy:jar:1.12.23:compile
[INFO] |  |  +- antlr:antlr:jar:2.7.7:compile
[INFO] |  |  +- org.jboss:jandex:jar:2.4.2.Final:compile
[INFO] |  |  \- org.hibernate.common:hibernate-commons-annotations:jar:5.1.2.Final:compile
[INFO] |  +- org.springframework.data:spring-data-jpa:jar:2.7.18:compile
[INFO] |  |  +- org.springframework.data:spring-data-commons:jar:2.7.18:compile
[INFO] |  |  +- org.springframework:spring-orm:jar:5.3.31:compile
[INFO] |  |  \- org.springframework:spring-tx:jar:5.3.31:compile
[INFO] |  \- org.springframework:spring-aspects:jar:5.3.31:compile
[INFO] +- org.springframework.boot:spring-boot-starter-data-rest:jar:2.7.18:compile
[INFO] |  \- org.springframework.data:spring-data-rest-webmvc:jar:3.7.18:compile
[INFO] |     +- org.springframework.data:spring-data-rest-core:jar:3.7.18:compile
[INFO] |     |  +- org.springframework.hateoas:spring-hateoas:jar:1.5.6:compile
[INFO] |     |  +- org.springframework.plugin:spring-plugin-core:jar:2.0.0.RELEASE:compile
[INFO] |     |  \- org.atteo:evo-inflector:jar:1.3:compile
[INFO] |     \- com.fasterxml.jackson.core:jackson-annotations:jar:2.13.5:compile
[INFO] +- org.springframework.boot:spring-boot-starter-security:jar:2.7.18:compile
[INFO] |  +- org.springframework:spring-aop:jar:5.3.31:compile
[INFO] |  +- org.springframework.security:spring-security-config:jar:5.7.11:compile
[INFO] |  |  \- org.springframework.security:spring-security-core:jar:5.7.11:compile
[INFO] |  |     \- org.springframework.security:spring-security-crypto:jar:5.7.11:compile
[INFO] |  \- org.springframework.security:spring-security-web:jar:5.7.11:compile
[INFO] +- org.springframework.boot:spring-boot-starter-cache:jar:2.7.18:compile
[INFO] |  \- org.springframework:spring-context-support:jar:5.3.31:compile
[INFO] +- org.postgresql:postgresql:jar:42.3.8:compile
[INFO] |  \- org.checkerframework:checker-qual:jar:3.5.0:runtime
[INFO] +- com.h2database:h2:jar:2.1.214:compile
[INFO] +- org.springframework.boot:spring-boot-starter-test:jar:2.7.18:test
[INFO] |  +- org.springframework.boot:spring-boot-test:jar:2.7.18:test
[INFO] |  +- org.springframework.boot:spring-boot-test-autoconfigure:jar:2.7.18:test
[INFO] |  +- com.jayway.jsonpath:json-path:jar:2.7.0:compile
[INFO] |  |  \- net.minidev:json-smart:jar:2.4.11:compile
[INFO] |  |     \- net.minidev:accessors-smart:jar:2.4.11:compile
[INFO] |  |        \- org.ow2.asm:asm:jar:9.3:compile
[INFO] |  +- jakarta.xml.bind:jakarta.xml.bind-api:jar:2.3.3:compile
[INFO] |  |  \- jakarta.activation:jakarta.activation-api:jar:1.2.2:compile
[INFO] |  +- org.assertj:assertj-core:jar:3.22.0:test
[INFO] |  +- org.hamcrest:hamcrest:jar:2.2:test
[INFO] |  +- org.junit.jupiter:junit-jupiter:jar:5.8.2:test
[INFO] |  |  +- org.junit.jupiter:junit-jupiter-api:jar:5.8.2:test
[INFO] |  |  +- org.junit.jupiter:junit-jupiter-params:jar:5.8.2:test
[INFO] |  |  \- org.junit.jupiter:junit-jupiter-engine:jar:5.8.2:test
[INFO] |  +- org.mockito:mockito-core:jar:4.5.1:test
[INFO] |  |  +- net.bytebuddy:byte-buddy-agent:jar:1.12.23:test
[INFO] |  |  \- org.objenesis:objenesis:jar:3.2:test
[INFO] |  +- org.mockito:mockito-junit-jupiter:jar:4.5.1:test
[INFO] |  +- org.skyscreamer:jsonassert:jar:1.5.1:test
[INFO] |  |  \- com.vaadin.external.google:android-json:jar:0.0.20131108.vaadin1:test
[INFO] |  +- org.springframework:spring-core:jar:5.3.31:compile
[INFO] |  |  \- org.springframework:spring-jcl:jar:5.3.31:compile
[INFO] |  +- org.springframework:spring-test:jar:5.3.31:test
[INFO] |  \- org.xmlunit:xmlunit-core:jar:2.9.1:test
[INFO] +- org.springframework.boot:spring-boot-devtools:jar:2.7.18:compile
[INFO] |  +- org.springframework.boot:spring-boot:jar:2.7.18:compile
[INFO] |  \- org.springframework.boot:spring-boot-autoconfigure:jar:2.7.18:compile
[INFO] +- com.univocity:univocity-parsers:jar:2.7.5:compile
[INFO] +- javax.cache:cache-api:jar:1.1.1:compile
[INFO] +- org.ehcache:ehcache:jar:3.10.8:compile
[INFO] |  \- org.glassfish.jaxb:jaxb-runtime:jar:2.3.9:compile
[INFO] |     +- org.glassfish.jaxb:txw2:jar:2.3.9:compile
[INFO] |     +- com.sun.istack:istack-commons-runtime:jar:3.0.12:compile
[INFO] |     \- com.sun.activation:jakarta.activation:jar:1.2.2:runtime
[INFO] +- org.json:json:jar:20180813:compile
[INFO] \- com.googlecode.json-simple:json-simple:jar:1.1.1:compile
[INFO] ------------------------------------------------------------------------
[INFO] BUILD SUCCESS
[INFO] ------------------------------------------------------------------------
[INFO] Total time:  3.721 s
[INFO] Finished at: 2026-10-04T18:41:06+02:00
[INFO] ------------------------------------------------------------------------
