
> gakusei@2.1.1 precompile
> npm run preflight && npm run prepare:assets


> gakusei@2.1.1 preflight
> node scripts/preflight.js


> gakusei@2.1.1 prepare:assets
> node scripts/updateVersionFromMavenPom.js && node scripts/generateFrontendLicenses.js && node scripts/copyBootstrap.js

node:internal/modules/cjs/loader:1568
  throw err;
  ^

Error: Cannot find module 'replace'
Require stack:
- /Users/pierresandboge/bin/slay/daigaku/rigs/gakusei/worktrees/gaku-5m7/scripts/updateVersionFromMavenPom.js
    at Module._resolveFilename (node:internal/modules/cjs/loader:1564:15)
    at wrapResolveFilename (node:internal/modules/cjs/loader:1118:27)
    at defaultResolveImplForCJSLoading (node:internal/modules/cjs/loader:1142:10)
    at resolveForCJSWithHooks (node:internal/modules/cjs/loader:1169:12)
    at Module._load (node:internal/modules/cjs/loader:1341:5)
    at wrapModuleLoad (node:internal/modules/cjs/loader:261:19)
    at Module.require (node:internal/modules/cjs/loader:1674:12)
    at require (node:internal/modules/helpers:157:16)
    at Object.<anonymous> (/Users/pierresandboge/bin/slay/daigaku/rigs/gakusei/worktrees/gaku-5m7/scripts/updateVersionFromMavenPom.js:1:17)
    at Module._compile (node:internal/modules/cjs/loader:1929:14) {
  code: 'MODULE_NOT_FOUND',
  requireStack: [
    '/Users/pierresandboge/bin/slay/daigaku/rigs/gakusei/worktrees/gaku-5m7/scripts/updateVersionFromMavenPom.js'
  ]
}

Node.js v24.21.0
