
> gakusei@2.1.1 precompile:production
> npm run preflight && NODE_ENV=production npm run prepare:assets


> gakusei@2.1.1 preflight
> node scripts/preflight.js


> gakusei@2.1.1 prepare:assets
> node scripts/updateVersionFromMavenPom.js && node scripts/generateFrontendLicenses.js && node scripts/copyBootstrap.js

package.json dependencies written to frontend_licenses.json: 746.628ms

> gakusei@2.1.1 compile:production
> webpack --mode production

asset main.8efb7516d4b8eda76689.bundle.js 2.33 MiB [emitted] [immutable] [minimized] [big] (name: main) 2 related assets
asset ../../templates/index.html 457 bytes [emitted] [minimized]
orphan modules 773 KiB [orphan] 277 modules
runtime modules 2.72 KiB 10 modules
modules by path ./node_modules/ 4.54 MiB
  javascript modules 4.48 MiB 1152 modules
  json modules 62.9 KiB 9 modules
modules by path ./src/main/ 527 KiB
  modules by path ./src/main/js/screens/app/ 315 KiB 37 modules
  modules by path ./src/main/js/shared/ 131 KiB 10 modules
  modules by path ./src/main/js/*.js 32.5 KiB 3 modules
  modules by path ./src/main/resources/ 48.7 KiB 2 modules
./vendor/react-toggle-button/lib/index.js 49.8 KiB [built] [code generated]
readable-stream (ignored) 15 bytes [built] [code generated]
util (ignored) 15 bytes [built] [code generated]
util (ignored) 15 bytes [built] [code generated]

WARNING in ./src/main/resources/static/css/style.scss (./node_modules/css-loader/dist/cjs.js??ruleSet[1].rules[2].use[1]!./node_modules/postcss-loader/dist/cjs.js!./node_modules/sass-loader/dist/cjs.js??ruleSet[1].rules[2].use[3]!./src/main/resources/static/css/style.scss)
Module Warning (from ./node_modules/sass-loader/dist/cjs.js):
Deprecation Warning on line 2, column 8 of file:///Users/pierresandboge/bin/slay/daigaku/rigs/gakusei/worktrees/gaku-5m7/src/main/resources/static/css/style.scss:2:8:
Sass @import rules are deprecated and will be removed in Dart Sass 3.0.0.

More info and automated migrator: https://sass-lang.com/d/import

2 | @import 'elements/_base.scss';


src/main/resources/static/css/style.scss 3:9  root stylesheet
 @ ./src/main/resources/static/css/style.scss 8:6-275 20:17-24 25:22-29 25:33-47 25:50-64 24:0-245 24:0-245
 @ ./src/main/js/main.js 10:0-44

WARNING in ./src/main/resources/static/css/style.scss (./node_modules/css-loader/dist/cjs.js??ruleSet[1].rules[2].use[1]!./node_modules/postcss-loader/dist/cjs.js!./node_modules/sass-loader/dist/cjs.js??ruleSet[1].rules[2].use[3]!./src/main/resources/static/css/style.scss)
Module Warning (from ./node_modules/sass-loader/dist/cjs.js):
Deprecation Warning on line 4, column 8 of file:///Users/pierresandboge/bin/slay/daigaku/rigs/gakusei/worktrees/gaku-5m7/src/main/resources/static/css/style.scss:4:8:
Sass @import rules are deprecated and will be removed in Dart Sass 3.0.0.

More info and automated migrator: https://sass-lang.com/d/import

4 | @import 'components/_about-features.scss';


src/main/resources/static/css/style.scss 5:9  root stylesheet
 @ ./src/main/resources/static/css/style.scss 8:6-275 20:17-24 25:22-29 25:33-47 25:50-64 24:0-245 24:0-245
 @ ./src/main/js/main.js 10:0-44

WARNING in ./src/main/resources/static/css/style.scss (./node_modules/css-loader/dist/cjs.js??ruleSet[1].rules[2].use[1]!./node_modules/postcss-loader/dist/cjs.js!./node_modules/sass-loader/dist/cjs.js??ruleSet[1].rules[2].use[3]!./src/main/resources/static/css/style.scss)
Module Warning (from ./node_modules/sass-loader/dist/cjs.js):
Deprecation Warning on line 5, column 8 of file:///Users/pierresandboge/bin/slay/daigaku/rigs/gakusei/worktrees/gaku-5m7/src/main/resources/static/css/style.scss:5:8:
Sass @import rules are deprecated and will be removed in Dart Sass 3.0.0.

More info and automated migrator: https://sass-lang.com/d/import

5 | @import 'components/_answer-button.scss';


src/main/resources/static/css/style.scss 6:9  root stylesheet
 @ ./src/main/resources/static/css/style.scss 8:6-275 20:17-24 25:22-29 25:33-47 25:50-64 24:0-245 24:0-245
 @ ./src/main/js/main.js 10:0-44

WARNING in ./src/main/resources/static/css/style.scss (./node_modules/css-loader/dist/cjs.js??ruleSet[1].rules[2].use[1]!./node_modules/postcss-loader/dist/cjs.js!./node_modules/sass-loader/dist/cjs.js??ruleSet[1].rules[2].use[3]!./src/main/resources/static/css/style.scss)
Module Warning (from ./node_modules/sass-loader/dist/cjs.js):
Deprecation Warning on line 6, column 8 of file:///Users/pierresandboge/bin/slay/daigaku/rigs/gakusei/worktrees/gaku-5m7/src/main/resources/static/css/style.scss:6:8:
Sass @import rules are deprecated and will be removed in Dart Sass 3.0.0.

More info and automated migrator: https://sass-lang.com/d/import

6 | @import 'components/_copyright-information.scss';


src/main/resources/static/css/style.scss 7:9  root stylesheet
 @ ./src/main/resources/static/css/style.scss 8:6-275 20:17-24 25:22-29 25:33-47 25:50-64 24:0-245 24:0-245
 @ ./src/main/js/main.js 10:0-44

WARNING in ./src/main/resources/static/css/style.scss (./node_modules/css-loader/dist/cjs.js??ruleSet[1].rules[2].use[1]!./node_modules/postcss-loader/dist/cjs.js!./node_modules/sass-loader/dist/cjs.js??ruleSet[1].rules[2].use[3]!./src/main/resources/static/css/style.scss)
Module Warning (from ./node_modules/sass-loader/dist/cjs.js):
Deprecation Warning on line 7, column 8 of file:///Users/pierresandboge/bin/slay/daigaku/rigs/gakusei/worktrees/gaku-5m7/src/main/resources/static/css/style.scss:7:8:
Sass @import rules are deprecated and will be removed in Dart Sass 3.0.0.

More info and automated migrator: https://sass-lang.com/d/import

7 | @import 'components/_exercise.scss';


src/main/resources/static/css/style.scss 8:9  root stylesheet
 @ ./src/main/resources/static/css/style.scss 8:6-275 20:17-24 25:22-29 25:33-47 25:50-64 24:0-245 24:0-245
 @ ./src/main/js/main.js 10:0-44

WARNING in ./src/main/resources/static/css/style.scss (./node_modules/css-loader/dist/cjs.js??ruleSet[1].rules[2].use[1]!./node_modules/postcss-loader/dist/cjs.js!./node_modules/sass-loader/dist/cjs.js??ruleSet[1].rules[2].use[3]!./src/main/resources/static/css/style.scss)
Module Warning (from ./node_modules/sass-loader/dist/cjs.js):
27 repetitive deprecation warnings omitted.
Run in verbose mode to see all warnings.
 @ ./src/main/resources/static/css/style.scss 8:6-275 20:17-24 25:22-29 25:33-47 25:50-64 24:0-245 24:0-245
 @ ./src/main/js/main.js 10:0-44

WARNING in asset size limit: The following asset(s) exceed the recommended size limit (244 KiB).
This can impact web performance.
Assets: 
  main.8efb7516d4b8eda76689.bundle.js (2.33 MiB)
    Largest modules: ./node_modules/chart.js/dist/Chart.js (433 KiB), ./node_modules/react-bootstrap/es/index.js + 150 modules (415 KiB), ./node_modules/moment/moment.js (179 KiB)

WARNING in entrypoint size limit: The following entrypoint(s) combined asset size exceeds the recommended limit (244 KiB). This can impact web performance.
Entrypoints:
  main (2.33 MiB)
      main.8efb7516d4b8eda76689.bundle.js

WARNING in webpack performance recommendations: 
You can limit the size of your bundles by using import() or require.ensure to lazy load some parts of your application.
For more info visit https://webpack.js.org/guides/code-splitting/

webpack 5.111.1 compiled with 9 warnings in 10059 ms
