
> gakusei@2.1.1 precompile
> npm run preflight && npm run prepare:assets


> gakusei@2.1.1 preflight
> node scripts/preflight.js


> gakusei@2.1.1 prepare:assets
> node scripts/updateVersionFromMavenPom.js && node scripts/generateFrontendLicenses.js && node scripts/copyBootstrap.js

dummy package.json dependencies written to frontend_licenses.json: 0.117ms

> gakusei@2.1.1 compile
> webpack --mode development

asset main.bundle.js 7.09 MiB [emitted] (name: main) 1 related asset
asset ../../templates/index.html 609 bytes [compared for emit]
runtime modules 1.97 KiB 9 modules
orphan modules 2.48 KiB [orphan] 3 modules
modules by path ./node_modules/ 5.43 MiB
  javascript modules 5.37 MiB 1426 modules
  json modules 62.9 KiB 9 modules
modules by path ./src/main/ 498 KiB
  modules by path ./src/main/js/screens/app/ 316 KiB 37 modules
  modules by path ./src/main/js/shared/ 111 KiB 10 modules
  modules by path ./src/main/resources/ 57.7 KiB 6 modules
  modules by path ./src/main/js/*.js 12.6 KiB 3 modules
./vendor/react-toggle-button/lib/index.js 49.8 KiB [built] [code generated]
readable-stream (ignored) 15 bytes [built] [code generated]
util (ignored) 15 bytes [built] [code generated]
util (ignored) 15 bytes [built] [code generated]

WARNING in ./src/main/js/screens/app/AppScreen.js 27:0-48
export 'AppProvider' (imported as 'AppProvider') was not found in '../../AppProvider' (possible exports: default)
 @ ./src/main/js/screens/app/index.js 8:0-36 9:15-24
 @ ./src/main/js/AppProvider.js 30:0-38 45:35-44
 @ ./src/main/js/main.js 11:0-40 24:91-102

WARNING in ./src/main/resources/static/css/style.scss (./node_modules/css-loader/dist/cjs.js??ruleSet[1].rules[1].use[1]!./node_modules/postcss-loader/dist/cjs.js!./node_modules/sass-loader/dist/cjs.js??ruleSet[1].rules[1].use[3]!./src/main/resources/static/css/style.scss)
Module Warning (from ./node_modules/sass-loader/dist/cjs.js):
Deprecation Warning on line 2, column 8 of file:///Users/pierresandboge/bin/slay/daigaku/rigs/gakusei/worktrees/gaku-5m7/src/main/resources/static/css/style.scss:2:8:
Sass @import rules are deprecated and will be removed in Dart Sass 3.0.0.

More info and automated migrator: https://sass-lang.com/d/import

2 | @import 'elements/_base.scss';


src/main/resources/static/css/style.scss 3:9  root stylesheet
 @ ./src/main/resources/static/css/style.scss 8:6-275 20:17-24 25:22-29 25:33-47 25:50-64 24:0-245 24:0-245
 @ ./src/main/js/main.js 10:0-44

WARNING in ./src/main/resources/static/css/style.scss (./node_modules/css-loader/dist/cjs.js??ruleSet[1].rules[1].use[1]!./node_modules/postcss-loader/dist/cjs.js!./node_modules/sass-loader/dist/cjs.js??ruleSet[1].rules[1].use[3]!./src/main/resources/static/css/style.scss)
Module Warning (from ./node_modules/sass-loader/dist/cjs.js):
Deprecation Warning on line 4, column 8 of file:///Users/pierresandboge/bin/slay/daigaku/rigs/gakusei/worktrees/gaku-5m7/src/main/resources/static/css/style.scss:4:8:
Sass @import rules are deprecated and will be removed in Dart Sass 3.0.0.

More info and automated migrator: https://sass-lang.com/d/import

4 | @import 'components/_about-features.scss';


src/main/resources/static/css/style.scss 5:9  root stylesheet
 @ ./src/main/resources/static/css/style.scss 8:6-275 20:17-24 25:22-29 25:33-47 25:50-64 24:0-245 24:0-245
 @ ./src/main/js/main.js 10:0-44

WARNING in ./src/main/resources/static/css/style.scss (./node_modules/css-loader/dist/cjs.js??ruleSet[1].rules[1].use[1]!./node_modules/postcss-loader/dist/cjs.js!./node_modules/sass-loader/dist/cjs.js??ruleSet[1].rules[1].use[3]!./src/main/resources/static/css/style.scss)
Module Warning (from ./node_modules/sass-loader/dist/cjs.js):
Deprecation Warning on line 5, column 8 of file:///Users/pierresandboge/bin/slay/daigaku/rigs/gakusei/worktrees/gaku-5m7/src/main/resources/static/css/style.scss:5:8:
Sass @import rules are deprecated and will be removed in Dart Sass 3.0.0.

More info and automated migrator: https://sass-lang.com/d/import

5 | @import 'components/_answer-button.scss';


src/main/resources/static/css/style.scss 6:9  root stylesheet
 @ ./src/main/resources/static/css/style.scss 8:6-275 20:17-24 25:22-29 25:33-47 25:50-64 24:0-245 24:0-245
 @ ./src/main/js/main.js 10:0-44

WARNING in ./src/main/resources/static/css/style.scss (./node_modules/css-loader/dist/cjs.js??ruleSet[1].rules[1].use[1]!./node_modules/postcss-loader/dist/cjs.js!./node_modules/sass-loader/dist/cjs.js??ruleSet[1].rules[1].use[3]!./src/main/resources/static/css/style.scss)
Module Warning (from ./node_modules/sass-loader/dist/cjs.js):
Deprecation Warning on line 6, column 8 of file:///Users/pierresandboge/bin/slay/daigaku/rigs/gakusei/worktrees/gaku-5m7/src/main/resources/static/css/style.scss:6:8:
Sass @import rules are deprecated and will be removed in Dart Sass 3.0.0.

More info and automated migrator: https://sass-lang.com/d/import

6 | @import 'components/_copyright-information.scss';


src/main/resources/static/css/style.scss 7:9  root stylesheet
 @ ./src/main/resources/static/css/style.scss 8:6-275 20:17-24 25:22-29 25:33-47 25:50-64 24:0-245 24:0-245
 @ ./src/main/js/main.js 10:0-44

WARNING in ./src/main/resources/static/css/style.scss (./node_modules/css-loader/dist/cjs.js??ruleSet[1].rules[1].use[1]!./node_modules/postcss-loader/dist/cjs.js!./node_modules/sass-loader/dist/cjs.js??ruleSet[1].rules[1].use[3]!./src/main/resources/static/css/style.scss)
Module Warning (from ./node_modules/sass-loader/dist/cjs.js):
Deprecation Warning on line 7, column 8 of file:///Users/pierresandboge/bin/slay/daigaku/rigs/gakusei/worktrees/gaku-5m7/src/main/resources/static/css/style.scss:7:8:
Sass @import rules are deprecated and will be removed in Dart Sass 3.0.0.

More info and automated migrator: https://sass-lang.com/d/import

7 | @import 'components/_exercise.scss';


src/main/resources/static/css/style.scss 8:9  root stylesheet
 @ ./src/main/resources/static/css/style.scss 8:6-275 20:17-24 25:22-29 25:33-47 25:50-64 24:0-245 24:0-245
 @ ./src/main/js/main.js 10:0-44

WARNING in ./src/main/resources/static/css/style.scss (./node_modules/css-loader/dist/cjs.js??ruleSet[1].rules[1].use[1]!./node_modules/postcss-loader/dist/cjs.js!./node_modules/sass-loader/dist/cjs.js??ruleSet[1].rules[1].use[3]!./src/main/resources/static/css/style.scss)
Module Warning (from ./node_modules/sass-loader/dist/cjs.js):
27 repetitive deprecation warnings omitted.
Run in verbose mode to see all warnings.
 @ ./src/main/resources/static/css/style.scss 8:6-275 20:17-24 25:22-29 25:33-47 25:50-64 24:0-245 24:0-245
 @ ./src/main/js/main.js 10:0-44

webpack 5.111.1 compiled with 7 warnings in 1664 ms
