 Container gakusei-local-reset-proof-postgres-1  Stopping
 Container gakusei-local-reset-proof-postgres-1  Stopped
 Container gakusei-local-reset-proof-postgres-1  Removing
 Container gakusei-local-reset-proof-postgres-1  Removed
 Network gakusei-local-reset-proof_default  Removing
 Volume gakusei-local-reset-proof_postgres-data  Removing
 Volume gakusei-local-reset-proof_postgres-data  Removed
 Network gakusei-local-reset-proof_default  Removed
 Network gakusei-local-reset-proof_default  Creating
 Network gakusei-local-reset-proof_default  Created
 Volume "gakusei-local-reset-proof_postgres-data"  Creating
 Volume "gakusei-local-reset-proof_postgres-data"  Created
 Container gakusei-local-reset-proof-postgres-1  Creating
 Container gakusei-local-reset-proof-postgres-1  Created
 Container gakusei-local-reset-proof-postgres-1  Starting
 Container gakusei-local-reset-proof-postgres-1  Started
 Container gakusei-local-reset-proof-postgres-1  Waiting
 Container gakusei-local-reset-proof-postgres-1  Healthy
 users_removed | seed_removed 
---------------+--------------
 t             | t
(1 row)

