npm warn deprecated readdir-scoped-modules@1.1.0: This functionality has been moved to @npmcli/fs
npm warn deprecated osenv@0.1.5: This package is no longer supported.
npm warn deprecated inflight@1.0.6: This module is not supported, and leaks memory. Do not use it. Check out lru-cache if you want a good and tested way to coalesce async requests by a key value, which is much more comprehensive and powerful.
npm warn deprecated debuglog@1.0.1: Package no longer supported. Contact Support at https://www.npmjs.com/support for more info.
npm warn deprecated source-map-url@0.4.1: See https://github.com/lydell/source-map-url#deprecated
npm warn deprecated read-package-json@2.1.2: This package is no longer supported. Please use @npmcli/package-json instead.
npm warn deprecated content-type-parser@1.0.2: Use whatwg-mimetype instead
npm warn deprecated babel-preset-es2015@6.24.1: 🙌  Thanks for using Babel: we recommend using babel-preset-env now: please read https://babeljs.io/env to update!
npm warn deprecated rimraf@2.6.3: Rimraf versions prior to v4 are no longer supported
npm warn deprecated urix@0.1.0: Please see https://github.com/lydell/urix#deprecated
npm warn deprecated lodash.template@4.18.1: This package is deprecated. Use https://socket.dev/npm/package/eta instead.
npm warn deprecated resolve-url@0.2.1: https://github.com/lydell/resolve-url#deprecated
npm warn deprecated @fortawesome/react-fontawesome@0.0.18: v0.0.x is no longer supported. Please update to v3.1.1 or greater.
npm warn deprecated whatwg-encoding@3.1.1: Use @exodus/bytes instead for a more spec-conformant and faster implementation
npm warn deprecated har-validator@5.1.5: this library is no longer supported
npm warn deprecated glob@7.2.3: Old versions of glob are not supported, and contain widely publicized security vulnerabilities, which have been fixed in the current version. Please update. Support for old versions may be purchased (at exorbitant rates) by contacting i@izs.me
npm warn deprecated abab@1.0.4: Use your platform's native atob() and btoa() methods instead
npm warn deprecated glob@5.0.15: Old versions of glob are not supported, and contain widely publicized security vulnerabilities, which have been fixed in the current version. Please update. Support for old versions may be purchased (at exorbitant rates) by contacting i@izs.me
npm warn deprecated whatwg-encoding@1.0.5: Use @exodus/bytes instead for a more spec-conformant and faster implementation
npm warn deprecated source-map-resolve@0.5.3: See https://github.com/lydell/source-map-resolve#deprecated
npm warn deprecated @fortawesome/fontawesome@1.1.8: This package is deprecated. See https://git.io/fNCzJ for information about upgrading.
npm warn deprecated circular-json@0.3.3: CircularJSON is in maintenance only, flatted is its successor.
npm warn deprecated sane@1.7.0: some dependency vulnerabilities fixed, support for node < 10 dropped, and newer ECMAScript syntax/features added
npm warn deprecated fsevents@1.2.13: Upgrade to fsevents v2 to mitigate potential security issues
npm warn deprecated react-router-redux@5.0.0-alpha.9: This project is no longer maintained.
npm warn deprecated uuid@3.4.0: uuid@10 and below is no longer supported.  For ESM codebases, update to uuid@latest.  For CommonJS codebases, use uuid@11 (but be aware this version will likely be deprecated in 2028).
npm warn deprecated @sinonjs/text-encoding@0.7.3: Deprecated: no longer maintained and no longer used by Sinon packages. See
npm warn deprecated   https://github.com/sinonjs/nise/issues/243 for replacement details.
npm warn deprecated request@2.88.2: request has been deprecated, see https://github.com/request/request/issues/3142
npm warn deprecated read-installed@4.0.3: This package is no longer supported.
npm warn deprecated uuid@8.3.2: uuid@10 and below is no longer supported.  For ESM codebases, update to uuid@latest.  For CommonJS codebases, use uuid@11 (but be aware this version will likely be deprecated in 2028).
npm warn deprecated istanbul@0.4.5: This module is no longer maintained, try this instead:
npm warn deprecated   npm i nyc
npm warn deprecated Visit https://istanbul.js.org/integrations for other alternatives.
npm warn deprecated glob@10.5.0: Old versions of glob are not supported, and contain widely publicized security vulnerabilities, which have been fixed in the current version. Please update. Support for old versions may be purchased (at exorbitant rates) by contacting i@izs.me
npm warn deprecated bootstrap@3.3.7: This version of Bootstrap is no longer supported. Please upgrade to the latest version.
npm warn deprecated sinon@7.5.0: 16.1.1
npm warn deprecated @fortawesome/fontawesome-free-solid@5.0.13: This package is deprecated. See https://git.io/fNCzJ for information about upgrading.
npm warn deprecated eslint@2.13.1: This version is no longer supported. Please see https://eslint.org/version-support for other options.
npm warn deprecated core-js@1.2.7: core-js@<3.23.3 is no longer maintained and not recommended for usage due to the number of issues. Because of the V8 engine whims, feature detection in old core-js versions could cause a slowdown up to 100x even if nothing is polyfilled. Some versions have web compatibility issues. Please, upgrade your dependencies to the actual version of core-js.
npm warn deprecated core-js@2.6.12: core-js@<3.23.3 is no longer maintained and not recommended for usage due to the number of issues. Because of the V8 engine whims, feature detection in old core-js versions could cause a slowdown up to 100x even if nothing is polyfilled. Some versions have web compatibility issues. Please, upgrade your dependencies to the actual version of core-js.

> gakusei@2.1.1 preinstall
> npm run preflight


> gakusei@2.1.1 preflight
> node scripts/preflight.js


added 1628 packages, and audited 1630 packages in 11s

243 packages are looking for funding
  run `npm fund` for details

found 0 vulnerabilities
npm warn install-scripts 6 packages have install scripts not yet covered by allowScripts:
npm warn install-scripts   @parcel/watcher@2.6.0 (install: node scripts/build-from-source.js)
npm warn install-scripts   core-js@2.6.12 (postinstall: node -e "try{require('./postinstall')}catch(e){}")
npm warn install-scripts   core-js-pure@3.50.0 (postinstall: node -e "try{require('./postinstall')}catch(e){}")
npm warn install-scripts   es5-ext@0.10.64 (postinstall:  node -e "try{require('./_postinstall')}catch(e){}" || exit 0)
npm warn install-scripts   fsevents@1.2.13 (install: node install.js)
npm warn install-scripts   fsevents@2.3.3 (install: (install scripts present))
npm warn install-scripts
npm warn install-scripts Run `npm install-scripts ls` to review, or `npm install-scripts approve <pkg>` to allow.
