Picked up JAVA_TOOL_OPTIONS: -Djava.net.preferIPv4Stack=true
[INFO] Scanning for projects...
[INFO] 
[INFO] ----------------------< se.kits.gakusei:gakusei >-----------------------
[INFO] Building gakusei 2.1.1
[INFO]   from pom.xml
[INFO] --------------------------------[ jar ]---------------------------------
[WARNING] 1 problem was encountered while building the effective model for org.javassist:javassist:jar:3.20.0-GA during dependency collection step for project (use -X to see details)
[INFO] 
[INFO] --- clean:3.2.0:clean (default-clean) @ gakusei ---
[INFO] Deleting /Users/pierresandboge/bin/slay/daigaku/rigs/gakusei/worktrees/gaku-5m7/target
[INFO] 
[INFO] --- exec:3.5.0:exec (verify-grammar-provenance) @ gakusei ---
/Users/pierresandboge/.m2/repository/com/github/psandboge/japanese-grammar-utils/1.0.0/japanese-grammar-utils-1.0.0.jar: OK
/Users/pierresandboge/.m2/repository/com/github/psandboge/japanese-grammar-utils/1.0.0/japanese-grammar-utils-1.0.0.pom: OK
[INFO] 
[INFO] --- enforcer:3.6.2:enforce (toolchain) @ gakusei ---
[INFO] Rule 0: org.apache.maven.enforcer.rules.version.RequireJavaVersion passed
[INFO] Rule 1: org.apache.maven.enforcer.rules.version.RequireMavenVersion passed
[INFO] 
[INFO] --- license:1.10:download-licenses (download-licenses) @ gakusei ---
[WARNING] Offline flag is on, download-licenses goal is skip.
[INFO] 
[INFO] --- frontend:1.15.4:install-node-and-npm (install node and npm) @ gakusei ---
[INFO] Node v24.21.0 is already installed.
[INFO] NPM 11.19.0 is already installed.
[INFO] 
[INFO] --- frontend:1.15.4:npm (npm install) @ gakusei ---
[INFO] Running 'npm ci' in /Users/pierresandboge/bin/slay/daigaku/rigs/gakusei/worktrees/gaku-5m7
[INFO] npm warn deprecated readdir-scoped-modules@1.1.0: This functionality has been moved to @npmcli/fs
[INFO] npm warn deprecated osenv@0.1.5: This package is no longer supported.
[INFO] npm warn deprecated inflight@1.0.6: This module is not supported, and leaks memory. Do not use it. Check out lru-cache if you want a good and tested way to coalesce async requests by a key value, which is much more comprehensive and powerful.
[INFO] npm warn deprecated debuglog@1.0.1: Package no longer supported. Contact Support at https://www.npmjs.com/support for more info.
[INFO] npm warn deprecated source-map-url@0.4.1: See https://github.com/lydell/source-map-url#deprecated
[INFO] npm warn deprecated read-package-json@2.1.2: This package is no longer supported. Please use @npmcli/package-json instead.
[INFO] npm warn deprecated content-type-parser@1.0.2: Use whatwg-mimetype instead
[INFO] npm warn deprecated babel-preset-es2015@6.24.1: 🙌  Thanks for using Babel: we recommend using babel-preset-env now: please read https://babeljs.io/env to update!
[INFO] npm warn deprecated rimraf@2.6.3: Rimraf versions prior to v4 are no longer supported
[INFO] npm warn deprecated urix@0.1.0: Please see https://github.com/lydell/urix#deprecated
[INFO] npm warn deprecated lodash.template@4.18.1: This package is deprecated. Use https://socket.dev/npm/package/eta instead.
[INFO] npm warn deprecated resolve-url@0.2.1: https://github.com/lydell/resolve-url#deprecated
[INFO] npm warn deprecated @fortawesome/react-fontawesome@0.0.18: v0.0.x is no longer supported. Please update to v3.1.1 or greater.
[INFO] npm warn deprecated whatwg-encoding@3.1.1: Use @exodus/bytes instead for a more spec-conformant and faster implementation
[INFO] npm warn deprecated har-validator@5.1.5: this library is no longer supported
[INFO] npm warn deprecated glob@7.2.3: Old versions of glob are not supported, and contain widely publicized security vulnerabilities, which have been fixed in the current version. Please update. Support for old versions may be purchased (at exorbitant rates) by contacting i@izs.me
[INFO] npm warn deprecated abab@1.0.4: Use your platform's native atob() and btoa() methods instead
[INFO] npm warn deprecated glob@5.0.15: Old versions of glob are not supported, and contain widely publicized security vulnerabilities, which have been fixed in the current version. Please update. Support for old versions may be purchased (at exorbitant rates) by contacting i@izs.me
[INFO] npm warn deprecated whatwg-encoding@1.0.5: Use @exodus/bytes instead for a more spec-conformant and faster implementation
[INFO] npm warn deprecated source-map-resolve@0.5.3: See https://github.com/lydell/source-map-resolve#deprecated
[INFO] npm warn deprecated @fortawesome/fontawesome@1.1.8: This package is deprecated. See https://git.io/fNCzJ for information about upgrading.
[INFO] npm warn deprecated circular-json@0.3.3: CircularJSON is in maintenance only, flatted is its successor.
[INFO] npm warn deprecated sane@1.7.0: some dependency vulnerabilities fixed, support for node < 10 dropped, and newer ECMAScript syntax/features added
[INFO] npm warn deprecated fsevents@1.2.13: Upgrade to fsevents v2 to mitigate potential security issues
[INFO] npm warn deprecated react-router-redux@5.0.0-alpha.9: This project is no longer maintained.
[INFO] npm warn deprecated uuid@3.4.0: uuid@10 and below is no longer supported.  For ESM codebases, update to uuid@latest.  For CommonJS codebases, use uuid@11 (but be aware this version will likely be deprecated in 2028).
[INFO] npm warn deprecated @sinonjs/text-encoding@0.7.3: Deprecated: no longer maintained and no longer used by Sinon packages. See
[INFO] npm warn deprecated   https://github.com/sinonjs/nise/issues/243 for replacement details.
[INFO] npm warn deprecated request@2.88.2: request has been deprecated, see https://github.com/request/request/issues/3142
[INFO] npm warn deprecated read-installed@4.0.3: This package is no longer supported.
[INFO] npm warn deprecated uuid@8.3.2: uuid@10 and below is no longer supported.  For ESM codebases, update to uuid@latest.  For CommonJS codebases, use uuid@11 (but be aware this version will likely be deprecated in 2028).
[INFO] npm warn deprecated istanbul@0.4.5: This module is no longer maintained, try this instead:
[INFO] npm warn deprecated   npm i nyc
[INFO] npm warn deprecated Visit https://istanbul.js.org/integrations for other alternatives.
[INFO] npm warn deprecated glob@10.5.0: Old versions of glob are not supported, and contain widely publicized security vulnerabilities, which have been fixed in the current version. Please update. Support for old versions may be purchased (at exorbitant rates) by contacting i@izs.me
[INFO] npm warn deprecated bootstrap@3.3.7: This version of Bootstrap is no longer supported. Please upgrade to the latest version.
[INFO] npm warn deprecated sinon@7.5.0: 16.1.1
[INFO] npm warn deprecated @fortawesome/fontawesome-free-solid@5.0.13: This package is deprecated. See https://git.io/fNCzJ for information about upgrading.
[INFO] npm warn deprecated eslint@2.13.1: This version is no longer supported. Please see https://eslint.org/version-support for other options.
[INFO] npm warn deprecated core-js@1.2.7: core-js@<3.23.3 is no longer maintained and not recommended for usage due to the number of issues. Because of the V8 engine whims, feature detection in old core-js versions could cause a slowdown up to 100x even if nothing is polyfilled. Some versions have web compatibility issues. Please, upgrade your dependencies to the actual version of core-js.
[INFO] npm warn deprecated core-js@2.6.12: core-js@<3.23.3 is no longer maintained and not recommended for usage due to the number of issues. Because of the V8 engine whims, feature detection in old core-js versions could cause a slowdown up to 100x even if nothing is polyfilled. Some versions have web compatibility issues. Please, upgrade your dependencies to the actual version of core-js.
[INFO] 
[INFO] > gakusei@2.1.1 preinstall
[INFO] > npm run preflight
[INFO] 
[INFO] 
[INFO] > gakusei@2.1.1 preflight
[INFO] > node scripts/preflight.js
[INFO] 
[INFO] 
[INFO] added 1628 packages in 16s
[INFO] 
[INFO] 243 packages are looking for funding
[INFO]   run `npm fund` for details
[INFO] npm warn install-scripts 6 packages have install scripts not yet covered by allowScripts:
[INFO] npm warn install-scripts   @parcel/watcher@2.6.0 (install: node scripts/build-from-source.js)
[INFO] npm warn install-scripts   core-js@2.6.12 (postinstall: node -e "try{require('./postinstall')}catch(e){}")
[INFO] npm warn install-scripts   core-js-pure@3.50.0 (postinstall: node -e "try{require('./postinstall')}catch(e){}")
[INFO] npm warn install-scripts   es5-ext@0.10.64 (postinstall:  node -e "try{require('./_postinstall')}catch(e){}" || exit 0)
[INFO] npm warn install-scripts   fsevents@1.2.13 (install: node install.js)
[INFO] npm warn install-scripts   fsevents@2.3.3 (install: (install scripts present))
[INFO] npm warn install-scripts
[INFO] npm warn install-scripts Run `npm install-scripts ls` to review, or `npm install-scripts approve <pkg>` to allow.
[INFO] 
[INFO] --- frontend:1.15.4:npm (npm compile:production) @ gakusei ---
[INFO] Running 'npm run compile:production' in /Users/pierresandboge/bin/slay/daigaku/rigs/gakusei/worktrees/gaku-5m7
[INFO] 
[INFO] > gakusei@2.1.1 precompile:production
[INFO] > npm run preflight && NODE_ENV=production npm run prepare:assets
[INFO] 
[INFO] 
[INFO] > gakusei@2.1.1 preflight
[INFO] > node scripts/preflight.js
[INFO] 
[INFO] 
[INFO] > gakusei@2.1.1 prepare:assets
[INFO] > node scripts/updateVersionFromMavenPom.js && node scripts/generateFrontendLicenses.js && node scripts/copyBootstrap.js
[INFO] 
[INFO] package.json dependencies written to frontend_licenses.json: 3.572s
[INFO] 
[INFO] > gakusei@2.1.1 compile:production
[INFO] > webpack --mode production
[INFO] 
[INFO] assets by status 2.13 MiB [cached] 1 asset
[INFO] asset ../../templates/index.html 457 bytes [compared for emit] [minimized]
[INFO] orphan modules 1.26 MiB [orphan] 367 modules
[INFO] runtime modules 2.72 KiB 10 modules
[INFO] javascript modules 4.97 MiB
[INFO]   modules by path ./node_modules/ 3.65 MiB 1109 modules
[INFO]   modules by path ./src/main/ 1.27 MiB
[INFO]     ./src/main/js/main.js + 350 modules 1.25 MiB [built] [code generated]
[INFO]     ./node_modules/css-loader/dist/cjs.js??ruleSet[1].rules[2].use[1]!./node_modules/postcss-loader/dist/cjs.js!./node_modules/sass-loader/dist/cjs.js??ruleSet[1].rules[2].use[3]!./src/main/resources/static/css/style.scss 16.5 KiB [built] [code generated] [6 warnings]
[INFO]   + 4 modules
[INFO] json modules 62.9 KiB
[INFO]   modules by path ./node_modules/sanitize-html-react/node_modules/dom-serializer/ 32.8 KiB
[INFO]     ./node_modules/sanitize-html-react/node_modules/dom-serializer/foreignNames.json 2.79 KiB [built] [code generated]
[INFO]     + 4 modules
[INFO]   modules by path ./node_modules/sanitize-html-react/node_modules/entities/ 30 KiB
[INFO]     ./node_modules/sanitize-html-react/node_modules/entities/maps/entities.json 28.4 KiB [built] [code generated]
[INFO]     + 3 modules
[INFO] 
[INFO] WARNING in ./src/main/resources/static/css/style.scss (./node_modules/css-loader/dist/cjs.js??ruleSet[1].rules[2].use[1]!./node_modules/postcss-loader/dist/cjs.js!./node_modules/sass-loader/dist/cjs.js??ruleSet[1].rules[2].use[3]!./src/main/resources/static/css/style.scss)
[INFO] Module Warning (from ./node_modules/sass-loader/dist/cjs.js):
[INFO] Deprecation Warning on line 2, column 8 of file:///Users/pierresandboge/bin/slay/daigaku/rigs/gakusei/worktrees/gaku-5m7/src/main/resources/static/css/style.scss:2:8:
[INFO] Sass @import rules are deprecated and will be removed in Dart Sass 3.0.0.
[INFO] 
[INFO] More info and automated migrator: https://sass-lang.com/d/import
[INFO] 
[INFO] 2 | @import 'elements/_base.scss';
[INFO] 
[INFO] 
[INFO] src/main/resources/static/css/style.scss 3:9  root stylesheet
[INFO]  @ ./src/main/resources/static/css/style.scss 8:6-275 20:17-24 25:22-29 25:33-47 25:50-64 24:0-245 24:0-245
[INFO]  @ ./src/main/js/main.js 1:0-44
[INFO] 
[INFO] WARNING in ./src/main/resources/static/css/style.scss (./node_modules/css-loader/dist/cjs.js??ruleSet[1].rules[2].use[1]!./node_modules/postcss-loader/dist/cjs.js!./node_modules/sass-loader/dist/cjs.js??ruleSet[1].rules[2].use[3]!./src/main/resources/static/css/style.scss)
[INFO] Module Warning (from ./node_modules/sass-loader/dist/cjs.js):
[INFO] Deprecation Warning on line 4, column 8 of file:///Users/pierresandboge/bin/slay/daigaku/rigs/gakusei/worktrees/gaku-5m7/src/main/resources/static/css/style.scss:4:8:
[INFO] Sass @import rules are deprecated and will be removed in Dart Sass 3.0.0.
[INFO] 
[INFO] More info and automated migrator: https://sass-lang.com/d/import
[INFO] 
[INFO] 4 | @import 'components/_about-features.scss';
[INFO] 
[INFO] 
[INFO] src/main/resources/static/css/style.scss 5:9  root stylesheet
[INFO]  @ ./src/main/resources/static/css/style.scss 8:6-275 20:17-24 25:22-29 25:33-47 25:50-64 24:0-245 24:0-245
[INFO]  @ ./src/main/js/main.js 1:0-44
[INFO] 
[INFO] WARNING in ./src/main/resources/static/css/style.scss (./node_modules/css-loader/dist/cjs.js??ruleSet[1].rules[2].use[1]!./node_modules/postcss-loader/dist/cjs.js!./node_modules/sass-loader/dist/cjs.js??ruleSet[1].rules[2].use[3]!./src/main/resources/static/css/style.scss)
[INFO] Module Warning (from ./node_modules/sass-loader/dist/cjs.js):
[INFO] Deprecation Warning on line 5, column 8 of file:///Users/pierresandboge/bin/slay/daigaku/rigs/gakusei/worktrees/gaku-5m7/src/main/resources/static/css/style.scss:5:8:
[INFO] Sass @import rules are deprecated and will be removed in Dart Sass 3.0.0.
[INFO] 
[INFO] More info and automated migrator: https://sass-lang.com/d/import
[INFO] 
[INFO] 5 | @import 'components/_answer-button.scss';
[INFO] 
[INFO] 
[INFO] src/main/resources/static/css/style.scss 6:9  root stylesheet
[INFO]  @ ./src/main/resources/static/css/style.scss 8:6-275 20:17-24 25:22-29 25:33-47 25:50-64 24:0-245 24:0-245
[INFO]  @ ./src/main/js/main.js 1:0-44
[INFO] 
[INFO] WARNING in ./src/main/resources/static/css/style.scss (./node_modules/css-loader/dist/cjs.js??ruleSet[1].rules[2].use[1]!./node_modules/postcss-loader/dist/cjs.js!./node_modules/sass-loader/dist/cjs.js??ruleSet[1].rules[2].use[3]!./src/main/resources/static/css/style.scss)
[INFO] Module Warning (from ./node_modules/sass-loader/dist/cjs.js):
[INFO] Deprecation Warning on line 6, column 8 of file:///Users/pierresandboge/bin/slay/daigaku/rigs/gakusei/worktrees/gaku-5m7/src/main/resources/static/css/style.scss:6:8:
[INFO] Sass @import rules are deprecated and will be removed in Dart Sass 3.0.0.
[INFO] 
[INFO] More info and automated migrator: https://sass-lang.com/d/import
[INFO] 
[INFO] 6 | @import 'components/_copyright-information.scss';
[INFO] 
[INFO] 
[INFO] src/main/resources/static/css/style.scss 7:9  root stylesheet
[INFO]  @ ./src/main/resources/static/css/style.scss 8:6-275 20:17-24 25:22-29 25:33-47 25:50-64 24:0-245 24:0-245
[INFO]  @ ./src/main/js/main.js 1:0-44
[INFO] 
[INFO] WARNING in ./src/main/resources/static/css/style.scss (./node_modules/css-loader/dist/cjs.js??ruleSet[1].rules[2].use[1]!./node_modules/postcss-loader/dist/cjs.js!./node_modules/sass-loader/dist/cjs.js??ruleSet[1].rules[2].use[3]!./src/main/resources/static/css/style.scss)
[INFO] Module Warning (from ./node_modules/sass-loader/dist/cjs.js):
[INFO] Deprecation Warning on line 7, column 8 of file:///Users/pierresandboge/bin/slay/daigaku/rigs/gakusei/worktrees/gaku-5m7/src/main/resources/static/css/style.scss:7:8:
[INFO] Sass @import rules are deprecated and will be removed in Dart Sass 3.0.0.
[INFO] 
[INFO] More info and automated migrator: https://sass-lang.com/d/import
[INFO] 
[INFO] 7 | @import 'components/_exercise.scss';
[INFO] 
[INFO] 
[INFO] src/main/resources/static/css/style.scss 8:9  root stylesheet
[INFO]  @ ./src/main/resources/static/css/style.scss 8:6-275 20:17-24 25:22-29 25:33-47 25:50-64 24:0-245 24:0-245
[INFO]  @ ./src/main/js/main.js 1:0-44
[INFO] 
[INFO] WARNING in ./src/main/resources/static/css/style.scss (./node_modules/css-loader/dist/cjs.js??ruleSet[1].rules[2].use[1]!./node_modules/postcss-loader/dist/cjs.js!./node_modules/sass-loader/dist/cjs.js??ruleSet[1].rules[2].use[3]!./src/main/resources/static/css/style.scss)
[INFO] Module Warning (from ./node_modules/sass-loader/dist/cjs.js):
[INFO] 27 repetitive deprecation warnings omitted.
[INFO] Run in verbose mode to see all warnings.
[INFO]  @ ./src/main/resources/static/css/style.scss 8:6-275 20:17-24 25:22-29 25:33-47 25:50-64 24:0-245 24:0-245
[INFO]  @ ./src/main/js/main.js 1:0-44
[INFO] 
[INFO] WARNING in asset size limit: The following asset(s) exceed the recommended size limit (244 KiB).
[INFO] This can impact web performance.
[INFO] Assets: 
[INFO]   main.4eb90230d4a13c862717.bundle.js (2.13 MiB)
[INFO]     Largest modules: ./src/main/js/main.js + 350 modules (1.25 MiB), ./node_modules/chart.js/dist/Chart.js (433 KiB), ./node_modules/moment/moment.js (179 KiB)
[INFO] 
[INFO] WARNING in entrypoint size limit: The following entrypoint(s) combined asset size exceeds the recommended limit (244 KiB). This can impact web performance.
[INFO] Entrypoints:
[INFO]   main (2.13 MiB)
[INFO]       main.4eb90230d4a13c862717.bundle.js
[INFO] 
[INFO] WARNING in webpack performance recommendations: 
[INFO] You can limit the size of your bundles by using import() or require.ensure to lazy load some parts of your application.
[INFO] For more info visit https://webpack.js.org/guides/code-splitting/
[INFO] 
[INFO] webpack 5.111.1 compiled with 9 warnings in 12158 ms
[INFO] 
[INFO] --- resources:3.2.0:resources (default-resources) @ gakusei ---
[INFO] Using 'UTF-8' encoding to copy filtered resources.
[INFO] Using 'UTF-8' encoding to copy filtered properties files.
[INFO] Copying 4 resources
[INFO] Copying 6917 resources
[INFO] 
[INFO] --- compiler:3.10.1:compile (default-compile) @ gakusei ---
[INFO] Changes detected - recompiling the module!
[INFO] Compiling 80 source files to /Users/pierresandboge/bin/slay/daigaku/rigs/gakusei/worktrees/gaku-5m7/target/classes
[INFO] /Users/pierresandboge/bin/slay/daigaku/rigs/gakusei/worktrees/gaku-5m7/src/main/java/se/kits/gakusei/controller/LessonController.java: Some input files use or override a deprecated API.
[INFO] /Users/pierresandboge/bin/slay/daigaku/rigs/gakusei/worktrees/gaku-5m7/src/main/java/se/kits/gakusei/controller/LessonController.java: Recompile with -Xlint:deprecation for details.
[INFO] /Users/pierresandboge/bin/slay/daigaku/rigs/gakusei/worktrees/gaku-5m7/src/main/java/se/kits/gakusei/init/DataInit.java: Some input files use unchecked or unsafe operations.
[INFO] /Users/pierresandboge/bin/slay/daigaku/rigs/gakusei/worktrees/gaku-5m7/src/main/java/se/kits/gakusei/init/DataInit.java: Recompile with -Xlint:unchecked for details.
[INFO] 
[INFO] --- resources:3.2.0:testResources (default-testResources) @ gakusei ---
[INFO] Using 'UTF-8' encoding to copy filtered resources.
[INFO] Using 'UTF-8' encoding to copy filtered properties files.
[INFO] skip non existing resourceDirectory /Users/pierresandboge/bin/slay/daigaku/rigs/gakusei/worktrees/gaku-5m7/src/test/resources
[INFO] 
[INFO] --- compiler:3.10.1:testCompile (default-testCompile) @ gakusei ---
[INFO] Changes detected - recompiling the module!
[INFO] Compiling 12 source files to /Users/pierresandboge/bin/slay/daigaku/rigs/gakusei/worktrees/gaku-5m7/target/test-classes
[INFO] /Users/pierresandboge/bin/slay/daigaku/rigs/gakusei/worktrees/gaku-5m7/src/test/java/se/kits/gakusei/controller/QuestionControllerTest.java: Some input files use or override a deprecated API.
[INFO] /Users/pierresandboge/bin/slay/daigaku/rigs/gakusei/worktrees/gaku-5m7/src/test/java/se/kits/gakusei/controller/QuestionControllerTest.java: Recompile with -Xlint:deprecation for details.
[INFO] /Users/pierresandboge/bin/slay/daigaku/rigs/gakusei/worktrees/gaku-5m7/src/test/java/se/kits/gakusei/util/KanjiHandlerTest.java: Some input files use unchecked or unsafe operations.
[INFO] /Users/pierresandboge/bin/slay/daigaku/rigs/gakusei/worktrees/gaku-5m7/src/test/java/se/kits/gakusei/util/KanjiHandlerTest.java: Recompile with -Xlint:unchecked for details.
[INFO] 
[INFO] --- surefire:2.22.2:test (default-test) @ gakusei ---
[INFO] 
[INFO] -------------------------------------------------------
[INFO]  T E S T S
[INFO] -------------------------------------------------------
21:03:57,545 |-INFO in ch.qos.logback.classic.LoggerContext[default] - Could NOT find resource [logback-test.xml]
21:03:57,545 |-INFO in ch.qos.logback.classic.LoggerContext[default] - Found resource [logback.xml] at [file:/Users/pierresandboge/bin/slay/daigaku/rigs/gakusei/worktrees/gaku-5m7/target/classes/logback.xml]
21:03:57,565 |-INFO in ch.qos.logback.classic.joran.action.ConfigurationAction - debug attribute not set
21:03:57,565 |-INFO in ch.qos.logback.core.joran.action.AppenderAction - About to instantiate appender of type [ch.qos.logback.core.ConsoleAppender]
21:03:57,566 |-INFO in ch.qos.logback.core.joran.action.AppenderAction - Naming appender as [STDOUT]
21:03:57,568 |-INFO in ch.qos.logback.core.joran.action.NestedComplexPropertyIA - Assuming default type [ch.qos.logback.classic.encoder.PatternLayoutEncoder] for [encoder] property
21:03:57,573 |-INFO in ch.qos.logback.core.joran.action.AppenderAction - About to instantiate appender of type [ch.qos.logback.core.rolling.RollingFileAppender]
21:03:57,575 |-INFO in ch.qos.logback.core.joran.action.AppenderAction - Naming appender as [FILE]
21:03:57,579 |-INFO in c.q.l.core.rolling.TimeBasedRollingPolicy@782505238 - No compression will be used
21:03:57,580 |-INFO in c.q.l.core.rolling.TimeBasedRollingPolicy@782505238 - Will use the pattern logs/logFile.%d{yyyy-MM-dd}.%i.html for the active file
21:03:57,581 |-INFO in ch.qos.logback.core.rolling.SizeAndTimeBasedFNATP@3a44431a - The date pattern is 'yyyy-MM-dd' from file name pattern 'logs/logFile.%d{yyyy-MM-dd}.%i.html'.
21:03:57,581 |-INFO in ch.qos.logback.core.rolling.SizeAndTimeBasedFNATP@3a44431a - Roll-over at midnight.
21:03:57,586 |-INFO in ch.qos.logback.core.rolling.SizeAndTimeBasedFNATP@3a44431a - Setting initial period to Sun Oct 04 21:03:15 CEST 2026
21:03:57,586 |-WARN in ch.qos.logback.core.rolling.SizeAndTimeBasedFNATP@3a44431a - SizeAndTimeBasedFNATP is deprecated. Use SizeAndTimeBasedRollingPolicy instead
21:03:57,586 |-WARN in ch.qos.logback.core.rolling.SizeAndTimeBasedFNATP@3a44431a - For more information see http://logback.qos.ch/manual/appenders.html#SizeAndTimeBasedRollingPolicy
21:03:57,588 |-INFO in ch.qos.logback.core.rolling.RollingFileAppender[FILE] - Active log file name: logs/logFile.html
21:03:57,588 |-INFO in ch.qos.logback.core.rolling.RollingFileAppender[FILE] - File property is set to [logs/logFile.html]
21:03:57,589 |-INFO in ch.qos.logback.classic.joran.action.RootLoggerAction - Setting level of ROOT logger to INFO
21:03:57,589 |-INFO in ch.qos.logback.core.joran.action.AppenderRefAction - Attaching appender named [STDOUT] to Logger[ROOT]
21:03:57,589 |-INFO in ch.qos.logback.core.joran.action.AppenderRefAction - Attaching appender named [FILE] to Logger[ROOT]
21:03:57,589 |-INFO in ch.qos.logback.classic.joran.action.ConfigurationAction - End of configuration.
21:03:57,589 |-INFO in ch.qos.logback.classic.joran.JoranConfigurator@3c7f66c4 - Registering current configuration as safe fallback point

21:03:57.626 [main] INFO  o.s.b.t.c.SpringBootTestContextBootstrapper - Neither @ContextConfiguration nor @ContextHierarchy found for test class [se.kits.gakusei.integration.LocalBaselineTest], using SpringBootContextLoader 
21:03:57.628 [main] INFO  o.s.t.c.s.AbstractContextLoader - Could not detect default resource locations for test class [se.kits.gakusei.integration.LocalBaselineTest]: no resource found for suffixes {-context.xml, Context.groovy}. 
21:03:57.628 [main] INFO  o.s.t.c.s.AnnotationConfigContextLoaderUtils - Could not detect default configuration classes for test class [se.kits.gakusei.integration.LocalBaselineTest]: LocalBaselineTest does not declare any static, non-private, non-final, nested classes annotated with @Configuration. 
21:03:57.678 [main] INFO  o.s.b.t.c.SpringBootTestContextBootstrapper - Found @SpringBootConfiguration se.kits.gakusei.GakuseiApplication for test class se.kits.gakusei.integration.LocalBaselineTest 
21:03:57.712 [main] INFO  o.s.b.t.c.SpringBootTestContextBootstrapper - Loaded default TestExecutionListener class names from location [META-INF/spring.factories]: [org.springframework.boot.test.mock.mockito.MockitoTestExecutionListener, org.springframework.boot.test.mock.mockito.ResetMocksTestExecutionListener, org.springframework.boot.test.autoconfigure.restdocs.RestDocsTestExecutionListener, org.springframework.boot.test.autoconfigure.web.client.MockRestServiceServerResetTestExecutionListener, org.springframework.boot.test.autoconfigure.web.servlet.MockMvcPrintOnlyOnFailureTestExecutionListener, org.springframework.boot.test.autoconfigure.web.servlet.WebDriverTestExecutionListener, org.springframework.boot.test.autoconfigure.webservices.client.MockWebServiceServerTestExecutionListener, org.springframework.test.context.web.ServletTestExecutionListener, org.springframework.test.context.support.DirtiesContextBeforeModesTestExecutionListener, org.springframework.test.context.event.ApplicationEventsTestExecutionListener, org.springframework.test.context.support.DependencyInjectionTestExecutionListener, org.springframework.test.context.support.DirtiesContextTestExecutionListener, org.springframework.test.context.transaction.TransactionalTestExecutionListener, org.springframework.test.context.jdbc.SqlScriptsTestExecutionListener, org.springframework.test.context.event.EventPublishingTestExecutionListener] 
21:03:57.719 [main] INFO  o.s.b.t.c.SpringBootTestContextBootstrapper - Using TestExecutionListeners: [org.springframework.test.context.web.ServletTestExecutionListener@6b98a075, org.springframework.test.context.support.DirtiesContextBeforeModesTestExecutionListener@2e61d218, org.springframework.test.context.event.ApplicationEventsTestExecutionListener@3569fc08, org.springframework.boot.test.mock.mockito.MockitoTestExecutionListener@20b12f8a, org.springframework.boot.test.autoconfigure.SpringBootDependencyInjectionTestExecutionListener@e84a8e1, org.springframework.test.context.support.DirtiesContextTestExecutionListener@2e554a3b, org.springframework.test.context.transaction.TransactionalTestExecutionListener@54a67a45, org.springframework.test.context.jdbc.SqlScriptsTestExecutionListener@7d42c224, org.springframework.test.context.event.EventPublishingTestExecutionListener@56aaaecd, org.springframework.boot.test.mock.mockito.ResetMocksTestExecutionListener@522a32b1, org.springframework.boot.test.autoconfigure.restdocs.RestDocsTestExecutionListener@35390ee3, org.springframework.boot.test.autoconfigure.web.client.MockRestServiceServerResetTestExecutionListener@5e01a982, org.springframework.boot.test.autoconfigure.web.servlet.MockMvcPrintOnlyOnFailureTestExecutionListener@5ddea849, org.springframework.boot.test.autoconfigure.web.servlet.WebDriverTestExecutionListener@5ee2b6f9, org.springframework.boot.test.autoconfigure.webservices.client.MockWebServiceServerTestExecutionListener@23d1e5d0] 
21:03:57.730 [main] INFO  o.s.b.t.c.SpringBootTestContextBootstrapper - Neither @ContextConfiguration nor @ContextHierarchy found for test class [se.kits.gakusei.integration.LocalBaselineTest], using SpringBootContextLoader 
21:03:57.731 [main] INFO  o.s.t.c.s.AbstractContextLoader - Could not detect default resource locations for test class [se.kits.gakusei.integration.LocalBaselineTest]: no resource found for suffixes {-context.xml, Context.groovy}. 
21:03:57.731 [main] INFO  o.s.t.c.s.AnnotationConfigContextLoaderUtils - Could not detect default configuration classes for test class [se.kits.gakusei.integration.LocalBaselineTest]: LocalBaselineTest does not declare any static, non-private, non-final, nested classes annotated with @Configuration. 
21:03:57.733 [main] INFO  o.s.b.t.c.SpringBootTestContextBootstrapper - Found @SpringBootConfiguration se.kits.gakusei.GakuseiApplication for test class se.kits.gakusei.integration.LocalBaselineTest 
21:03:57.734 [main] INFO  o.s.b.t.c.SpringBootTestContextBootstrapper - Loaded default TestExecutionListener class names from location [META-INF/spring.factories]: [org.springframework.boot.test.mock.mockito.MockitoTestExecutionListener, org.springframework.boot.test.mock.mockito.ResetMocksTestExecutionListener, org.springframework.boot.test.autoconfigure.restdocs.RestDocsTestExecutionListener, org.springframework.boot.test.autoconfigure.web.client.MockRestServiceServerResetTestExecutionListener, org.springframework.boot.test.autoconfigure.web.servlet.MockMvcPrintOnlyOnFailureTestExecutionListener, org.springframework.boot.test.autoconfigure.web.servlet.WebDriverTestExecutionListener, org.springframework.boot.test.autoconfigure.webservices.client.MockWebServiceServerTestExecutionListener, org.springframework.test.context.web.ServletTestExecutionListener, org.springframework.test.context.support.DirtiesContextBeforeModesTestExecutionListener, org.springframework.test.context.event.ApplicationEventsTestExecutionListener, org.springframework.test.context.support.DependencyInjectionTestExecutionListener, org.springframework.test.context.support.DirtiesContextTestExecutionListener, org.springframework.test.context.transaction.TransactionalTestExecutionListener, org.springframework.test.context.jdbc.SqlScriptsTestExecutionListener, org.springframework.test.context.event.EventPublishingTestExecutionListener] 
21:03:57.734 [main] INFO  o.s.b.t.c.SpringBootTestContextBootstrapper - Using TestExecutionListeners: [org.springframework.test.context.web.ServletTestExecutionListener@57ac5227, org.springframework.test.context.support.DirtiesContextBeforeModesTestExecutionListener@4ba302e0, org.springframework.test.context.event.ApplicationEventsTestExecutionListener@e98770d, org.springframework.boot.test.mock.mockito.MockitoTestExecutionListener@1ae67cad, org.springframework.boot.test.autoconfigure.SpringBootDependencyInjectionTestExecutionListener@2f6e28bc, org.springframework.test.context.support.DirtiesContextTestExecutionListener@7c098bb3, org.springframework.test.context.transaction.TransactionalTestExecutionListener@31e4bb20, org.springframework.test.context.jdbc.SqlScriptsTestExecutionListener@18cebaa5, org.springframework.test.context.event.EventPublishingTestExecutionListener@463b4ac8, org.springframework.boot.test.mock.mockito.ResetMocksTestExecutionListener@765f05af, org.springframework.boot.test.autoconfigure.restdocs.RestDocsTestExecutionListener@62f68dff, org.springframework.boot.test.autoconfigure.web.client.MockRestServiceServerResetTestExecutionListener@f001896, org.springframework.boot.test.autoconfigure.web.servlet.MockMvcPrintOnlyOnFailureTestExecutionListener@13f17eb4, org.springframework.boot.test.autoconfigure.web.servlet.WebDriverTestExecutionListener@1d0d6318, org.springframework.boot.test.autoconfigure.webservices.client.MockWebServiceServerTestExecutionListener@4bc28c33] 
[INFO] Running se.kits.gakusei.init.LocalSeedSafetyTest
21:03:58.027 [main] INFO  se.kits.gakusei.init.DataInit - Local sample seed v1 already applied; leaving persistent data unchanged 
[INFO] Tests run: 3, Failures: 0, Errors: 0, Skipped: 0, Time elapsed: 0.282 s - in se.kits.gakusei.init.LocalSeedSafetyTest
[INFO] Running se.kits.gakusei.util.KanjiHandlerTest
[INFO] Tests run: 3, Failures: 0, Errors: 0, Skipped: 0, Time elapsed: 0.003 s - in se.kits.gakusei.util.KanjiHandlerTest
[INFO] Running se.kits.gakusei.util.ProgressHandlerTest
[INFO] Tests run: 13, Failures: 0, Errors: 0, Skipped: 0, Time elapsed: 0.038 s - in se.kits.gakusei.util.ProgressHandlerTest
[INFO] Running se.kits.gakusei.util.QuestionHandlerTest
[INFO] Tests run: 5, Failures: 0, Errors: 0, Skipped: 0, Time elapsed: 0.001 s - in se.kits.gakusei.util.QuestionHandlerTest
[INFO] Running se.kits.gakusei.integration.LocalBaselineTest
21:03:58.126 [main] INFO  o.s.b.d.r.RestartApplicationListener - Restart disabled due to context in which it is running 

                                              ooooooooo     *ooooooooo*                                           
                                              ooooooooo     *ooooooooo*                                            
                                              ooooooooo     *ooooooooo*                                            
                                              ooooooooo     *ooooooooo*                                            
            oooooooooo                                      *ooooooooo*                                            
            oooooooooo                                      *ooooooooo*                                            
            oooooooooo                                      *ooooooooo*                                            
            oooooooooo                        ooooooooooooooooooooooooooooooo                                      
            oooooooooo                        ooooooooooooooooooooooooooooooo                                      
            oooooooooo                        ooooooooooooooooooooooooooooooo                                      
            oooooooooo                        ooooooooo:::::ooooooooooo::::::                                      
            oooooooooo        :oooooooooooo.  ooooooooo     *ooooooooo*                                            
            oooooooooo      :ooooooooooooo    ooooooooo     *ooooooooo*                                            
            oooooooooo    *oooooooooooo       ooooooooo     *ooooooooo*                                            
            oooooooooo  .ooooooooooooo        ooooooooo     *ooooooooo*                                            
            oooooooooo oooooooooooo           ooooooooo     *ooooooooo*                                            
            ooooooooooooooooooooo:            ooooooooo     *ooooooooo*                                            
            oooooooooooooooooooo              ooooooooo     *ooooooooo*                                            
            oooooooooooooooooooooo            ooooooooo     *ooooooooo*                                            
            ooooooooooooooooooooooo           ooooooooo     *ooooooooo*                                            
            oooooooooooooooooooooooo          ooooooooo     *oooooooooo       :ooooooooooooooooo:                  
            ooooooooooo:  *ooooooooooo        ooooooooo     .ooooooooooo.   ooooooooooooooooooooooo                
            oooooooooo     :ooooooooooo       ooooooooo      ooooooooooooooooooooooooooooooooooooooo*              
            oooooooooo      .ooooooooooo      ooooooooo      :ooooooooooooooooooooo         ooooooooo*             
            oooooooooo        ooooooooooo*    ooooooooo        ooooooooooooooooooo.          ooooooooo             
            oooooooooo         &ooooooooooo                              oooooooooo#                               
            oooooooooo          oooooooooooo                             oooooooooooooo:                           
            oooooooooo            ooooooooooo:                             ooooooooooooooooooooo:                  
            oooooooooo             ooooooooooo:                             *ooooooooooooooooooooooo               
                                                                                *oooooooooooooooooooo*             
                                                                                         :oooooooooooo:            
                                                                                             oooooooooo            
                                                                        ooooooooo             ooooooooo            
                                                                        *ooooooooo           :oooooooo:            
                                                                         :ooooooooooo:*..*:ooooooooooo             
                                                                           oooooooooooooooooooooooooo              
                                                                             ooooooooooooooooooooo:                
                                                                                 .*oooooooooo*.                    
:: Running Spring Boot 2.7.18 ::

21:03:58.265 [background-preinit] INFO  o.h.validator.internal.util.Version - HV000001: Hibernate Validator 6.2.5.Final 
21:03:58.278 [main] WARN  o.s.b.t.j.DuplicateJsonObjectContextCustomizerFactory$DuplicateJsonObjectContextCustomizer - 

Found multiple occurrences of org.json.JSONObject on the class path:

	jar:file:/Users/pierresandboge/.m2/repository/com/vaadin/external/google/android-json/0.0.20131108.vaadin1/android-json-0.0.20131108.vaadin1.jar!/org/json/JSONObject.class
	jar:file:/Users/pierresandboge/.m2/repository/org/json/json/20180813/json-20180813.jar!/org/json/JSONObject.class

You may wish to exclude one of them to ensure predictable runtime behavior
 
21:03:58.283 [main] INFO  s.k.g.integration.LocalBaselineTest - Starting LocalBaselineTest using Java 17.0.16 on Pierres-MacBook-Pro-2.local with PID 67624 (started by pierresandboge in /Users/pierresandboge/bin/slay/daigaku/rigs/gakusei/worktrees/gaku-5m7) 
21:03:58.283 [main] INFO  s.k.g.integration.LocalBaselineTest - The following 1 profile is active: "local" 
21:03:58.854 [main] INFO  o.s.d.r.c.RepositoryConfigurationDelegate - Bootstrapping Spring Data JPA repositories in DEFAULT mode. 
21:03:58.936 [main] INFO  o.s.d.r.c.RepositoryConfigurationDelegate - Finished Spring Data repository scanning in 69 ms. Found 20 JPA repository interfaces. 
21:03:59.678 [main] INFO  o.s.b.w.e.tomcat.TomcatWebServer - Tomcat initialized with port(s): 0 (http) 
21:03:59.685 [main] INFO  o.a.coyote.http11.Http11NioProtocol - Initializing ProtocolHandler ["http-nio-127.0.0.1-auto-1"] 
21:03:59.687 [main] INFO  o.a.catalina.core.StandardService - Starting service [Tomcat] 
21:03:59.687 [main] INFO  o.a.catalina.core.StandardEngine - Starting Servlet engine: [Apache Tomcat/9.0.83] 
21:03:59.884 [main] INFO  o.a.c.c.C.[Tomcat].[localhost].[/] - Initializing Spring embedded WebApplicationContext 
21:03:59.884 [main] INFO  o.s.b.w.s.c.ServletWebServerApplicationContext - Root WebApplicationContext: initialization completed in 1592 ms 
21:04:00.170 [main] INFO  o.h.jpa.internal.util.LogHelper - HHH000204: Processing PersistenceUnitInfo [name: default] 
21:04:00.202 [main] INFO  org.hibernate.Version - HHH000412: Hibernate ORM core version 5.6.15.Final 
21:04:00.279 [main] INFO  o.h.annotations.common.Version - HCANN000001: Hibernate Commons Annotations {5.1.2.Final} 
21:04:00.373 [main] INFO  com.zaxxer.hikari.HikariDataSource - HikariPool-1 - Starting... 
21:04:00.510 [main] INFO  com.zaxxer.hikari.HikariDataSource - HikariPool-1 - Start completed. 
21:04:00.524 [main] INFO  org.hibernate.dialect.Dialect - HHH000400: Using dialect: org.hibernate.dialect.H2Dialect 
21:04:00.954 [main] INFO  o.h.e.t.j.p.i.JtaPlatformInitiator - HHH000490: Using JtaPlatform implementation: [org.hibernate.engine.transaction.jta.platform.internal.NoJtaPlatform] 
21:04:00.966 [main] INFO  o.s.o.j.LocalContainerEntityManagerFactoryBean - Initialized JPA EntityManagerFactory for persistence unit 'default' 
21:04:01.137 [main] WARN  o.s.b.a.o.j.JpaBaseConfiguration$JpaWebConfiguration - spring.jpa.open-in-view is enabled by default. Therefore, database queries may be performed during view rendering. Explicitly configure spring.jpa.open-in-view to disable this warning 
21:04:02.382 [main] WARN  o.s.s.c.a.web.builders.WebSecurity - You are asking Spring Security to ignore Ant [pattern='/js/**']. This is not recommended -- please use permitAll via HttpSecurity#authorizeHttpRequests instead. 
21:04:02.383 [main] INFO  o.s.s.w.DefaultSecurityFilterChain - Will not secure Ant [pattern='/js/**'] 
21:04:02.460 [main] INFO  o.s.s.w.DefaultSecurityFilterChain - Will secure any request with [org.springframework.security.web.session.DisableEncodeUrlFilter@5b52ce28, org.springframework.security.web.context.request.async.WebAsyncManagerIntegrationFilter@5ec10ab1, org.springframework.security.web.context.SecurityContextPersistenceFilter@79a15001, org.springframework.security.web.header.HeaderWriterFilter@531bffd, org.springframework.security.web.authentication.logout.LogoutFilter@4a58d05d, org.springframework.security.web.authentication.UsernamePasswordAuthenticationFilter@25c6a9de, org.springframework.security.web.authentication.www.BasicAuthenticationFilter@250fc0d1, org.springframework.security.web.savedrequest.RequestCacheAwareFilter@157002b7, org.springframework.security.web.servletapi.SecurityContextHolderAwareRequestFilter@6f96d39f, org.springframework.security.web.authentication.rememberme.RememberMeAuthenticationFilter@808fa1, org.springframework.security.web.authentication.AnonymousAuthenticationFilter@6701fbf3, org.springframework.security.web.session.SessionManagementFilter@3e9c59ed, org.springframework.security.web.access.ExceptionTranslationFilter@1d7d2345, org.springframework.security.web.access.intercept.FilterSecurityInterceptor@2cb3bc0e] 
21:04:02.550 [main] WARN  o.s.d.r.c.m.RepositoryCollectionResourceMapping - @RestResource detected to customize the repository resource for se.kits.gakusei.user.repository.EventRepository! Use @RepositoryRestResource instead! 
21:04:02.551 [main] WARN  o.s.d.r.c.m.RepositoryCollectionResourceMapping - @RestResource detected to customize the repository resource for se.kits.gakusei.user.repository.UserRepository! Use @RepositoryRestResource instead! 
21:04:02.780 [main] INFO  o.s.b.a.w.s.WelcomePageHandlerMapping - Adding welcome page template: index 
21:04:03.234 [main] INFO  o.a.coyote.http11.Http11NioProtocol - Starting ProtocolHandler ["http-nio-127.0.0.1-auto-1"] 
21:04:03.295 [main] INFO  o.s.b.w.e.tomcat.TomcatWebServer - Tomcat started on port(s): 64815 (http) with context path '' 
21:04:03.304 [main] INFO  s.k.g.integration.LocalBaselineTest - Started LocalBaselineTest in 5.188 seconds (JVM running for 6.021) 
21:04:03.774 [main] INFO  se.kits.gakusei.init.DataInit - Loaded resource: testdata/testdata.json 
21:04:03.864 [main] INFO  se.kits.gakusei.init.DataInit - Loaded resource: testdata/testdata.json 
21:04:04.294 [main] INFO  se.kits.gakusei.init.DataInit - *** Data initialization was set on profile(s): [local] 
21:04:04.455 [http-nio-127.0.0.1-auto-1-exec-1] INFO  o.a.c.c.C.[Tomcat].[localhost].[/] - Initializing Spring DispatcherServlet 'dispatcherServlet' 
21:04:04.457 [http-nio-127.0.0.1-auto-1-exec-1] INFO  o.s.web.servlet.DispatcherServlet - Initializing Servlet 'dispatcherServlet' 
21:04:04.457 [http-nio-127.0.0.1-auto-1-exec-1] INFO  o.s.web.servlet.DispatcherServlet - Completed initialization in 0 ms 
21:04:07.259 [http-nio-127.0.0.1-auto-1-exec-2] INFO  o.s.api.AbstractOpenApiResource - Init duration for springdoc-openapi is: 1992 ms 
21:04:07.295 [main] INFO  o.s.t.c.t.TransactionContext - Began transaction (1) for test context [DefaultTestContext@19416b0f testClass = LocalBaselineTest, testInstance = se.kits.gakusei.integration.LocalBaselineTest@4bab64a2, testMethod = bundledSeedSupportsRealVocabularyAndRetentionQueries@LocalBaselineTest, testException = [null], mergedContextConfiguration = [WebMergedContextConfiguration@4a9e03b testClass = LocalBaselineTest, locations = '{}', classes = '{class se.kits.gakusei.GakuseiApplication}', contextInitializerClasses = '[]', activeProfiles = '{local}', propertySourceLocations = '{}', propertySourceProperties = '{org.springframework.boot.test.context.SpringBootTestContextBootstrapper=true, server.port=0}', contextCustomizers = set[org.springframework.boot.test.context.filter.ExcludeFilterContextCustomizer@2415fc55, org.springframework.boot.test.json.DuplicateJsonObjectContextCustomizerFactory$DuplicateJsonObjectContextCustomizer@cd1e646, org.springframework.boot.test.mock.mockito.MockitoContextCustomizer@0, org.springframework.boot.test.web.client.TestRestTemplateContextCustomizer@609bcfb6, org.springframework.boot.test.autoconfigure.actuate.metrics.MetricsExportContextCustomizerFactory$DisableMetricExportContextCustomizer@4ea5b703, org.springframework.boot.test.autoconfigure.properties.PropertyMappingContextCustomizer@0, org.springframework.boot.test.autoconfigure.web.servlet.WebDriverContextCustomizerFactory$Customizer@52815fa3, org.springframework.boot.test.context.SpringBootTestArgs@1, org.springframework.boot.test.context.SpringBootTestWebEnvironment@3ad83a66], resourceBasePath = 'src/main/webapp', contextLoader = 'org.springframework.boot.test.context.SpringBootContextLoader', parent = [null]], attributes = map['org.springframework.test.context.web.ServletTestExecutionListener.activateListener' -> false, 'org.springframework.test.context.event.ApplicationEventsTestExecutionListener.recordApplicationEvents' -> false]]; transaction manager [org.springframework.orm.jpa.JpaTransactionManager@3057a923]; rollback [true] 
21:04:07.360 [main] INFO  o.s.t.c.t.TransactionContext - Rolled back transaction for test: [DefaultTestContext@19416b0f testClass = LocalBaselineTest, testInstance = se.kits.gakusei.integration.LocalBaselineTest@4bab64a2, testMethod = bundledSeedSupportsRealVocabularyAndRetentionQueries@LocalBaselineTest, testException = [null], mergedContextConfiguration = [WebMergedContextConfiguration@4a9e03b testClass = LocalBaselineTest, locations = '{}', classes = '{class se.kits.gakusei.GakuseiApplication}', contextInitializerClasses = '[]', activeProfiles = '{local}', propertySourceLocations = '{}', propertySourceProperties = '{org.springframework.boot.test.context.SpringBootTestContextBootstrapper=true, server.port=0}', contextCustomizers = set[org.springframework.boot.test.context.filter.ExcludeFilterContextCustomizer@2415fc55, org.springframework.boot.test.json.DuplicateJsonObjectContextCustomizerFactory$DuplicateJsonObjectContextCustomizer@cd1e646, org.springframework.boot.test.mock.mockito.MockitoContextCustomizer@0, org.springframework.boot.test.web.client.TestRestTemplateContextCustomizer@609bcfb6, org.springframework.boot.test.autoconfigure.actuate.metrics.MetricsExportContextCustomizerFactory$DisableMetricExportContextCustomizer@4ea5b703, org.springframework.boot.test.autoconfigure.properties.PropertyMappingContextCustomizer@0, org.springframework.boot.test.autoconfigure.web.servlet.WebDriverContextCustomizerFactory$Customizer@52815fa3, org.springframework.boot.test.context.SpringBootTestArgs@1, org.springframework.boot.test.context.SpringBootTestWebEnvironment@3ad83a66], resourceBasePath = 'src/main/webapp', contextLoader = 'org.springframework.boot.test.context.SpringBootContextLoader', parent = [null]], attributes = map['org.springframework.test.context.web.ServletTestExecutionListener.activateListener' -> false, 'org.springframework.test.context.event.ApplicationEventsTestExecutionListener.recordApplicationEvents' -> false]] 
[INFO] Tests run: 2, Failures: 0, Errors: 0, Skipped: 0, Time elapsed: 9.274 s - in se.kits.gakusei.integration.LocalBaselineTest
[INFO] Running se.kits.gakusei.controller.KanjiControllerTest
[INFO] Tests run: 2, Failures: 0, Errors: 0, Skipped: 0, Time elapsed: 0.105 s - in se.kits.gakusei.controller.KanjiControllerTest
[INFO] Running se.kits.gakusei.controller.QuestionControllerTest
[INFO] Tests run: 2, Failures: 0, Errors: 0, Skipped: 0, Time elapsed: 0.064 s - in se.kits.gakusei.controller.QuestionControllerTest
[INFO] Running se.kits.gakusei.controller.CourseControllerTest
[INFO] Tests run: 8, Failures: 0, Errors: 0, Skipped: 0, Time elapsed: 0.084 s - in se.kits.gakusei.controller.CourseControllerTest
[INFO] Running se.kits.gakusei.controller.EventControllerTest
21:04:07.635 [main] INFO  s.k.g.controller.EventController - 2017-01-24 15:13:54.671 / testmode / testtype / testdata / testNuggetId / testname 
[INFO] Tests run: 2, Failures: 0, Errors: 0, Skipped: 0, Time elapsed: 0.011 s - in se.kits.gakusei.controller.EventControllerTest
[INFO] Running se.kits.gakusei.controller.QuizControllerTest
[INFO] Tests run: 6, Failures: 0, Errors: 0, Skipped: 0, Time elapsed: 0.09 s - in se.kits.gakusei.controller.QuizControllerTest
[INFO] Running se.kits.gakusei.controller.NuggetControllerTest
21:04:07.739 [main] INFO  s.k.g.controller.NuggetController - Get all nuggets took 0 ms 
21:04:07.740 [main] INFO  s.k.g.controller.NuggetController - Get all nuggets took 0 ms 
21:04:07.741 [main] INFO  s.k.g.controller.NuggetController - Get filtered nuggets took 1 ms 
21:04:07.741 [main] INFO  s.k.g.controller.NuggetController - Get filtered nuggets took 0 ms 
[INFO] Tests run: 2, Failures: 0, Errors: 0, Skipped: 0, Time elapsed: 0.012 s - in se.kits.gakusei.controller.NuggetControllerTest
21:04:07.802 [SpringApplicationShutdownHook] INFO  o.s.o.j.LocalContainerEntityManagerFactoryBean - Closing JPA EntityManagerFactory for persistence unit 'default' 
21:04:07.802 [SpringApplicationShutdownHook] INFO  o.h.t.s.i.SchemaDropperImpl$DelayedDropActionImpl - HHH000477: Starting delayed evictData of schema as part of SessionFactory shut-down' 
21:04:07.810 [SpringApplicationShutdownHook] INFO  com.zaxxer.hikari.HikariDataSource - HikariPool-1 - Shutdown initiated... 
21:04:07.811 [SpringApplicationShutdownHook] INFO  com.zaxxer.hikari.HikariDataSource - HikariPool-1 - Shutdown completed. 
[INFO] 
[INFO] Results:
[INFO] 
[INFO] Tests run: 48, Failures: 0, Errors: 0, Skipped: 0
[INFO] 
[INFO] 
[INFO] --- jar:3.2.2:jar (default-jar) @ gakusei ---
[INFO] Building jar: /Users/pierresandboge/bin/slay/daigaku/rigs/gakusei/worktrees/gaku-5m7/target/gakusei.jar
[INFO] 
[INFO] --- spring-boot:2.7.18:repackage (repackage) @ gakusei ---
[INFO] Replacing main artifact with repackaged archive
[INFO] ------------------------------------------------------------------------
[INFO] BUILD SUCCESS
[INFO] ------------------------------------------------------------------------
[INFO] Total time:  55.169 s
[INFO] Finished at: 2026-10-04T21:04:11+02:00
[INFO] ------------------------------------------------------------------------
