20:55:31,309 |-INFO in ch.qos.logback.classic.LoggerContext[default] - Could NOT find resource [logback-test.xml]
20:55:31,310 |-INFO in ch.qos.logback.classic.LoggerContext[default] - Found resource [logback.xml] at [jar:file:/Users/pierresandboge/bin/slay/daigaku/rigs/gakusei/worktrees/gaku-5m7/target/gakusei.jar!/BOOT-INF/classes!/logback.xml]
20:55:31,315 |-INFO in ch.qos.logback.core.joran.spi.ConfigurationWatchList@2c9f9fb0 - URL [jar:file:/Users/pierresandboge/bin/slay/daigaku/rigs/gakusei/worktrees/gaku-5m7/target/gakusei.jar!/BOOT-INF/classes!/logback.xml] is not of type file
20:55:31,333 |-INFO in ch.qos.logback.classic.joran.action.ConfigurationAction - debug attribute not set
20:55:31,334 |-INFO in ch.qos.logback.core.joran.action.AppenderAction - About to instantiate appender of type [ch.qos.logback.core.ConsoleAppender]
20:55:31,336 |-INFO in ch.qos.logback.core.joran.action.AppenderAction - Naming appender as [STDOUT]
20:55:31,338 |-INFO in ch.qos.logback.core.joran.action.NestedComplexPropertyIA - Assuming default type [ch.qos.logback.classic.encoder.PatternLayoutEncoder] for [encoder] property
20:55:31,353 |-INFO in ch.qos.logback.core.joran.action.AppenderAction - About to instantiate appender of type [ch.qos.logback.core.rolling.RollingFileAppender]
20:55:31,354 |-INFO in ch.qos.logback.core.joran.action.AppenderAction - Naming appender as [FILE]
20:55:31,358 |-INFO in c.q.l.core.rolling.TimeBasedRollingPolicy@546718765 - No compression will be used
20:55:31,358 |-INFO in c.q.l.core.rolling.TimeBasedRollingPolicy@546718765 - Will use the pattern logs/logFile.%d{yyyy-MM-dd}.%i.html for the active file
20:55:31,359 |-INFO in ch.qos.logback.core.rolling.SizeAndTimeBasedFNATP@9f70c54 - The date pattern is 'yyyy-MM-dd' from file name pattern 'logs/logFile.%d{yyyy-MM-dd}.%i.html'.
20:55:31,359 |-INFO in ch.qos.logback.core.rolling.SizeAndTimeBasedFNATP@9f70c54 - Roll-over at midnight.
20:55:31,362 |-INFO in ch.qos.logback.core.rolling.SizeAndTimeBasedFNATP@9f70c54 - Setting initial period to Sun Oct 04 20:55:00 CEST 2026
20:55:31,362 |-WARN in ch.qos.logback.core.rolling.SizeAndTimeBasedFNATP@9f70c54 - SizeAndTimeBasedFNATP is deprecated. Use SizeAndTimeBasedRollingPolicy instead
20:55:31,362 |-WARN in ch.qos.logback.core.rolling.SizeAndTimeBasedFNATP@9f70c54 - For more information see http://logback.qos.ch/manual/appenders.html#SizeAndTimeBasedRollingPolicy
20:55:31,365 |-INFO in ch.qos.logback.core.rolling.RollingFileAppender[FILE] - Active log file name: logs/logFile.html
20:55:31,365 |-INFO in ch.qos.logback.core.rolling.RollingFileAppender[FILE] - File property is set to [logs/logFile.html]
20:55:31,367 |-INFO in ch.qos.logback.classic.joran.action.RootLoggerAction - Setting level of ROOT logger to INFO
20:55:31,367 |-INFO in ch.qos.logback.core.joran.action.AppenderRefAction - Attaching appender named [STDOUT] to Logger[ROOT]
20:55:31,367 |-INFO in ch.qos.logback.core.joran.action.AppenderRefAction - Attaching appender named [FILE] to Logger[ROOT]
20:55:31,367 |-INFO in ch.qos.logback.classic.joran.action.ConfigurationAction - End of configuration.
20:55:31,367 |-INFO in ch.qos.logback.classic.joran.JoranConfigurator@234bef66 - Registering current configuration as safe fallback point


                                              ooooooooo     *ooooooooo*                                           
                                              ooooooooo     *ooooooooo*                                            
                                              ooooooooo     *ooooooooo*                                            
                                              ooooooooo     *ooooooooo*                                            
            oooooooooo                                      *ooooooooo*                                            
            oooooooooo                                      *ooooooooo*                                            
            oooooooooo                                      *ooooooooo*                                            
            oooooooooo                        ooooooooooooooooooooooooooooooo                                      
            oooooooooo                        ooooooooooooooooooooooooooooooo                                      
            oooooooooo                        ooooooooooooooooooooooooooooooo                                      
            oooooooooo                        ooooooooo:::::ooooooooooo::::::                                      
            oooooooooo        :oooooooooooo.  ooooooooo     *ooooooooo*                                            
            oooooooooo      :ooooooooooooo    ooooooooo     *ooooooooo*                                            
            oooooooooo    *oooooooooooo       ooooooooo     *ooooooooo*                                            
            oooooooooo  .ooooooooooooo        ooooooooo     *ooooooooo*                                            
            oooooooooo oooooooooooo           ooooooooo     *ooooooooo*                                            
            ooooooooooooooooooooo:            ooooooooo     *ooooooooo*                                            
            oooooooooooooooooooo              ooooooooo     *ooooooooo*                                            
            oooooooooooooooooooooo            ooooooooo     *ooooooooo*                                            
            ooooooooooooooooooooooo           ooooooooo     *ooooooooo*                                            
            oooooooooooooooooooooooo          ooooooooo     *oooooooooo       :ooooooooooooooooo:                  
            ooooooooooo:  *ooooooooooo        ooooooooo     .ooooooooooo.   ooooooooooooooooooooooo                
            oooooooooo     :ooooooooooo       ooooooooo      ooooooooooooooooooooooooooooooooooooooo*              
            oooooooooo      .ooooooooooo      ooooooooo      :ooooooooooooooooooooo         ooooooooo*             
            oooooooooo        ooooooooooo*    ooooooooo        ooooooooooooooooooo.          ooooooooo             
            oooooooooo         &ooooooooooo                              oooooooooo#                               
            oooooooooo          oooooooooooo                             oooooooooooooo:                           
            oooooooooo            ooooooooooo:                             ooooooooooooooooooooo:                  
            oooooooooo             ooooooooooo:                             *ooooooooooooooooooooooo               
                                                                                *oooooooooooooooooooo*             
                                                                                         :oooooooooooo:            
                                                                                             oooooooooo            
                                                                        ooooooooo             ooooooooo            
                                                                        *ooooooooo           :oooooooo:            
                                                                         :ooooooooooo:*..*:ooooooooooo             
                                                                           oooooooooooooooooooooooooo              
                                                                             ooooooooooooooooooooo:                
                                                                                 .*oooooooooo*.                    
:: Running Spring Boot 2.7.18 ::

20:55:31.633 [background-preinit] [34mINFO [0;39m [36mo.h.validator.internal.util.Version[0;39m - HV000001: Hibernate Validator 6.2.5.Final 
20:55:31.663 [main] [34mINFO [0;39m [36mse.kits.gakusei.GakuseiApplication[0;39m - Starting GakuseiApplication v2.1.1 using Java 17.0.16 on Pierres-MacBook-Pro-2.local with PID 91807 (/Users/pierresandboge/bin/slay/daigaku/rigs/gakusei/worktrees/gaku-5m7/target/gakusei.jar started by pierresandboge in /Users/pierresandboge/bin/slay/daigaku/rigs/gakusei/worktrees/gaku-5m7) 
20:55:31.664 [main] [34mINFO [0;39m [36mse.kits.gakusei.GakuseiApplication[0;39m - The following 1 profile is active: "local" 
20:55:32.047 [main] [34mINFO [0;39m [36mo.s.d.r.c.RepositoryConfigurationDelegate[0;39m - Bootstrapping Spring Data JPA repositories in DEFAULT mode. 
20:55:32.109 [main] [34mINFO [0;39m [36mo.s.d.r.c.RepositoryConfigurationDelegate[0;39m - Finished Spring Data repository scanning in 59 ms. Found 20 JPA repository interfaces. 
20:55:32.474 [main] [34mINFO [0;39m [36mo.s.b.w.e.tomcat.TomcatWebServer[0;39m - Tomcat initialized with port(s): 18081 (http) 
20:55:32.478 [main] [34mINFO [0;39m [36mo.a.coyote.http11.Http11NioProtocol[0;39m - Initializing ProtocolHandler ["http-nio-127.0.0.1-18081"] 
20:55:32.478 [main] [34mINFO [0;39m [36mo.a.catalina.core.StandardService[0;39m - Starting service [Tomcat] 
20:55:32.479 [main] [34mINFO [0;39m [36mo.a.catalina.core.StandardEngine[0;39m - Starting Servlet engine: [Apache Tomcat/9.0.83] 
20:55:32.504 [main] [34mINFO [0;39m [36mo.a.c.c.C.[Tomcat].[localhost].[/][0;39m - Initializing Spring embedded WebApplicationContext 
20:55:32.504 [main] [34mINFO [0;39m [36mo.s.b.w.s.c.ServletWebServerApplicationContext[0;39m - Root WebApplicationContext: initialization completed in 820 ms 
20:55:32.628 [main] [34mINFO [0;39m [36mo.h.jpa.internal.util.LogHelper[0;39m - HHH000204: Processing PersistenceUnitInfo [name: default] 
20:55:32.650 [main] [34mINFO [0;39m [36morg.hibernate.Version[0;39m - HHH000412: Hibernate ORM core version 5.6.15.Final 
20:55:32.712 [main] [34mINFO [0;39m [36mo.h.annotations.common.Version[0;39m - HCANN000001: Hibernate Commons Annotations {5.1.2.Final} 
20:55:32.753 [main] [34mINFO [0;39m [36mcom.zaxxer.hikari.HikariDataSource[0;39m - HikariPool-1 - Starting... 
20:55:32.837 [main] [34mINFO [0;39m [36mcom.zaxxer.hikari.HikariDataSource[0;39m - HikariPool-1 - Start completed. 
20:55:32.852 [main] [34mINFO [0;39m [36morg.hibernate.dialect.Dialect[0;39m - HHH000400: Using dialect: org.hibernate.dialect.H2Dialect 
20:55:33.247 [main] [34mINFO [0;39m [36mo.h.e.t.j.p.i.JtaPlatformInitiator[0;39m - HHH000490: Using JtaPlatform implementation: [org.hibernate.engine.transaction.jta.platform.internal.NoJtaPlatform] 
20:55:33.259 [main] [34mINFO [0;39m [36mo.s.o.j.LocalContainerEntityManagerFactoryBean[0;39m - Initialized JPA EntityManagerFactory for persistence unit 'default' 
20:55:33.543 [main] [31mWARN [0;39m [36mo.s.b.a.o.j.JpaBaseConfiguration$JpaWebConfiguration[0;39m - spring.jpa.open-in-view is enabled by default. Therefore, database queries may be performed during view rendering. Explicitly configure spring.jpa.open-in-view to disable this warning 
20:55:33.886 [main] [31mWARN [0;39m [36mo.s.s.c.a.web.builders.WebSecurity[0;39m - You are asking Spring Security to ignore Ant [pattern='/js/**']. This is not recommended -- please use permitAll via HttpSecurity#authorizeHttpRequests instead. 
20:55:33.887 [main] [34mINFO [0;39m [36mo.s.s.w.DefaultSecurityFilterChain[0;39m - Will not secure Ant [pattern='/js/**'] 
20:55:33.956 [main] [34mINFO [0;39m [36mo.s.s.w.DefaultSecurityFilterChain[0;39m - Will secure any request with [org.springframework.security.web.session.DisableEncodeUrlFilter@5fd43e58, org.springframework.security.web.context.request.async.WebAsyncManagerIntegrationFilter@70d4f672, org.springframework.security.web.context.SecurityContextPersistenceFilter@28ee882c, org.springframework.security.web.header.HeaderWriterFilter@3a0b6a, org.springframework.security.web.authentication.logout.LogoutFilter@696fad31, org.springframework.security.web.authentication.UsernamePasswordAuthenticationFilter@55296b50, org.springframework.security.web.authentication.www.BasicAuthenticationFilter@14d8e132, org.springframework.security.web.savedrequest.RequestCacheAwareFilter@34edd065, org.springframework.security.web.servletapi.SecurityContextHolderAwareRequestFilter@1eeb5818, org.springframework.security.web.authentication.rememberme.RememberMeAuthenticationFilter@c568f91, org.springframework.security.web.authentication.AnonymousAuthenticationFilter@68dfda77, org.springframework.security.web.session.SessionManagementFilter@28b523a, org.springframework.security.web.access.ExceptionTranslationFilter@756808cc, org.springframework.security.web.access.intercept.FilterSecurityInterceptor@2d130ac4] 
20:55:34.038 [main] [31mWARN [0;39m [36mo.s.d.r.c.m.RepositoryCollectionResourceMapping[0;39m - @RestResource detected to customize the repository resource for se.kits.gakusei.user.repository.EventRepository! Use @RepositoryRestResource instead! 
20:55:34.039 [main] [31mWARN [0;39m [36mo.s.d.r.c.m.RepositoryCollectionResourceMapping[0;39m - @RestResource detected to customize the repository resource for se.kits.gakusei.user.repository.UserRepository! Use @RepositoryRestResource instead! 
20:55:34.218 [main] [34mINFO [0;39m [36mo.s.b.a.w.s.WelcomePageHandlerMapping[0;39m - Adding welcome page template: index 
20:55:35.408 [main] [34mINFO [0;39m [36mo.a.coyote.http11.Http11NioProtocol[0;39m - Starting ProtocolHandler ["http-nio-127.0.0.1-18081"] 
20:55:35.467 [main] [34mINFO [0;39m [36mo.s.b.w.e.tomcat.TomcatWebServer[0;39m - Tomcat started on port(s): 18081 (http) with context path '' 
20:55:35.474 [main] [34mINFO [0;39m [36mse.kits.gakusei.GakuseiApplication[0;39m - Started GakuseiApplication in 4.043 seconds (JVM running for 4.286) 
20:55:36.614 [main] [34mINFO [0;39m [36mse.kits.gakusei.init.DataInit[0;39m - Loaded resource: testdata/testdata.json 
20:55:37.026 [main] [34mINFO [0;39m [36mse.kits.gakusei.init.DataInit[0;39m - Loaded resource: testdata/testdata.json 
20:55:38.111 [main] [34mINFO [0;39m [36mse.kits.gakusei.init.DataInit[0;39m - *** Data initialization was set on profile(s): [local] 
20:55:48.911 [http-nio-127.0.0.1-18081-exec-1] [34mINFO [0;39m [36mo.a.c.c.C.[Tomcat].[localhost].[/][0;39m - Initializing Spring DispatcherServlet 'dispatcherServlet' 
20:55:48.911 [http-nio-127.0.0.1-18081-exec-1] [34mINFO [0;39m [36mo.s.web.servlet.DispatcherServlet[0;39m - Initializing Servlet 'dispatcherServlet' 
20:55:48.911 [http-nio-127.0.0.1-18081-exec-1] [34mINFO [0;39m [36mo.s.web.servlet.DispatcherServlet[0;39m - Completed initialization in 0 ms 
20:56:01.095 [SpringApplicationShutdownHook] [34mINFO [0;39m [36mo.s.o.j.LocalContainerEntityManagerFactoryBean[0;39m - Closing JPA EntityManagerFactory for persistence unit 'default' 
20:56:01.106 [SpringApplicationShutdownHook] [34mINFO [0;39m [36mo.h.t.s.i.SchemaDropperImpl$DelayedDropActionImpl[0;39m - HHH000477: Starting delayed evictData of schema as part of SessionFactory shut-down' 
20:56:01.113 [SpringApplicationShutdownHook] [34mINFO [0;39m [36mcom.zaxxer.hikari.HikariDataSource[0;39m - HikariPool-1 - Shutdown initiated... 
20:56:01.114 [SpringApplicationShutdownHook] [34mINFO [0;39m [36mcom.zaxxer.hikari.HikariDataSource[0;39m - HikariPool-1 - Shutdown completed. 
