Picked up JAVA_TOOL_OPTIONS: -Djava.net.preferIPv4Stack=true
[INFO] Scanning for projects...
[INFO] 
[INFO] ----------------------< se.kits.gakusei:gakusei >-----------------------
[INFO] Building gakusei 2.1.1
[INFO]   from pom.xml
[INFO] --------------------------------[ jar ]---------------------------------
[INFO] 
[INFO] >>> spring-boot:2.7.18:run (default-cli) > test-compile @ gakusei >>>
[WARNING] 1 problem was encountered while building the effective model for org.javassist:javassist:jar:3.20.0-GA during dependency collection step for project (use -X to see details)
[INFO] 
[INFO] --- exec:3.5.0:exec (verify-grammar-provenance) @ gakusei ---
/Users/pierresandboge/.m2/repository/com/github/psandboge/japanese-grammar-utils/1.0.0/japanese-grammar-utils-1.0.0.jar: OK
/Users/pierresandboge/.m2/repository/com/github/psandboge/japanese-grammar-utils/1.0.0/japanese-grammar-utils-1.0.0.pom: OK
[INFO] 
[INFO] --- enforcer:3.6.2:enforce (toolchain) @ gakusei ---
[INFO] Rule 0: org.apache.maven.enforcer.rules.version.RequireJavaVersion passed
[INFO] Rule 1: org.apache.maven.enforcer.rules.version.RequireMavenVersion passed
[INFO] 
[INFO] --- license:1.10:download-licenses (download-licenses) @ gakusei ---
[WARNING] Offline flag is on, download-licenses goal is skip.
[INFO] 
[INFO] --- frontend:1.15.4:install-node-and-npm (install node and npm) @ gakusei ---
[INFO] Skipping execution.
[INFO] 
[INFO] --- frontend:1.15.4:npm (npm install) @ gakusei ---
[INFO] Skipping execution.
[INFO] 
[INFO] --- frontend:1.15.4:npm (npm compile) @ gakusei ---
[INFO] Skipping execution.
[INFO] 
[INFO] --- resources:3.2.0:resources (default-resources) @ gakusei ---
[INFO] Using 'UTF-8' encoding to copy filtered resources.
[INFO] Using 'UTF-8' encoding to copy filtered properties files.
[INFO] Copying 4 resources
[INFO] Copying 6917 resources
[INFO] 
[INFO] --- compiler:3.10.1:compile (default-compile) @ gakusei ---
[INFO] Nothing to compile - all classes are up to date
[INFO] 
[INFO] --- resources:3.2.0:testResources (default-testResources) @ gakusei ---
[INFO] Using 'UTF-8' encoding to copy filtered resources.
[INFO] Using 'UTF-8' encoding to copy filtered properties files.
[INFO] skip non existing resourceDirectory /Users/pierresandboge/bin/slay/daigaku/rigs/gakusei/worktrees/gaku-5m7/src/test/resources
[INFO] 
[INFO] --- compiler:3.10.1:testCompile (default-testCompile) @ gakusei ---
[INFO] Nothing to compile - all classes are up to date
[INFO] 
[INFO] <<< spring-boot:2.7.18:run (default-cli) < test-compile @ gakusei <<<
[INFO] 
[INFO] 
[INFO] --- spring-boot:2.7.18:run (default-cli) @ gakusei ---
[INFO] Attaching agents: []
Picked up JAVA_TOOL_OPTIONS: -Djava.net.preferIPv4Stack=true
20:58:41,720 |-INFO in ch.qos.logback.classic.LoggerContext[default] - Could NOT find resource [logback-test.xml]
20:58:41,721 |-INFO in ch.qos.logback.classic.LoggerContext[default] - Found resource [logback.xml] at [file:/Users/pierresandboge/bin/slay/daigaku/rigs/gakusei/worktrees/gaku-5m7/target/classes/logback.xml]
20:58:41,760 |-INFO in ch.qos.logback.classic.joran.action.ConfigurationAction - debug attribute not set
20:58:41,760 |-INFO in ch.qos.logback.core.joran.action.AppenderAction - About to instantiate appender of type [ch.qos.logback.core.ConsoleAppender]
20:58:41,762 |-INFO in ch.qos.logback.core.joran.action.AppenderAction - Naming appender as [STDOUT]
20:58:41,765 |-INFO in ch.qos.logback.core.joran.action.NestedComplexPropertyIA - Assuming default type [ch.qos.logback.classic.encoder.PatternLayoutEncoder] for [encoder] property
20:58:41,781 |-INFO in ch.qos.logback.core.joran.action.AppenderAction - About to instantiate appender of type [ch.qos.logback.core.rolling.RollingFileAppender]
20:58:41,782 |-INFO in ch.qos.logback.core.joran.action.AppenderAction - Naming appender as [FILE]
20:58:41,789 |-INFO in c.q.l.core.rolling.TimeBasedRollingPolicy@194706439 - No compression will be used
20:58:41,789 |-INFO in c.q.l.core.rolling.TimeBasedRollingPolicy@194706439 - Will use the pattern logs/logFile.%d{yyyy-MM-dd}.%i.html for the active file
20:58:41,789 |-INFO in ch.qos.logback.core.rolling.SizeAndTimeBasedFNATP@382db087 - The date pattern is 'yyyy-MM-dd' from file name pattern 'logs/logFile.%d{yyyy-MM-dd}.%i.html'.
20:58:41,789 |-INFO in ch.qos.logback.core.rolling.SizeAndTimeBasedFNATP@382db087 - Roll-over at midnight.
20:58:41,799 |-INFO in ch.qos.logback.core.rolling.SizeAndTimeBasedFNATP@382db087 - Setting initial period to Sun Oct 04 20:58:37 CEST 2026
20:58:41,800 |-WARN in ch.qos.logback.core.rolling.SizeAndTimeBasedFNATP@382db087 - SizeAndTimeBasedFNATP is deprecated. Use SizeAndTimeBasedRollingPolicy instead
20:58:41,800 |-WARN in ch.qos.logback.core.rolling.SizeAndTimeBasedFNATP@382db087 - For more information see http://logback.qos.ch/manual/appenders.html#SizeAndTimeBasedRollingPolicy
20:58:41,824 |-INFO in ch.qos.logback.core.rolling.RollingFileAppender[FILE] - Active log file name: logs/logFile.html
20:58:41,824 |-INFO in ch.qos.logback.core.rolling.RollingFileAppender[FILE] - File property is set to [logs/logFile.html]
20:58:41,826 |-INFO in ch.qos.logback.classic.joran.action.RootLoggerAction - Setting level of ROOT logger to INFO
20:58:41,826 |-INFO in ch.qos.logback.core.joran.action.AppenderRefAction - Attaching appender named [STDOUT] to Logger[ROOT]
20:58:41,831 |-INFO in ch.qos.logback.core.joran.action.AppenderRefAction - Attaching appender named [FILE] to Logger[ROOT]
20:58:41,831 |-INFO in ch.qos.logback.classic.joran.action.ConfigurationAction - End of configuration.
20:58:41,832 |-INFO in ch.qos.logback.classic.joran.JoranConfigurator@73d4cc9e - Registering current configuration as safe fallback point


                                              ooooooooo     *ooooooooo*                                           
                                              ooooooooo     *ooooooooo*                                            
                                              ooooooooo     *ooooooooo*                                            
                                              ooooooooo     *ooooooooo*                                            
            oooooooooo                                      *ooooooooo*                                            
            oooooooooo                                      *ooooooooo*                                            
            oooooooooo                                      *ooooooooo*                                            
            oooooooooo                        ooooooooooooooooooooooooooooooo                                      
            oooooooooo                        ooooooooooooooooooooooooooooooo                                      
            oooooooooo                        ooooooooooooooooooooooooooooooo                                      
            oooooooooo                        ooooooooo:::::ooooooooooo::::::                                      
            oooooooooo        :oooooooooooo.  ooooooooo     *ooooooooo*                                            
            oooooooooo      :ooooooooooooo    ooooooooo     *ooooooooo*                                            
            oooooooooo    *oooooooooooo       ooooooooo     *ooooooooo*                                            
            oooooooooo  .ooooooooooooo        ooooooooo     *ooooooooo*                                            
            oooooooooo oooooooooooo           ooooooooo     *ooooooooo*                                            
            ooooooooooooooooooooo:            ooooooooo     *ooooooooo*                                            
            oooooooooooooooooooo              ooooooooo     *ooooooooo*                                            
            oooooooooooooooooooooo            ooooooooo     *ooooooooo*                                            
            ooooooooooooooooooooooo           ooooooooo     *ooooooooo*                                            
            oooooooooooooooooooooooo          ooooooooo     *oooooooooo       :ooooooooooooooooo:                  
            ooooooooooo:  *ooooooooooo        ooooooooo     .ooooooooooo.   ooooooooooooooooooooooo                
            oooooooooo     :ooooooooooo       ooooooooo      ooooooooooooooooooooooooooooooooooooooo*              
            oooooooooo      .ooooooooooo      ooooooooo      :ooooooooooooooooooooo         ooooooooo*             
            oooooooooo        ooooooooooo*    ooooooooo        ooooooooooooooooooo.          ooooooooo             
            oooooooooo         &ooooooooooo                              oooooooooo#                               
            oooooooooo          oooooooooooo                             oooooooooooooo:                           
            oooooooooo            ooooooooooo:                             ooooooooooooooooooooo:                  
            oooooooooo             ooooooooooo:                             *ooooooooooooooooooooooo               
                                                                                *oooooooooooooooooooo*             
                                                                                         :oooooooooooo:            
                                                                                             oooooooooo            
                                                                        ooooooooo             ooooooooo            
                                                                        *ooooooooo           :oooooooo:            
                                                                         :ooooooooooo:*..*:ooooooooooo             
                                                                           oooooooooooooooooooooooooo              
                                                                             ooooooooooooooooooooo:                
                                                                                 .*oooooooooo*.                    
:: Running Spring Boot 2.7.18 ::

20:58:42.138 [background-preinit] [34mINFO [0;39m [36mo.h.validator.internal.util.Version[0;39m - HV000001: Hibernate Validator 6.2.5.Final 
20:58:42.188 [restartedMain] [34mINFO [0;39m [36mse.kits.gakusei.GakuseiApplication[0;39m - Starting GakuseiApplication using Java 17.0.16 on Pierres-MacBook-Pro-2.local with PID 23229 (/Users/pierresandboge/bin/slay/daigaku/rigs/gakusei/worktrees/gaku-5m7/target/classes started by pierresandboge in /Users/pierresandboge/bin/slay/daigaku/rigs/gakusei/worktrees/gaku-5m7) 
20:58:42.189 [restartedMain] [34mINFO [0;39m [36mse.kits.gakusei.GakuseiApplication[0;39m - The following 2 profiles are active: "local-postgres", "local-seed" 
20:58:42.209 [restartedMain] [34mINFO [0;39m [36mo.s.b.d.e.DevToolsPropertyDefaultsPostProcessor[0;39m - Devtools property defaults active! Set 'spring.devtools.add-properties' to 'false' to disable 
20:58:42.210 [restartedMain] [34mINFO [0;39m [36mo.s.b.d.e.DevToolsPropertyDefaultsPostProcessor[0;39m - For additional web related logging consider setting the 'logging.level.web' property to 'DEBUG' 
20:58:42.572 [restartedMain] [34mINFO [0;39m [36mo.s.d.r.c.RepositoryConfigurationDelegate[0;39m - Bootstrapping Spring Data JPA repositories in DEFAULT mode. 
20:58:42.600 [restartedMain] [34mINFO [0;39m [36mo.s.d.r.c.RepositoryConfigurationDelegate[0;39m - Finished Spring Data repository scanning in 25 ms. Found 20 JPA repository interfaces. 
20:58:42.969 [restartedMain] [34mINFO [0;39m [36mo.s.b.w.e.tomcat.TomcatWebServer[0;39m - Tomcat initialized with port(s): 18082 (http) 
20:58:42.972 [restartedMain] [34mINFO [0;39m [36mo.a.coyote.http11.Http11NioProtocol[0;39m - Initializing ProtocolHandler ["http-nio-127.0.0.1-18082"] 
20:58:42.973 [restartedMain] [34mINFO [0;39m [36mo.a.catalina.core.StandardService[0;39m - Starting service [Tomcat] 
20:58:42.973 [restartedMain] [34mINFO [0;39m [36mo.a.catalina.core.StandardEngine[0;39m - Starting Servlet engine: [Apache Tomcat/9.0.83] 
20:58:42.999 [restartedMain] [34mINFO [0;39m [36mo.a.c.c.C.[Tomcat].[localhost].[/][0;39m - Initializing Spring embedded WebApplicationContext 
20:58:42.999 [restartedMain] [34mINFO [0;39m [36mo.s.b.w.s.c.ServletWebServerApplicationContext[0;39m - Root WebApplicationContext: initialization completed in 789 ms 
20:58:43.017 [restartedMain] [34mINFO [0;39m [36mcom.zaxxer.hikari.HikariDataSource[0;39m - HikariPool-1 - Starting... 
20:58:43.142 [restartedMain] [34mINFO [0;39m [36mcom.zaxxer.hikari.HikariDataSource[0;39m - HikariPool-1 - Start completed. 
20:58:43.146 [restartedMain] [34mINFO [0;39m [36mo.s.b.a.h.H2ConsoleAutoConfiguration[0;39m - H2 console available at '/h2-console'. Database available at 'jdbc:postgresql://127.0.0.1:15432/gakusei_local' 
20:58:43.310 [restartedMain] [34mINFO [0;39m [36mliquibase.database[0;39m - Set default schema name to public 
20:58:43.352 [restartedMain] [34mINFO [0;39m [36mliquibase.lockservice[0;39m - Successfully acquired change log lock 
20:58:45.604 [restartedMain] [34mINFO [0;39m [36mliquibase.changelog[0;39m - Reading from public.databasechangelog 
20:58:45.679 [restartedMain] [34mINFO [0;39m [36mliquibase.lockservice[0;39m - Successfully released change log lock 
20:58:45.827 [restartedMain] [34mINFO [0;39m [36mo.h.jpa.internal.util.LogHelper[0;39m - HHH000204: Processing PersistenceUnitInfo [name: default] 
20:58:45.847 [restartedMain] [34mINFO [0;39m [36morg.hibernate.Version[0;39m - HHH000412: Hibernate ORM core version 5.6.15.Final 
20:58:45.892 [restartedMain] [34mINFO [0;39m [36mo.h.annotations.common.Version[0;39m - HCANN000001: Hibernate Commons Annotations {5.1.2.Final} 
20:58:45.927 [restartedMain] [34mINFO [0;39m [36morg.hibernate.dialect.Dialect[0;39m - HHH000400: Using dialect: org.hibernate.dialect.PostgreSQL10Dialect 
20:58:46.221 [restartedMain] [34mINFO [0;39m [36mo.h.e.t.j.p.i.JtaPlatformInitiator[0;39m - HHH000490: Using JtaPlatform implementation: [org.hibernate.engine.transaction.jta.platform.internal.NoJtaPlatform] 
20:58:46.229 [restartedMain] [34mINFO [0;39m [36mo.s.o.j.LocalContainerEntityManagerFactoryBean[0;39m - Initialized JPA EntityManagerFactory for persistence unit 'default' 
20:58:46.293 [restartedMain] [31mWARN [0;39m [36mo.s.b.a.o.j.JpaBaseConfiguration$JpaWebConfiguration[0;39m - spring.jpa.open-in-view is enabled by default. Therefore, database queries may be performed during view rendering. Explicitly configure spring.jpa.open-in-view to disable this warning 
20:58:46.890 [restartedMain] [31mWARN [0;39m [36mo.s.s.c.a.web.builders.WebSecurity[0;39m - You are asking Spring Security to ignore Ant [pattern='/js/**']. This is not recommended -- please use permitAll via HttpSecurity#authorizeHttpRequests instead. 
20:58:46.890 [restartedMain] [34mINFO [0;39m [36mo.s.s.w.DefaultSecurityFilterChain[0;39m - Will not secure Ant [pattern='/js/**'] 
20:58:46.931 [restartedMain] [34mINFO [0;39m [36mo.s.s.w.DefaultSecurityFilterChain[0;39m - Will secure any request with [org.springframework.security.web.session.DisableEncodeUrlFilter@7609307e, org.springframework.security.web.context.request.async.WebAsyncManagerIntegrationFilter@1e8065bb, org.springframework.security.web.context.SecurityContextPersistenceFilter@11f9aa4a, org.springframework.security.web.header.HeaderWriterFilter@5cdfe49b, org.springframework.security.web.authentication.logout.LogoutFilter@2f361ae0, org.springframework.security.web.authentication.UsernamePasswordAuthenticationFilter@50bc36f4, org.springframework.security.web.authentication.www.BasicAuthenticationFilter@1ea3fc9, org.springframework.security.web.savedrequest.RequestCacheAwareFilter@71248eb0, org.springframework.security.web.servletapi.SecurityContextHolderAwareRequestFilter@52c3955, org.springframework.security.web.authentication.rememberme.RememberMeAuthenticationFilter@26cd5719, org.springframework.security.web.authentication.AnonymousAuthenticationFilter@57628d1d, org.springframework.security.web.session.SessionManagementFilter@23dd632e, org.springframework.security.web.access.ExceptionTranslationFilter@a2f1b2f, org.springframework.security.web.access.intercept.FilterSecurityInterceptor@19061186] 
20:58:46.973 [restartedMain] [31mWARN [0;39m [36mo.s.d.r.c.m.RepositoryCollectionResourceMapping[0;39m - @RestResource detected to customize the repository resource for se.kits.gakusei.user.repository.EventRepository! Use @RepositoryRestResource instead! 
20:58:46.975 [restartedMain] [31mWARN [0;39m [36mo.s.d.r.c.m.RepositoryCollectionResourceMapping[0;39m - @RestResource detected to customize the repository resource for se.kits.gakusei.user.repository.UserRepository! Use @RepositoryRestResource instead! 
20:58:47.136 [restartedMain] [34mINFO [0;39m [36mo.s.b.a.w.s.WelcomePageHandlerMapping[0;39m - Adding welcome page template: index 
20:58:47.706 [restartedMain] [34mINFO [0;39m [36mo.a.coyote.http11.Http11NioProtocol[0;39m - Starting ProtocolHandler ["http-nio-127.0.0.1-18082"] 
20:58:47.711 [restartedMain] [34mINFO [0;39m [36mo.s.b.w.e.tomcat.TomcatWebServer[0;39m - Tomcat started on port(s): 18082 (http) with context path '' 
20:58:47.717 [restartedMain] [34mINFO [0;39m [36mse.kits.gakusei.GakuseiApplication[0;39m - Started GakuseiApplication in 5.757 seconds (JVM running for 6.109) 
20:58:47.727 [restartedMain] [34mINFO [0;39m [36mse.kits.gakusei.init.DataInit[0;39m - Local sample seed v1 already applied; leaving persistent data unchanged 
20:58:59.824 [http-nio-127.0.0.1-18082-exec-2] [34mINFO [0;39m [36mo.a.c.c.C.[Tomcat].[localhost].[/][0;39m - Initializing Spring DispatcherServlet 'dispatcherServlet' 
20:58:59.824 [http-nio-127.0.0.1-18082-exec-2] [34mINFO [0;39m [36mo.s.web.servlet.DispatcherServlet[0;39m - Initializing Servlet 'dispatcherServlet' 
20:58:59.825 [http-nio-127.0.0.1-18082-exec-2] [34mINFO [0;39m [36mo.s.web.servlet.DispatcherServlet[0;39m - Completed initialization in 1 ms 
java.lang.NullPointerException: Cannot invoke "se.kits.gakusei.user.model.User.isNewUser()" because "user" is null
	at se.kits.gakusei.controller.UserController.checkNewUser(UserController.java:121)
	at java.base/jdk.internal.reflect.NativeMethodAccessorImpl.invoke0(Native Method)
	at java.base/jdk.internal.reflect.NativeMethodAccessorImpl.invoke(NativeMethodAccessorImpl.java:77)
	at java.base/jdk.internal.reflect.DelegatingMethodAccessorImpl.invoke(DelegatingMethodAccessorImpl.java:43)
	at java.base/java.lang.reflect.Method.invoke(Method.java:569)
	at org.springframework.web.method.support.InvocableHandlerMethod.doInvoke(InvocableHandlerMethod.java:205)
	at org.springframework.web.method.support.InvocableHandlerMethod.invokeForRequest(InvocableHandlerMethod.java:150)
	at org.springframework.web.servlet.mvc.method.annotation.ServletInvocableHandlerMethod.invokeAndHandle(ServletInvocableHandlerMethod.java:117)
	at org.springframework.web.servlet.mvc.method.annotation.RequestMappingHandlerAdapter.invokeHandlerMethod(RequestMappingHandlerAdapter.java:895)
	at org.springframework.web.servlet.mvc.method.annotation.RequestMappingHandlerAdapter.handleInternal(RequestMappingHandlerAdapter.java:808)
	at org.springframework.web.servlet.mvc.method.AbstractHandlerMethodAdapter.handle(AbstractHandlerMethodAdapter.java:87)
	at org.springframework.web.servlet.DispatcherServlet.doDispatch(DispatcherServlet.java:1072)
	at org.springframework.web.servlet.DispatcherServlet.doService(DispatcherServlet.java:965)
	at org.springframework.web.servlet.FrameworkServlet.processRequest(FrameworkServlet.java:1006)
	at org.springframework.web.servlet.FrameworkServlet.doPost(FrameworkServlet.java:909)
	at javax.servlet.http.HttpServlet.service(HttpServlet.java:555)
	at org.springframework.web.servlet.FrameworkServlet.service(FrameworkServlet.java:883)
	at javax.servlet.http.HttpServlet.service(HttpServlet.java:623)
	at org.apache.catalina.core.ApplicationFilterChain.internalDoFilter(ApplicationFilterChain.java:209)
	at org.apache.catalina.core.ApplicationFilterChain.doFilter(ApplicationFilterChain.java:153)
	at org.apache.tomcat.websocket.server.WsFilter.doFilter(WsFilter.java:51)
	at org.apache.catalina.core.ApplicationFilterChain.internalDoFilter(ApplicationFilterChain.java:178)
	at org.apache.catalina.core.ApplicationFilterChain.doFilter(ApplicationFilterChain.java:153)
	at org.springframework.security.web.FilterChainProxy$VirtualFilterChain.doFilter(FilterChainProxy.java:337)
	at org.springframework.security.web.access.intercept.FilterSecurityInterceptor.invoke(FilterSecurityInterceptor.java:115)
	at org.springframework.security.web.access.intercept.FilterSecurityInterceptor.doFilter(FilterSecurityInterceptor.java:81)
	at org.springframework.security.web.FilterChainProxy$VirtualFilterChain.doFilter(FilterChainProxy.java:346)
	at org.springframework.security.web.access.ExceptionTranslationFilter.doFilter(ExceptionTranslationFilter.java:122)
	at org.springframework.security.web.access.ExceptionTranslationFilter.doFilter(ExceptionTranslationFilter.java:116)
	at org.springframework.security.web.FilterChainProxy$VirtualFilterChain.doFilter(FilterChainProxy.java:346)
	at org.springframework.security.web.session.SessionManagementFilter.doFilter(SessionManagementFilter.java:126)
	at org.springframework.security.web.session.SessionManagementFilter.doFilter(SessionManagementFilter.java:81)
	at org.springframework.security.web.FilterChainProxy$VirtualFilterChain.doFilter(FilterChainProxy.java:346)
	at org.springframework.security.web.authentication.AnonymousAuthenticationFilter.doFilter(AnonymousAuthenticationFilter.java:109)
	at org.springframework.security.web.FilterChainProxy$VirtualFilterChain.doFilter(FilterChainProxy.java:346)
	at org.springframework.security.web.authentication.rememberme.RememberMeAuthenticationFilter.doFilter(RememberMeAuthenticationFilter.java:141)
	at org.springframework.security.web.authentication.rememberme.RememberMeAuthenticationFilter.doFilter(RememberMeAuthenticationFilter.java:97)
	at org.springframework.security.web.FilterChainProxy$VirtualFilterChain.doFilter(FilterChainProxy.java:346)
	at org.springframework.security.web.servletapi.SecurityContextHolderAwareRequestFilter.doFilter(SecurityContextHolderAwareRequestFilter.java:149)
	at org.springframework.security.web.FilterChainProxy$VirtualFilterChain.doFilter(FilterChainProxy.java:346)
	at org.springframework.security.web.savedrequest.RequestCacheAwareFilter.doFilter(RequestCacheAwareFilter.java:63)
	at org.springframework.security.web.FilterChainProxy$VirtualFilterChain.doFilter(FilterChainProxy.java:346)
	at org.springframework.security.web.authentication.www.BasicAuthenticationFilter.doFilterInternal(BasicAuthenticationFilter.java:164)
	at org.springframework.web.filter.OncePerRequestFilter.doFilter(OncePerRequestFilter.java:117)
	at org.springframework.security.web.FilterChainProxy$VirtualFilterChain.doFilter(FilterChainProxy.java:346)
	at org.springframework.security.web.authentication.AbstractAuthenticationProcessingFilter.doFilter(AbstractAuthenticationProcessingFilter.java:223)
	at org.springframework.security.web.authentication.AbstractAuthenticationProcessingFilter.doFilter(AbstractAuthenticationProcessingFilter.java:217)
	at org.springframework.security.web.FilterChainProxy$VirtualFilterChain.doFilter(FilterChainProxy.java:346)
	at org.springframework.security.web.authentication.logout.LogoutFilter.doFilter(LogoutFilter.java:103)
	at org.springframework.security.web.authentication.logout.LogoutFilter.doFilter(LogoutFilter.java:89)
	at org.springframework.security.web.FilterChainProxy$VirtualFilterChain.doFilter(FilterChainProxy.java:346)
	at org.springframework.security.web.header.HeaderWriterFilter.doHeadersAfter(HeaderWriterFilter.java:90)
	at org.springframework.security.web.header.HeaderWriterFilter.doFilterInternal(HeaderWriterFilter.java:75)
	at org.springframework.web.filter.OncePerRequestFilter.doFilter(OncePerRequestFilter.java:117)
	at org.springframework.security.web.FilterChainProxy$VirtualFilterChain.doFilter(FilterChainProxy.java:346)
	at org.springframework.security.web.context.SecurityContextPersistenceFilter.doFilter(SecurityContextPersistenceFilter.java:112)
	at org.springframework.security.web.context.SecurityContextPersistenceFilter.doFilter(SecurityContextPersistenceFilter.java:82)
	at org.springframework.security.web.FilterChainProxy$VirtualFilterChain.doFilter(FilterChainProxy.java:346)
	at org.springframework.security.web.context.request.async.WebAsyncManagerIntegrationFilter.doFilterInternal(WebAsyncManagerIntegrationFilter.java:55)
	at org.springframework.web.filter.OncePerRequestFilter.doFilter(OncePerRequestFilter.java:117)
	at org.springframework.security.web.FilterChainProxy$VirtualFilterChain.doFilter(FilterChainProxy.java:346)
	at org.springframework.security.web.session.DisableEncodeUrlFilter.doFilterInternal(DisableEncodeUrlFilter.java:42)
	at org.springframework.web.filter.OncePerRequestFilter.doFilter(OncePerRequestFilter.java:117)
	at org.springframework.security.web.FilterChainProxy$VirtualFilterChain.doFilter(FilterChainProxy.java:346)
	at org.springframework.security.web.FilterChainProxy.doFilterInternal(FilterChainProxy.java:221)
	at org.springframework.security.web.FilterChainProxy.doFilter(FilterChainProxy.java:186)
	at org.springframework.web.filter.DelegatingFilterProxy.invokeDelegate(DelegatingFilterProxy.java:354)
	at org.springframework.web.filter.DelegatingFilterProxy.doFilter(DelegatingFilterProxy.java:267)
	at org.apache.catalina.core.ApplicationFilterChain.internalDoFilter(ApplicationFilterChain.java:178)
	at org.apache.catalina.core.ApplicationFilterChain.doFilter(ApplicationFilterChain.java:153)
	at org.springframework.web.filter.RequestContextFilter.doFilterInternal(RequestContextFilter.java:100)
	at org.springframework.web.filter.OncePerRequestFilter.doFilter(OncePerRequestFilter.java:117)
	at org.apache.catalina.core.ApplicationFilterChain.internalDoFilter(ApplicationFilterChain.java:178)
	at org.apache.catalina.core.ApplicationFilterChain.doFilter(ApplicationFilterChain.java:153)
	at org.springframework.web.filter.FormContentFilter.doFilterInternal(FormContentFilter.java:93)
	at org.springframework.web.filter.OncePerRequestFilter.doFilter(OncePerRequestFilter.java:117)
	at org.apache.catalina.core.ApplicationFilterChain.internalDoFilter(ApplicationFilterChain.java:178)
	at org.apache.catalina.core.ApplicationFilterChain.doFilter(ApplicationFilterChain.java:153)
	at org.springframework.web.filter.CharacterEncodingFilter.doFilterInternal(CharacterEncodingFilter.java:201)
	at org.springframework.web.filter.OncePerRequestFilter.doFilter(OncePerRequestFilter.java:117)
	at org.apache.catalina.core.ApplicationFilterChain.internalDoFilter(ApplicationFilterChain.java:178)
	at org.apache.catalina.core.ApplicationFilterChain.doFilter(ApplicationFilterChain.java:153)
	at org.apache.catalina.core.StandardWrapperValve.invoke(StandardWrapperValve.java:168)
	at org.apache.catalina.core.StandardContextValve.invoke(StandardContextValve.java:90)
	at org.apache.catalina.authenticator.AuthenticatorBase.invoke(AuthenticatorBase.java:481)
	at org.apache.catalina.core.StandardHostValve.invoke(StandardHostValve.java:130)
	at org.apache.catalina.valves.ErrorReportValve.invoke(ErrorReportValve.java:93)
	at org.apache.catalina.core.StandardEngineValve.invoke(StandardEngineValve.java:74)
	at org.apache.catalina.valves.RemoteIpValve.invoke(RemoteIpValve.java:765)
	at org.apache.catalina.connector.CoyoteAdapter.service(CoyoteAdapter.java:342)
	at org.apache.coyote.http11.Http11Processor.service(Http11Processor.java:390)
	at org.apache.coyote.AbstractProcessorLight.process(AbstractProcessorLight.java:63)
	at org.apache.coyote.AbstractProtocol$ConnectionHandler.process(AbstractProtocol.java:928)
	at org.apache.tomcat.util.net.NioEndpoint$SocketProcessor.doRun(NioEndpoint.java:1794)
	at org.apache.tomcat.util.net.SocketProcessorBase.run(SocketProcessorBase.java:52)
	at org.apache.tomcat.util.threads.ThreadPoolExecutor.runWorker(ThreadPoolExecutor.java:1191)
	at org.apache.tomcat.util.threads.ThreadPoolExecutor$Worker.run(ThreadPoolExecutor.java:659)
	at org.apache.tomcat.util.threads.TaskThread$WrappingRunnable.run(TaskThread.java:61)
	at java.base/java.lang.Thread.run(Thread.java:840)
java.lang.NullPointerException: Cannot invoke "se.kits.gakusei.user.model.User.isNewUser()" because "user" is null
	at se.kits.gakusei.controller.UserController.checkNewUser(UserController.java:121)
	at java.base/jdk.internal.reflect.NativeMethodAccessorImpl.invoke0(Native Method)
	at java.base/jdk.internal.reflect.NativeMethodAccessorImpl.invoke(NativeMethodAccessorImpl.java:77)
	at java.base/jdk.internal.reflect.DelegatingMethodAccessorImpl.invoke(DelegatingMethodAccessorImpl.java:43)
	at java.base/java.lang.reflect.Method.invoke(Method.java:569)
	at org.springframework.web.method.support.InvocableHandlerMethod.doInvoke(InvocableHandlerMethod.java:205)
	at org.springframework.web.method.support.InvocableHandlerMethod.invokeForRequest(InvocableHandlerMethod.java:150)
	at org.springframework.web.servlet.mvc.method.annotation.ServletInvocableHandlerMethod.invokeAndHandle(ServletInvocableHandlerMethod.java:117)
	at org.springframework.web.servlet.mvc.method.annotation.RequestMappingHandlerAdapter.invokeHandlerMethod(RequestMappingHandlerAdapter.java:895)
	at org.springframework.web.servlet.mvc.method.annotation.RequestMappingHandlerAdapter.handleInternal(RequestMappingHandlerAdapter.java:808)
	at org.springframework.web.servlet.mvc.method.AbstractHandlerMethodAdapter.handle(AbstractHandlerMethodAdapter.java:87)
	at org.springframework.web.servlet.DispatcherServlet.doDispatch(DispatcherServlet.java:1072)
	at org.springframework.web.servlet.DispatcherServlet.doService(DispatcherServlet.java:965)
	at org.springframework.web.servlet.FrameworkServlet.processRequest(FrameworkServlet.java:1006)
	at org.springframework.web.servlet.FrameworkServlet.doPost(FrameworkServlet.java:909)
	at javax.servlet.http.HttpServlet.service(HttpServlet.java:555)
	at org.springframework.web.servlet.FrameworkServlet.service(FrameworkServlet.java:883)
	at javax.servlet.http.HttpServlet.service(HttpServlet.java:623)
	at org.apache.catalina.core.ApplicationFilterChain.internalDoFilter(ApplicationFilterChain.java:209)
	at org.apache.catalina.core.ApplicationFilterChain.doFilter(ApplicationFilterChain.java:153)
	at org.apache.tomcat.websocket.server.WsFilter.doFilter(WsFilter.java:51)
	at org.apache.catalina.core.ApplicationFilterChain.internalDoFilter(ApplicationFilterChain.java:178)
	at org.apache.catalina.core.ApplicationFilterChain.doFilter(ApplicationFilterChain.java:153)
	at org.springframework.security.web.FilterChainProxy$VirtualFilterChain.doFilter(FilterChainProxy.java:337)
	at org.springframework.security.web.access.intercept.FilterSecurityInterceptor.invoke(FilterSecurityInterceptor.java:115)
	at org.springframework.security.web.access.intercept.FilterSecurityInterceptor.doFilter(FilterSecurityInterceptor.java:81)
	at org.springframework.security.web.FilterChainProxy$VirtualFilterChain.doFilter(FilterChainProxy.java:346)
	at org.springframework.security.web.access.ExceptionTranslationFilter.doFilter(ExceptionTranslationFilter.java:122)
	at org.springframework.security.web.access.ExceptionTranslationFilter.doFilter(ExceptionTranslationFilter.java:116)
	at org.springframework.security.web.FilterChainProxy$VirtualFilterChain.doFilter(FilterChainProxy.java:346)
	at org.springframework.security.web.session.SessionManagementFilter.doFilter(SessionManagementFilter.java:126)
	at org.springframework.security.web.session.SessionManagementFilter.doFilter(SessionManagementFilter.java:81)
	at org.springframework.security.web.FilterChainProxy$VirtualFilterChain.doFilter(FilterChainProxy.java:346)
	at org.springframework.security.web.authentication.AnonymousAuthenticationFilter.doFilter(AnonymousAuthenticationFilter.java:109)
	at org.springframework.security.web.FilterChainProxy$VirtualFilterChain.doFilter(FilterChainProxy.java:346)
	at org.springframework.security.web.authentication.rememberme.RememberMeAuthenticationFilter.doFilter(RememberMeAuthenticationFilter.java:141)
	at org.springframework.security.web.authentication.rememberme.RememberMeAuthenticationFilter.doFilter(RememberMeAuthenticationFilter.java:97)
	at org.springframework.security.web.FilterChainProxy$VirtualFilterChain.doFilter(FilterChainProxy.java:346)
	at org.springframework.security.web.servletapi.SecurityContextHolderAwareRequestFilter.doFilter(SecurityContextHolderAwareRequestFilter.java:149)
	at org.springframework.security.web.FilterChainProxy$VirtualFilterChain.doFilter(FilterChainProxy.java:346)
	at org.springframework.security.web.savedrequest.RequestCacheAwareFilter.doFilter(RequestCacheAwareFilter.java:63)
	at org.springframework.security.web.FilterChainProxy$VirtualFilterChain.doFilter(FilterChainProxy.java:346)
	at org.springframework.security.web.authentication.www.BasicAuthenticationFilter.doFilterInternal(BasicAuthenticationFilter.java:164)
	at org.springframework.web.filter.OncePerRequestFilter.doFilter(OncePerRequestFilter.java:117)
	at org.springframework.security.web.FilterChainProxy$VirtualFilterChain.doFilter(FilterChainProxy.java:346)
	at org.springframework.security.web.authentication.AbstractAuthenticationProcessingFilter.doFilter(AbstractAuthenticationProcessingFilter.java:223)
	at org.springframework.security.web.authentication.AbstractAuthenticationProcessingFilter.doFilter(AbstractAuthenticationProcessingFilter.java:217)
	at org.springframework.security.web.FilterChainProxy$VirtualFilterChain.doFilter(FilterChainProxy.java:346)
	at org.springframework.security.web.authentication.logout.LogoutFilter.doFilter(LogoutFilter.java:103)
	at org.springframework.security.web.authentication.logout.LogoutFilter.doFilter(LogoutFilter.java:89)
	at org.springframework.security.web.FilterChainProxy$VirtualFilterChain.doFilter(FilterChainProxy.java:346)
	at org.springframework.security.web.header.HeaderWriterFilter.doHeadersAfter(HeaderWriterFilter.java:90)
	at org.springframework.security.web.header.HeaderWriterFilter.doFilterInternal(HeaderWriterFilter.java:75)
	at org.springframework.web.filter.OncePerRequestFilter.doFilter(OncePerRequestFilter.java:117)
	at org.springframework.security.web.FilterChainProxy$VirtualFilterChain.doFilter(FilterChainProxy.java:346)
	at org.springframework.security.web.context.SecurityContextPersistenceFilter.doFilter(SecurityContextPersistenceFilter.java:112)
	at org.springframework.security.web.context.SecurityContextPersistenceFilter.doFilter(SecurityContextPersistenceFilter.java:82)
	at org.springframework.security.web.FilterChainProxy$VirtualFilterChain.doFilter(FilterChainProxy.java:346)
	at org.springframework.security.web.context.request.async.WebAsyncManagerIntegrationFilter.doFilterInternal(WebAsyncManagerIntegrationFilter.java:55)
	at org.springframework.web.filter.OncePerRequestFilter.doFilter(OncePerRequestFilter.java:117)
	at org.springframework.security.web.FilterChainProxy$VirtualFilterChain.doFilter(FilterChainProxy.java:346)
	at org.springframework.security.web.session.DisableEncodeUrlFilter.doFilterInternal(DisableEncodeUrlFilter.java:42)
	at org.springframework.web.filter.OncePerRequestFilter.doFilter(OncePerRequestFilter.java:117)
	at org.springframework.security.web.FilterChainProxy$VirtualFilterChain.doFilter(FilterChainProxy.java:346)
	at org.springframework.security.web.FilterChainProxy.doFilterInternal(FilterChainProxy.java:221)
	at org.springframework.security.web.FilterChainProxy.doFilter(FilterChainProxy.java:186)
	at org.springframework.web.filter.DelegatingFilterProxy.invokeDelegate(DelegatingFilterProxy.java:354)
	at org.springframework.web.filter.DelegatingFilterProxy.doFilter(DelegatingFilterProxy.java:267)
	at org.apache.catalina.core.ApplicationFilterChain.internalDoFilter(ApplicationFilterChain.java:178)
	at org.apache.catalina.core.ApplicationFilterChain.doFilter(ApplicationFilterChain.java:153)
	at org.springframework.web.filter.RequestContextFilter.doFilterInternal(RequestContextFilter.java:100)
	at org.springframework.web.filter.OncePerRequestFilter.doFilter(OncePerRequestFilter.java:117)
	at org.apache.catalina.core.ApplicationFilterChain.internalDoFilter(ApplicationFilterChain.java:178)
	at org.apache.catalina.core.ApplicationFilterChain.doFilter(ApplicationFilterChain.java:153)
	at org.springframework.web.filter.FormContentFilter.doFilterInternal(FormContentFilter.java:93)
	at org.springframework.web.filter.OncePerRequestFilter.doFilter(OncePerRequestFilter.java:117)
	at org.apache.catalina.core.ApplicationFilterChain.internalDoFilter(ApplicationFilterChain.java:178)
	at org.apache.catalina.core.ApplicationFilterChain.doFilter(ApplicationFilterChain.java:153)
	at org.springframework.web.filter.CharacterEncodingFilter.doFilterInternal(CharacterEncodingFilter.java:201)
	at org.springframework.web.filter.OncePerRequestFilter.doFilter(OncePerRequestFilter.java:117)
	at org.apache.catalina.core.ApplicationFilterChain.internalDoFilter(ApplicationFilterChain.java:178)
	at org.apache.catalina.core.ApplicationFilterChain.doFilter(ApplicationFilterChain.java:153)
	at org.apache.catalina.core.StandardWrapperValve.invoke(StandardWrapperValve.java:168)
	at org.apache.catalina.core.StandardContextValve.invoke(StandardContextValve.java:90)
	at org.apache.catalina.authenticator.AuthenticatorBase.invoke(AuthenticatorBase.java:481)
	at org.apache.catalina.core.StandardHostValve.invoke(StandardHostValve.java:130)
	at org.apache.catalina.valves.ErrorReportValve.invoke(ErrorReportValve.java:93)
	at org.apache.catalina.core.StandardEngineValve.invoke(StandardEngineValve.java:74)
	at org.apache.catalina.valves.RemoteIpValve.invoke(RemoteIpValve.java:765)
	at org.apache.catalina.connector.CoyoteAdapter.service(CoyoteAdapter.java:342)
	at org.apache.coyote.http11.Http11Processor.service(Http11Processor.java:390)
	at org.apache.coyote.AbstractProcessorLight.process(AbstractProcessorLight.java:63)
	at org.apache.coyote.AbstractProtocol$ConnectionHandler.process(AbstractProtocol.java:928)
	at org.apache.tomcat.util.net.NioEndpoint$SocketProcessor.doRun(NioEndpoint.java:1794)
	at org.apache.tomcat.util.net.SocketProcessorBase.run(SocketProcessorBase.java:52)
	at org.apache.tomcat.util.threads.ThreadPoolExecutor.runWorker(ThreadPoolExecutor.java:1191)
	at org.apache.tomcat.util.threads.ThreadPoolExecutor$Worker.run(ThreadPoolExecutor.java:659)
	at org.apache.tomcat.util.threads.TaskThread$WrappingRunnable.run(TaskThread.java:61)
	at java.base/java.lang.Thread.run(Thread.java:840)
20:59:00.186 [http-nio-127.0.0.1-18082-exec-2] [34mINFO [0;39m [36ms.k.g.controller.LessonController[0;39m - Getting vocabulary lessons took 191 ms. 
20:59:00.192 [http-nio-127.0.0.1-18082-exec-2] [34mINFO [0;39m [36ms.k.g.controller.LessonController[0;39m - Un count for Verbs: 50 
20:59:00.196 [http-nio-127.0.0.1-18082-exec-2] [34mINFO [0;39m [36ms.k.g.controller.LessonController[0;39m - Un count for genki 13: 26 
20:59:00.198 [http-nio-127.0.0.1-18082-exec-2] [34mINFO [0;39m [36ms.k.g.controller.LessonController[0;39m - Un count for genki 15: 6 
20:59:00.202 [http-nio-127.0.0.1-18082-exec-2] [34mINFO [0;39m [36ms.k.g.controller.LessonController[0;39m - Un count for jlpt n3: 6 
20:59:00.205 [http-nio-127.0.0.1-18082-exec-2] [34mINFO [0;39m [36ms.k.g.controller.LessonController[0;39m - Un count for jlpt n4: 9 
20:59:00.205 [http-nio-127.0.0.1-18082-exec-2] [34mINFO [0;39m [36ms.k.g.controller.LessonController[0;39m - Collecting lesson nuggets took 19 ms 
20:59:00.335 [http-nio-127.0.0.1-18082-exec-9] [34mINFO [0;39m [36ms.k.g.controller.LessonController[0;39m - Getting vocabulary lessons took 127 ms. 
20:59:00.339 [http-nio-127.0.0.1-18082-exec-9] [34mINFO [0;39m [36ms.k.g.controller.LessonController[0;39m - Un count for Verbs: 50 
20:59:00.341 [http-nio-127.0.0.1-18082-exec-9] [34mINFO [0;39m [36ms.k.g.controller.LessonController[0;39m - Un count for genki 13: 26 
20:59:00.344 [http-nio-127.0.0.1-18082-exec-9] [34mINFO [0;39m [36ms.k.g.controller.LessonController[0;39m - Un count for genki 15: 6 
20:59:00.346 [http-nio-127.0.0.1-18082-exec-9] [34mINFO [0;39m [36ms.k.g.controller.LessonController[0;39m - Un count for jlpt n3: 6 
20:59:00.349 [http-nio-127.0.0.1-18082-exec-9] [34mINFO [0;39m [36ms.k.g.controller.LessonController[0;39m - Un count for jlpt n4: 9 
20:59:00.349 [http-nio-127.0.0.1-18082-exec-9] [34mINFO [0;39m [36ms.k.g.controller.LessonController[0;39m - Collecting lesson nuggets took 14 ms 
20:59:14.739 [http-nio-127.0.0.1-18082-exec-4] [34mINFO [0;39m [36ms.k.g.controller.EventController[0;39m - 2026-10-04 20:59:14.723 / login / login / true / null / pgbrowser1004 
20:59:14.749 [http-nio-127.0.0.1-18082-exec-10] [1;31mERROR[0;39m [36mo.a.c.c.C.[.[.[.[dispatcherServlet][0;39m - Servlet.service() for servlet [dispatcherServlet] in context with path [] threw exception [Request processing failed; nested exception is javax.validation.ConstraintViolationException: Validation failed for classes [se.kits.gakusei.content.model.UserLesson] during persist time for groups [javax.validation.groups.Default, ]
List of constraint violations:[
	ConstraintViolationImpl{interpolatedMessage='must not be null', propertyPath=lesson, rootBeanClass=class se.kits.gakusei.content.model.UserLesson, messageTemplate='{javax.validation.constraints.NotNull.message}'}
]] with root cause 
javax.validation.ConstraintViolationException: Validation failed for classes [se.kits.gakusei.content.model.UserLesson] during persist time for groups [javax.validation.groups.Default, ]
List of constraint violations:[
	ConstraintViolationImpl{interpolatedMessage='must not be null', propertyPath=lesson, rootBeanClass=class se.kits.gakusei.content.model.UserLesson, messageTemplate='{javax.validation.constraints.NotNull.message}'}
]
	at org.hibernate.cfg.beanvalidation.BeanValidationEventListener.validate(BeanValidationEventListener.java:140)
	at org.hibernate.cfg.beanvalidation.BeanValidationEventListener.onPreInsert(BeanValidationEventListener.java:80)
	at org.hibernate.action.internal.EntityIdentityInsertAction.preInsert(EntityIdentityInsertAction.java:188)
	at org.hibernate.action.internal.EntityIdentityInsertAction.execute(EntityIdentityInsertAction.java:78)
	at org.hibernate.engine.spi.ActionQueue.execute(ActionQueue.java:645)
	at org.hibernate.engine.spi.ActionQueue.addResolvedEntityInsertAction(ActionQueue.java:282)
	at org.hibernate.engine.spi.ActionQueue.addInsertAction(ActionQueue.java:263)
	at org.hibernate.engine.spi.ActionQueue.addAction(ActionQueue.java:317)
	at org.hibernate.event.internal.AbstractSaveEventListener.addInsertAction(AbstractSaveEventListener.java:329)
	at org.hibernate.event.internal.AbstractSaveEventListener.performSaveOrReplicate(AbstractSaveEventListener.java:286)
	at org.hibernate.event.internal.AbstractSaveEventListener.performSave(AbstractSaveEventListener.java:192)
	at org.hibernate.event.internal.AbstractSaveEventListener.saveWithGeneratedId(AbstractSaveEventListener.java:122)
	at org.hibernate.event.internal.DefaultPersistEventListener.entityIsTransient(DefaultPersistEventListener.java:185)
	at org.hibernate.event.internal.DefaultPersistEventListener.onPersist(DefaultPersistEventListener.java:128)
	at org.hibernate.event.internal.DefaultPersistEventListener.onPersist(DefaultPersistEventListener.java:55)
	at org.hibernate.event.service.internal.EventListenerGroupImpl.fireEventOnEachListener(EventListenerGroupImpl.java:107)
	at org.hibernate.internal.SessionImpl.firePersist(SessionImpl.java:756)
	at org.hibernate.internal.SessionImpl.persist(SessionImpl.java:742)
	at java.base/jdk.internal.reflect.NativeMethodAccessorImpl.invoke0(Native Method)
	at java.base/jdk.internal.reflect.NativeMethodAccessorImpl.invoke(NativeMethodAccessorImpl.java:77)
	at java.base/jdk.internal.reflect.DelegatingMethodAccessorImpl.invoke(DelegatingMethodAccessorImpl.java:43)
	at java.base/java.lang.reflect.Method.invoke(Method.java:569)
	at org.springframework.orm.jpa.ExtendedEntityManagerCreator$ExtendedEntityManagerInvocationHandler.invoke(ExtendedEntityManagerCreator.java:362)
	at jdk.proxy3/jdk.proxy3.$Proxy160.persist(Unknown Source)
	at java.base/jdk.internal.reflect.NativeMethodAccessorImpl.invoke0(Native Method)
	at java.base/jdk.internal.reflect.NativeMethodAccessorImpl.invoke(NativeMethodAccessorImpl.java:77)
	at java.base/jdk.internal.reflect.DelegatingMethodAccessorImpl.invoke(DelegatingMethodAccessorImpl.java:43)
	at java.base/java.lang.reflect.Method.invoke(Method.java:569)
	at org.springframework.orm.jpa.SharedEntityManagerCreator$SharedEntityManagerInvocationHandler.invoke(SharedEntityManagerCreator.java:315)
	at jdk.proxy3/jdk.proxy3.$Proxy160.persist(Unknown Source)
	at org.springframework.data.jpa.repository.support.SimpleJpaRepository.save(SimpleJpaRepository.java:666)
	at java.base/jdk.internal.reflect.NativeMethodAccessorImpl.invoke0(Native Method)
	at java.base/jdk.internal.reflect.NativeMethodAccessorImpl.invoke(NativeMethodAccessorImpl.java:77)
	at java.base/jdk.internal.reflect.DelegatingMethodAccessorImpl.invoke(DelegatingMethodAccessorImpl.java:43)
	at java.base/java.lang.reflect.Method.invoke(Method.java:569)
	at org.springframework.data.repository.core.support.RepositoryMethodInvoker$RepositoryFragmentMethodInvoker.lambda$new$0(RepositoryMethodInvoker.java:289)
	at org.springframework.data.repository.core.support.RepositoryMethodInvoker.doInvoke(RepositoryMethodInvoker.java:137)
	at org.springframework.data.repository.core.support.RepositoryMethodInvoker.invoke(RepositoryMethodInvoker.java:121)
	at org.springframework.data.repository.core.support.RepositoryComposition$RepositoryFragments.invoke(RepositoryComposition.java:530)
	at org.springframework.data.repository.core.support.RepositoryComposition.invoke(RepositoryComposition.java:286)
	at org.springframework.data.repository.core.support.RepositoryFactorySupport$ImplementationMethodExecutionInterceptor.invoke(RepositoryFactorySupport.java:640)
	at org.springframework.aop.framework.ReflectiveMethodInvocation.proceed(ReflectiveMethodInvocation.java:186)
	at org.springframework.data.repository.core.support.QueryExecutorMethodInterceptor.doInvoke(QueryExecutorMethodInterceptor.java:164)
	at org.springframework.data.repository.core.support.QueryExecutorMethodInterceptor.invoke(QueryExecutorMethodInterceptor.java:139)
	at org.springframework.aop.framework.ReflectiveMethodInvocation.proceed(ReflectiveMethodInvocation.java:186)
	at org.springframework.transaction.interceptor.TransactionInterceptor$1.proceedWithInvocation(TransactionInterceptor.java:123)
	at org.springframework.transaction.interceptor.TransactionAspectSupport.invokeWithinTransaction(TransactionAspectSupport.java:388)
	at org.springframework.transaction.interceptor.TransactionInterceptor.invoke(TransactionInterceptor.java:119)
	at org.springframework.aop.framework.ReflectiveMethodInvocation.proceed(ReflectiveMethodInvocation.java:186)
	at org.springframework.dao.support.PersistenceExceptionTranslationInterceptor.invoke(PersistenceExceptionTranslationInterceptor.java:137)
	at org.springframework.aop.framework.ReflectiveMethodInvocation.proceed(ReflectiveMethodInvocation.java:186)
	at org.springframework.data.jpa.repository.support.CrudMethodMetadataPostProcessor$CrudMethodMetadataPopulatingMethodInterceptor.invoke(CrudMethodMetadataPostProcessor.java:174)
	at org.springframework.aop.framework.ReflectiveMethodInvocation.proceed(ReflectiveMethodInvocation.java:186)
	at org.springframework.aop.interceptor.ExposeInvocationInterceptor.invoke(ExposeInvocationInterceptor.java:97)
	at org.springframework.aop.framework.ReflectiveMethodInvocation.proceed(ReflectiveMethodInvocation.java:186)
	at org.springframework.aop.framework.JdkDynamicAopProxy.invoke(JdkDynamicAopProxy.java:241)
	at jdk.proxy3/jdk.proxy3.$Proxy185.save(Unknown Source)
	at se.kits.gakusei.controller.UserLessonController.addUserLesson(UserLessonController.java:60)
	at java.base/jdk.internal.reflect.NativeMethodAccessorImpl.invoke0(Native Method)
	at java.base/jdk.internal.reflect.NativeMethodAccessorImpl.invoke(NativeMethodAccessorImpl.java:77)
	at java.base/jdk.internal.reflect.DelegatingMethodAccessorImpl.invoke(DelegatingMethodAccessorImpl.java:43)
	at java.base/java.lang.reflect.Method.invoke(Method.java:569)
	at org.springframework.web.method.support.InvocableHandlerMethod.doInvoke(InvocableHandlerMethod.java:205)
	at org.springframework.web.method.support.InvocableHandlerMethod.invokeForRequest(InvocableHandlerMethod.java:150)
	at org.springframework.web.servlet.mvc.method.annotation.ServletInvocableHandlerMethod.invokeAndHandle(ServletInvocableHandlerMethod.java:117)
	at org.springframework.web.servlet.mvc.method.annotation.RequestMappingHandlerAdapter.invokeHandlerMethod(RequestMappingHandlerAdapter.java:895)
	at org.springframework.web.servlet.mvc.method.annotation.RequestMappingHandlerAdapter.handleInternal(RequestMappingHandlerAdapter.java:808)
	at org.springframework.web.servlet.mvc.method.AbstractHandlerMethodAdapter.handle(AbstractHandlerMethodAdapter.java:87)
	at org.springframework.web.servlet.DispatcherServlet.doDispatch(DispatcherServlet.java:1072)
	at org.springframework.web.servlet.DispatcherServlet.doService(DispatcherServlet.java:965)
	at org.springframework.web.servlet.FrameworkServlet.processRequest(FrameworkServlet.java:1006)
	at org.springframework.web.servlet.FrameworkServlet.doPost(FrameworkServlet.java:909)
	at javax.servlet.http.HttpServlet.service(HttpServlet.java:555)
	at org.springframework.web.servlet.FrameworkServlet.service(FrameworkServlet.java:883)
	at javax.servlet.http.HttpServlet.service(HttpServlet.java:623)
	at org.apache.catalina.core.ApplicationFilterChain.internalDoFilter(ApplicationFilterChain.java:209)
	at org.apache.catalina.core.ApplicationFilterChain.doFilter(ApplicationFilterChain.java:153)
	at org.apache.tomcat.websocket.server.WsFilter.doFilter(WsFilter.java:51)
	at org.apache.catalina.core.ApplicationFilterChain.internalDoFilter(ApplicationFilterChain.java:178)
	at org.apache.catalina.core.ApplicationFilterChain.doFilter(ApplicationFilterChain.java:153)
	at org.springframework.security.web.FilterChainProxy$VirtualFilterChain.doFilter(FilterChainProxy.java:337)
	at org.springframework.security.web.access.intercept.FilterSecurityInterceptor.invoke(FilterSecurityInterceptor.java:115)
	at org.springframework.security.web.access.intercept.FilterSecurityInterceptor.doFilter(FilterSecurityInterceptor.java:81)
	at org.springframework.security.web.FilterChainProxy$VirtualFilterChain.doFilter(FilterChainProxy.java:346)
	at org.springframework.security.web.access.ExceptionTranslationFilter.doFilter(ExceptionTranslationFilter.java:122)
	at org.springframework.security.web.access.ExceptionTranslationFilter.doFilter(ExceptionTranslationFilter.java:116)
	at org.springframework.security.web.FilterChainProxy$VirtualFilterChain.doFilter(FilterChainProxy.java:346)
	at org.springframework.security.web.session.SessionManagementFilter.doFilter(SessionManagementFilter.java:126)
	at org.springframework.security.web.session.SessionManagementFilter.doFilter(SessionManagementFilter.java:81)
	at org.springframework.security.web.FilterChainProxy$VirtualFilterChain.doFilter(FilterChainProxy.java:346)
	at org.springframework.security.web.authentication.AnonymousAuthenticationFilter.doFilter(AnonymousAuthenticationFilter.java:109)
	at org.springframework.security.web.FilterChainProxy$VirtualFilterChain.doFilter(FilterChainProxy.java:346)
	at org.springframework.security.web.authentication.rememberme.RememberMeAuthenticationFilter.doFilter(RememberMeAuthenticationFilter.java:106)
	at org.springframework.security.web.authentication.rememberme.RememberMeAuthenticationFilter.doFilter(RememberMeAuthenticationFilter.java:97)
	at org.springframework.security.web.FilterChainProxy$VirtualFilterChain.doFilter(FilterChainProxy.java:346)
	at org.springframework.security.web.servletapi.SecurityContextHolderAwareRequestFilter.doFilter(SecurityContextHolderAwareRequestFilter.java:149)
	at org.springframework.security.web.FilterChainProxy$VirtualFilterChain.doFilter(FilterChainProxy.java:346)
	at org.springframework.security.web.savedrequest.RequestCacheAwareFilter.doFilter(RequestCacheAwareFilter.java:63)
	at org.springframework.security.web.FilterChainProxy$VirtualFilterChain.doFilter(FilterChainProxy.java:346)
	at org.springframework.security.web.authentication.www.BasicAuthenticationFilter.doFilterInternal(BasicAuthenticationFilter.java:164)
	at org.springframework.web.filter.OncePerRequestFilter.doFilter(OncePerRequestFilter.java:117)
	at org.springframework.security.web.FilterChainProxy$VirtualFilterChain.doFilter(FilterChainProxy.java:346)
	at org.springframework.security.web.authentication.AbstractAuthenticationProcessingFilter.doFilter(AbstractAuthenticationProcessingFilter.java:223)
	at org.springframework.security.web.authentication.AbstractAuthenticationProcessingFilter.doFilter(AbstractAuthenticationProcessingFilter.java:217)
	at org.springframework.security.web.FilterChainProxy$VirtualFilterChain.doFilter(FilterChainProxy.java:346)
	at org.springframework.security.web.authentication.logout.LogoutFilter.doFilter(LogoutFilter.java:103)
	at org.springframework.security.web.authentication.logout.LogoutFilter.doFilter(LogoutFilter.java:89)
	at org.springframework.security.web.FilterChainProxy$VirtualFilterChain.doFilter(FilterChainProxy.java:346)
	at org.springframework.security.web.header.HeaderWriterFilter.doHeadersAfter(HeaderWriterFilter.java:90)
	at org.springframework.security.web.header.HeaderWriterFilter.doFilterInternal(HeaderWriterFilter.java:75)
	at org.springframework.web.filter.OncePerRequestFilter.doFilter(OncePerRequestFilter.java:117)
	at org.springframework.security.web.FilterChainProxy$VirtualFilterChain.doFilter(FilterChainProxy.java:346)
	at org.springframework.security.web.context.SecurityContextPersistenceFilter.doFilter(SecurityContextPersistenceFilter.java:112)
	at org.springframework.security.web.context.SecurityContextPersistenceFilter.doFilter(SecurityContextPersistenceFilter.java:82)
	at org.springframework.security.web.FilterChainProxy$VirtualFilterChain.doFilter(FilterChainProxy.java:346)
	at org.springframework.security.web.context.request.async.WebAsyncManagerIntegrationFilter.doFilterInternal(WebAsyncManagerIntegrationFilter.java:55)
	at org.springframework.web.filter.OncePerRequestFilter.doFilter(OncePerRequestFilter.java:117)
	at org.springframework.security.web.FilterChainProxy$VirtualFilterChain.doFilter(FilterChainProxy.java:346)
	at org.springframework.security.web.session.DisableEncodeUrlFilter.doFilterInternal(DisableEncodeUrlFilter.java:42)
	at org.springframework.web.filter.OncePerRequestFilter.doFilter(OncePerRequestFilter.java:117)
	at org.springframework.security.web.FilterChainProxy$VirtualFilterChain.doFilter(FilterChainProxy.java:346)
	at org.springframework.security.web.FilterChainProxy.doFilterInternal(FilterChainProxy.java:221)
	at org.springframework.security.web.FilterChainProxy.doFilter(FilterChainProxy.java:186)
	at org.springframework.web.filter.DelegatingFilterProxy.invokeDelegate(DelegatingFilterProxy.java:354)
	at org.springframework.web.filter.DelegatingFilterProxy.doFilter(DelegatingFilterProxy.java:267)
	at org.apache.catalina.core.ApplicationFilterChain.internalDoFilter(ApplicationFilterChain.java:178)
	at org.apache.catalina.core.ApplicationFilterChain.doFilter(ApplicationFilterChain.java:153)
	at org.springframework.web.filter.RequestContextFilter.doFilterInternal(RequestContextFilter.java:100)
	at org.springframework.web.filter.OncePerRequestFilter.doFilter(OncePerRequestFilter.java:117)
	at org.apache.catalina.core.ApplicationFilterChain.internalDoFilter(ApplicationFilterChain.java:178)
	at org.apache.catalina.core.ApplicationFilterChain.doFilter(ApplicationFilterChain.java:153)
	at org.springframework.web.filter.FormContentFilter.doFilterInternal(FormContentFilter.java:93)
	at org.springframework.web.filter.OncePerRequestFilter.doFilter(OncePerRequestFilter.java:117)
	at org.apache.catalina.core.ApplicationFilterChain.internalDoFilter(ApplicationFilterChain.java:178)
	at org.apache.catalina.core.ApplicationFilterChain.doFilter(ApplicationFilterChain.java:153)
	at org.springframework.web.filter.CharacterEncodingFilter.doFilterInternal(CharacterEncodingFilter.java:201)
	at org.springframework.web.filter.OncePerRequestFilter.doFilter(OncePerRequestFilter.java:117)
	at org.apache.catalina.core.ApplicationFilterChain.internalDoFilter(ApplicationFilterChain.java:178)
	at org.apache.catalina.core.ApplicationFilterChain.doFilter(ApplicationFilterChain.java:153)
	at org.apache.catalina.core.StandardWrapperValve.invoke(StandardWrapperValve.java:168)
	at org.apache.catalina.core.StandardContextValve.invoke(StandardContextValve.java:90)
	at org.apache.catalina.authenticator.AuthenticatorBase.invoke(AuthenticatorBase.java:481)
	at org.apache.catalina.core.StandardHostValve.invoke(StandardHostValve.java:130)
	at org.apache.catalina.valves.ErrorReportValve.invoke(ErrorReportValve.java:93)
	at org.apache.catalina.core.StandardEngineValve.invoke(StandardEngineValve.java:74)
	at org.apache.catalina.valves.RemoteIpValve.invoke(RemoteIpValve.java:765)
	at org.apache.catalina.connector.CoyoteAdapter.service(CoyoteAdapter.java:342)
	at org.apache.coyote.http11.Http11Processor.service(Http11Processor.java:390)
	at org.apache.coyote.AbstractProcessorLight.process(AbstractProcessorLight.java:63)
	at org.apache.coyote.AbstractProtocol$ConnectionHandler.process(AbstractProtocol.java:928)
	at org.apache.tomcat.util.net.NioEndpoint$SocketProcessor.doRun(NioEndpoint.java:1794)
	at org.apache.tomcat.util.net.SocketProcessorBase.run(SocketProcessorBase.java:52)
	at org.apache.tomcat.util.threads.ThreadPoolExecutor.runWorker(ThreadPoolExecutor.java:1191)
	at org.apache.tomcat.util.threads.ThreadPoolExecutor$Worker.run(ThreadPoolExecutor.java:659)
	at org.apache.tomcat.util.threads.TaskThread$WrappingRunnable.run(TaskThread.java:61)
	at java.base/java.lang.Thread.run(Thread.java:840)
20:59:14.749 [http-nio-127.0.0.1-18082-exec-5] [1;31mERROR[0;39m [36mo.a.c.c.C.[.[.[.[dispatcherServlet][0;39m - Servlet.service() for servlet [dispatcherServlet] in context with path [] threw exception [Request processing failed; nested exception is javax.validation.ConstraintViolationException: Validation failed for classes [se.kits.gakusei.content.model.UserLesson] during persist time for groups [javax.validation.groups.Default, ]
List of constraint violations:[
	ConstraintViolationImpl{interpolatedMessage='must not be null', propertyPath=lesson, rootBeanClass=class se.kits.gakusei.content.model.UserLesson, messageTemplate='{javax.validation.constraints.NotNull.message}'}
]] with root cause 
javax.validation.ConstraintViolationException: Validation failed for classes [se.kits.gakusei.content.model.UserLesson] during persist time for groups [javax.validation.groups.Default, ]
List of constraint violations:[
	ConstraintViolationImpl{interpolatedMessage='must not be null', propertyPath=lesson, rootBeanClass=class se.kits.gakusei.content.model.UserLesson, messageTemplate='{javax.validation.constraints.NotNull.message}'}
]
	at org.hibernate.cfg.beanvalidation.BeanValidationEventListener.validate(BeanValidationEventListener.java:140)
	at org.hibernate.cfg.beanvalidation.BeanValidationEventListener.onPreInsert(BeanValidationEventListener.java:80)
	at org.hibernate.action.internal.EntityIdentityInsertAction.preInsert(EntityIdentityInsertAction.java:188)
	at org.hibernate.action.internal.EntityIdentityInsertAction.execute(EntityIdentityInsertAction.java:78)
	at org.hibernate.engine.spi.ActionQueue.execute(ActionQueue.java:645)
	at org.hibernate.engine.spi.ActionQueue.addResolvedEntityInsertAction(ActionQueue.java:282)
	at org.hibernate.engine.spi.ActionQueue.addInsertAction(ActionQueue.java:263)
	at org.hibernate.engine.spi.ActionQueue.addAction(ActionQueue.java:317)
	at org.hibernate.event.internal.AbstractSaveEventListener.addInsertAction(AbstractSaveEventListener.java:329)
	at org.hibernate.event.internal.AbstractSaveEventListener.performSaveOrReplicate(AbstractSaveEventListener.java:286)
	at org.hibernate.event.internal.AbstractSaveEventListener.performSave(AbstractSaveEventListener.java:192)
	at org.hibernate.event.internal.AbstractSaveEventListener.saveWithGeneratedId(AbstractSaveEventListener.java:122)
	at org.hibernate.event.internal.DefaultPersistEventListener.entityIsTransient(DefaultPersistEventListener.java:185)
	at org.hibernate.event.internal.DefaultPersistEventListener.onPersist(DefaultPersistEventListener.java:128)
	at org.hibernate.event.internal.DefaultPersistEventListener.onPersist(DefaultPersistEventListener.java:55)
	at org.hibernate.event.service.internal.EventListenerGroupImpl.fireEventOnEachListener(EventListenerGroupImpl.java:107)
	at org.hibernate.internal.SessionImpl.firePersist(SessionImpl.java:756)
	at org.hibernate.internal.SessionImpl.persist(SessionImpl.java:742)
	at java.base/jdk.internal.reflect.NativeMethodAccessorImpl.invoke0(Native Method)
	at java.base/jdk.internal.reflect.NativeMethodAccessorImpl.invoke(NativeMethodAccessorImpl.java:77)
	at java.base/jdk.internal.reflect.DelegatingMethodAccessorImpl.invoke(DelegatingMethodAccessorImpl.java:43)
	at java.base/java.lang.reflect.Method.invoke(Method.java:569)
	at org.springframework.orm.jpa.ExtendedEntityManagerCreator$ExtendedEntityManagerInvocationHandler.invoke(ExtendedEntityManagerCreator.java:362)
	at jdk.proxy3/jdk.proxy3.$Proxy160.persist(Unknown Source)
	at java.base/jdk.internal.reflect.NativeMethodAccessorImpl.invoke0(Native Method)
	at java.base/jdk.internal.reflect.NativeMethodAccessorImpl.invoke(NativeMethodAccessorImpl.java:77)
	at java.base/jdk.internal.reflect.DelegatingMethodAccessorImpl.invoke(DelegatingMethodAccessorImpl.java:43)
	at java.base/java.lang.reflect.Method.invoke(Method.java:569)
	at org.springframework.orm.jpa.SharedEntityManagerCreator$SharedEntityManagerInvocationHandler.invoke(SharedEntityManagerCreator.java:315)
	at jdk.proxy3/jdk.proxy3.$Proxy160.persist(Unknown Source)
	at org.springframework.data.jpa.repository.support.SimpleJpaRepository.save(SimpleJpaRepository.java:666)
	at java.base/jdk.internal.reflect.NativeMethodAccessorImpl.invoke0(Native Method)
	at java.base/jdk.internal.reflect.NativeMethodAccessorImpl.invoke(NativeMethodAccessorImpl.java:77)
	at java.base/jdk.internal.reflect.DelegatingMethodAccessorImpl.invoke(DelegatingMethodAccessorImpl.java:43)
	at java.base/java.lang.reflect.Method.invoke(Method.java:569)
	at org.springframework.data.repository.core.support.RepositoryMethodInvoker$RepositoryFragmentMethodInvoker.lambda$new$0(RepositoryMethodInvoker.java:289)
	at org.springframework.data.repository.core.support.RepositoryMethodInvoker.doInvoke(RepositoryMethodInvoker.java:137)
	at org.springframework.data.repository.core.support.RepositoryMethodInvoker.invoke(RepositoryMethodInvoker.java:121)
	at org.springframework.data.repository.core.support.RepositoryComposition$RepositoryFragments.invoke(RepositoryComposition.java:530)
	at org.springframework.data.repository.core.support.RepositoryComposition.invoke(RepositoryComposition.java:286)
	at org.springframework.data.repository.core.support.RepositoryFactorySupport$ImplementationMethodExecutionInterceptor.invoke(RepositoryFactorySupport.java:640)
	at org.springframework.aop.framework.ReflectiveMethodInvocation.proceed(ReflectiveMethodInvocation.java:186)
	at org.springframework.data.repository.core.support.QueryExecutorMethodInterceptor.doInvoke(QueryExecutorMethodInterceptor.java:164)
	at org.springframework.data.repository.core.support.QueryExecutorMethodInterceptor.invoke(QueryExecutorMethodInterceptor.java:139)
	at org.springframework.aop.framework.ReflectiveMethodInvocation.proceed(ReflectiveMethodInvocation.java:186)
	at org.springframework.transaction.interceptor.TransactionInterceptor$1.proceedWithInvocation(TransactionInterceptor.java:123)
	at org.springframework.transaction.interceptor.TransactionAspectSupport.invokeWithinTransaction(TransactionAspectSupport.java:388)
	at org.springframework.transaction.interceptor.TransactionInterceptor.invoke(TransactionInterceptor.java:119)
	at org.springframework.aop.framework.ReflectiveMethodInvocation.proceed(ReflectiveMethodInvocation.java:186)
	at org.springframework.dao.support.PersistenceExceptionTranslationInterceptor.invoke(PersistenceExceptionTranslationInterceptor.java:137)
	at org.springframework.aop.framework.ReflectiveMethodInvocation.proceed(ReflectiveMethodInvocation.java:186)
	at org.springframework.data.jpa.repository.support.CrudMethodMetadataPostProcessor$CrudMethodMetadataPopulatingMethodInterceptor.invoke(CrudMethodMetadataPostProcessor.java:174)
	at org.springframework.aop.framework.ReflectiveMethodInvocation.proceed(ReflectiveMethodInvocation.java:186)
	at org.springframework.aop.interceptor.ExposeInvocationInterceptor.invoke(ExposeInvocationInterceptor.java:97)
	at org.springframework.aop.framework.ReflectiveMethodInvocation.proceed(ReflectiveMethodInvocation.java:186)
	at org.springframework.aop.framework.JdkDynamicAopProxy.invoke(JdkDynamicAopProxy.java:241)
	at jdk.proxy3/jdk.proxy3.$Proxy185.save(Unknown Source)
	at se.kits.gakusei.controller.UserLessonController.addUserLesson(UserLessonController.java:60)
	at java.base/jdk.internal.reflect.NativeMethodAccessorImpl.invoke0(Native Method)
	at java.base/jdk.internal.reflect.NativeMethodAccessorImpl.invoke(NativeMethodAccessorImpl.java:77)
	at java.base/jdk.internal.reflect.DelegatingMethodAccessorImpl.invoke(DelegatingMethodAccessorImpl.java:43)
	at java.base/java.lang.reflect.Method.invoke(Method.java:569)
	at org.springframework.web.method.support.InvocableHandlerMethod.doInvoke(InvocableHandlerMethod.java:205)
	at org.springframework.web.method.support.InvocableHandlerMethod.invokeForRequest(InvocableHandlerMethod.java:150)
	at org.springframework.web.servlet.mvc.method.annotation.ServletInvocableHandlerMethod.invokeAndHandle(ServletInvocableHandlerMethod.java:117)
	at org.springframework.web.servlet.mvc.method.annotation.RequestMappingHandlerAdapter.invokeHandlerMethod(RequestMappingHandlerAdapter.java:895)
	at org.springframework.web.servlet.mvc.method.annotation.RequestMappingHandlerAdapter.handleInternal(RequestMappingHandlerAdapter.java:808)
	at org.springframework.web.servlet.mvc.method.AbstractHandlerMethodAdapter.handle(AbstractHandlerMethodAdapter.java:87)
	at org.springframework.web.servlet.DispatcherServlet.doDispatch(DispatcherServlet.java:1072)
	at org.springframework.web.servlet.DispatcherServlet.doService(DispatcherServlet.java:965)
	at org.springframework.web.servlet.FrameworkServlet.processRequest(FrameworkServlet.java:1006)
	at org.springframework.web.servlet.FrameworkServlet.doPost(FrameworkServlet.java:909)
	at javax.servlet.http.HttpServlet.service(HttpServlet.java:555)
	at org.springframework.web.servlet.FrameworkServlet.service(FrameworkServlet.java:883)
	at javax.servlet.http.HttpServlet.service(HttpServlet.java:623)
	at org.apache.catalina.core.ApplicationFilterChain.internalDoFilter(ApplicationFilterChain.java:209)
	at org.apache.catalina.core.ApplicationFilterChain.doFilter(ApplicationFilterChain.java:153)
	at org.apache.tomcat.websocket.server.WsFilter.doFilter(WsFilter.java:51)
	at org.apache.catalina.core.ApplicationFilterChain.internalDoFilter(ApplicationFilterChain.java:178)
	at org.apache.catalina.core.ApplicationFilterChain.doFilter(ApplicationFilterChain.java:153)
	at org.springframework.security.web.FilterChainProxy$VirtualFilterChain.doFilter(FilterChainProxy.java:337)
	at org.springframework.security.web.access.intercept.FilterSecurityInterceptor.invoke(FilterSecurityInterceptor.java:115)
	at org.springframework.security.web.access.intercept.FilterSecurityInterceptor.doFilter(FilterSecurityInterceptor.java:81)
	at org.springframework.security.web.FilterChainProxy$VirtualFilterChain.doFilter(FilterChainProxy.java:346)
	at org.springframework.security.web.access.ExceptionTranslationFilter.doFilter(ExceptionTranslationFilter.java:122)
	at org.springframework.security.web.access.ExceptionTranslationFilter.doFilter(ExceptionTranslationFilter.java:116)
	at org.springframework.security.web.FilterChainProxy$VirtualFilterChain.doFilter(FilterChainProxy.java:346)
	at org.springframework.security.web.session.SessionManagementFilter.doFilter(SessionManagementFilter.java:126)
	at org.springframework.security.web.session.SessionManagementFilter.doFilter(SessionManagementFilter.java:81)
	at org.springframework.security.web.FilterChainProxy$VirtualFilterChain.doFilter(FilterChainProxy.java:346)
	at org.springframework.security.web.authentication.AnonymousAuthenticationFilter.doFilter(AnonymousAuthenticationFilter.java:109)
	at org.springframework.security.web.FilterChainProxy$VirtualFilterChain.doFilter(FilterChainProxy.java:346)
	at org.springframework.security.web.authentication.rememberme.RememberMeAuthenticationFilter.doFilter(RememberMeAuthenticationFilter.java:106)
	at org.springframework.security.web.authentication.rememberme.RememberMeAuthenticationFilter.doFilter(RememberMeAuthenticationFilter.java:97)
	at org.springframework.security.web.FilterChainProxy$VirtualFilterChain.doFilter(FilterChainProxy.java:346)
	at org.springframework.security.web.servletapi.SecurityContextHolderAwareRequestFilter.doFilter(SecurityContextHolderAwareRequestFilter.java:149)
	at org.springframework.security.web.FilterChainProxy$VirtualFilterChain.doFilter(FilterChainProxy.java:346)
	at org.springframework.security.web.savedrequest.RequestCacheAwareFilter.doFilter(RequestCacheAwareFilter.java:63)
	at org.springframework.security.web.FilterChainProxy$VirtualFilterChain.doFilter(FilterChainProxy.java:346)
	at org.springframework.security.web.authentication.www.BasicAuthenticationFilter.doFilterInternal(BasicAuthenticationFilter.java:164)
	at org.springframework.web.filter.OncePerRequestFilter.doFilter(OncePerRequestFilter.java:117)
	at org.springframework.security.web.FilterChainProxy$VirtualFilterChain.doFilter(FilterChainProxy.java:346)
	at org.springframework.security.web.authentication.AbstractAuthenticationProcessingFilter.doFilter(AbstractAuthenticationProcessingFilter.java:223)
	at org.springframework.security.web.authentication.AbstractAuthenticationProcessingFilter.doFilter(AbstractAuthenticationProcessingFilter.java:217)
	at org.springframework.security.web.FilterChainProxy$VirtualFilterChain.doFilter(FilterChainProxy.java:346)
	at org.springframework.security.web.authentication.logout.LogoutFilter.doFilter(LogoutFilter.java:103)
	at org.springframework.security.web.authentication.logout.LogoutFilter.doFilter(LogoutFilter.java:89)
	at org.springframework.security.web.FilterChainProxy$VirtualFilterChain.doFilter(FilterChainProxy.java:346)
	at org.springframework.security.web.header.HeaderWriterFilter.doHeadersAfter(HeaderWriterFilter.java:90)
	at org.springframework.security.web.header.HeaderWriterFilter.doFilterInternal(HeaderWriterFilter.java:75)
	at org.springframework.web.filter.OncePerRequestFilter.doFilter(OncePerRequestFilter.java:117)
	at org.springframework.security.web.FilterChainProxy$VirtualFilterChain.doFilter(FilterChainProxy.java:346)
	at org.springframework.security.web.context.SecurityContextPersistenceFilter.doFilter(SecurityContextPersistenceFilter.java:112)
	at org.springframework.security.web.context.SecurityContextPersistenceFilter.doFilter(SecurityContextPersistenceFilter.java:82)
	at org.springframework.security.web.FilterChainProxy$VirtualFilterChain.doFilter(FilterChainProxy.java:346)
	at org.springframework.security.web.context.request.async.WebAsyncManagerIntegrationFilter.doFilterInternal(WebAsyncManagerIntegrationFilter.java:55)
	at org.springframework.web.filter.OncePerRequestFilter.doFilter(OncePerRequestFilter.java:117)
	at org.springframework.security.web.FilterChainProxy$VirtualFilterChain.doFilter(FilterChainProxy.java:346)
	at org.springframework.security.web.session.DisableEncodeUrlFilter.doFilterInternal(DisableEncodeUrlFilter.java:42)
	at org.springframework.web.filter.OncePerRequestFilter.doFilter(OncePerRequestFilter.java:117)
	at org.springframework.security.web.FilterChainProxy$VirtualFilterChain.doFilter(FilterChainProxy.java:346)
	at org.springframework.security.web.FilterChainProxy.doFilterInternal(FilterChainProxy.java:221)
	at org.springframework.security.web.FilterChainProxy.doFilter(FilterChainProxy.java:186)
	at org.springframework.web.filter.DelegatingFilterProxy.invokeDelegate(DelegatingFilterProxy.java:354)
	at org.springframework.web.filter.DelegatingFilterProxy.doFilter(DelegatingFilterProxy.java:267)
	at org.apache.catalina.core.ApplicationFilterChain.internalDoFilter(ApplicationFilterChain.java:178)
	at org.apache.catalina.core.ApplicationFilterChain.doFilter(ApplicationFilterChain.java:153)
	at org.springframework.web.filter.RequestContextFilter.doFilterInternal(RequestContextFilter.java:100)
	at org.springframework.web.filter.OncePerRequestFilter.doFilter(OncePerRequestFilter.java:117)
	at org.apache.catalina.core.ApplicationFilterChain.internalDoFilter(ApplicationFilterChain.java:178)
	at org.apache.catalina.core.ApplicationFilterChain.doFilter(ApplicationFilterChain.java:153)
	at org.springframework.web.filter.FormContentFilter.doFilterInternal(FormContentFilter.java:93)
	at org.springframework.web.filter.OncePerRequestFilter.doFilter(OncePerRequestFilter.java:117)
	at org.apache.catalina.core.ApplicationFilterChain.internalDoFilter(ApplicationFilterChain.java:178)
	at org.apache.catalina.core.ApplicationFilterChain.doFilter(ApplicationFilterChain.java:153)
	at org.springframework.web.filter.CharacterEncodingFilter.doFilterInternal(CharacterEncodingFilter.java:201)
	at org.springframework.web.filter.OncePerRequestFilter.doFilter(OncePerRequestFilter.java:117)
	at org.apache.catalina.core.ApplicationFilterChain.internalDoFilter(ApplicationFilterChain.java:178)
	at org.apache.catalina.core.ApplicationFilterChain.doFilter(ApplicationFilterChain.java:153)
	at org.apache.catalina.core.StandardWrapperValve.invoke(StandardWrapperValve.java:168)
	at org.apache.catalina.core.StandardContextValve.invoke(StandardContextValve.java:90)
	at org.apache.catalina.authenticator.AuthenticatorBase.invoke(AuthenticatorBase.java:481)
	at org.apache.catalina.core.StandardHostValve.invoke(StandardHostValve.java:130)
	at org.apache.catalina.valves.ErrorReportValve.invoke(ErrorReportValve.java:93)
	at org.apache.catalina.core.StandardEngineValve.invoke(StandardEngineValve.java:74)
	at org.apache.catalina.valves.RemoteIpValve.invoke(RemoteIpValve.java:765)
	at org.apache.catalina.connector.CoyoteAdapter.service(CoyoteAdapter.java:342)
	at org.apache.coyote.http11.Http11Processor.service(Http11Processor.java:390)
	at org.apache.coyote.AbstractProcessorLight.process(AbstractProcessorLight.java:63)
	at org.apache.coyote.AbstractProtocol$ConnectionHandler.process(AbstractProtocol.java:928)
	at org.apache.tomcat.util.net.NioEndpoint$SocketProcessor.doRun(NioEndpoint.java:1794)
	at org.apache.tomcat.util.net.SocketProcessorBase.run(SocketProcessorBase.java:52)
	at org.apache.tomcat.util.threads.ThreadPoolExecutor.runWorker(ThreadPoolExecutor.java:1191)
	at org.apache.tomcat.util.threads.ThreadPoolExecutor$Worker.run(ThreadPoolExecutor.java:659)
	at org.apache.tomcat.util.threads.TaskThread$WrappingRunnable.run(TaskThread.java:61)
	at java.base/java.lang.Thread.run(Thread.java:840)
20:59:14.853 [http-nio-127.0.0.1-18082-exec-2] [34mINFO [0;39m [36ms.k.g.controller.LessonController[0;39m - Getting vocabulary lessons took 134 ms. 
20:59:14.856 [http-nio-127.0.0.1-18082-exec-2] [34mINFO [0;39m [36ms.k.g.controller.LessonController[0;39m - Un count for Verbs: 50 
20:59:14.859 [http-nio-127.0.0.1-18082-exec-2] [34mINFO [0;39m [36ms.k.g.controller.LessonController[0;39m - Un count for genki 13: 26 
20:59:14.861 [http-nio-127.0.0.1-18082-exec-2] [34mINFO [0;39m [36ms.k.g.controller.LessonController[0;39m - Un count for genki 15: 6 
20:59:14.864 [http-nio-127.0.0.1-18082-exec-2] [34mINFO [0;39m [36ms.k.g.controller.LessonController[0;39m - Un count for jlpt n3: 6 
20:59:14.867 [http-nio-127.0.0.1-18082-exec-2] [34mINFO [0;39m [36ms.k.g.controller.LessonController[0;39m - Un count for jlpt n4: 9 
20:59:14.867 [http-nio-127.0.0.1-18082-exec-2] [34mINFO [0;39m [36ms.k.g.controller.LessonController[0;39m - Collecting lesson nuggets took 14 ms 
20:59:34.418 [http-nio-127.0.0.1-18082-exec-4] [34mINFO [0;39m [36ms.k.g.controller.EventController[0;39m - 2026-10-04 20:59:34.414 / lessons / question / えいがかん / 2064a49b-4cc9-476a-a472-d8b9d8d4b4c1 / pgbrowser1004 
20:59:34.421 [http-nio-127.0.0.1-18082-exec-4] [34mINFO [0;39m [36ms.k.g.controller.EventController[0;39m - 2026-10-04 20:59:34.414 / lessons / question / 映画館 / 2064a49b-4cc9-476a-a472-d8b9d8d4b4c1 / pgbrowser1004 
20:59:34.425 [http-nio-127.0.0.1-18082-exec-4] [34mINFO [0;39m [36ms.k.g.controller.EventController[0;39m - 2026-10-04 20:59:34.414 / lessons / alternative / biograf / null / pgbrowser1004 
20:59:34.429 [http-nio-127.0.0.1-18082-exec-4] [34mINFO [0;39m [36ms.k.g.controller.EventController[0;39m - 2026-10-04 20:59:34.414 / lessons / alternative / nattklubb / null / pgbrowser1004 
20:59:34.433 [http-nio-127.0.0.1-18082-exec-4] [34mINFO [0;39m [36ms.k.g.controller.EventController[0;39m - 2026-10-04 20:59:34.414 / lessons / alternative / utlänning / null / pgbrowser1004 
20:59:34.438 [http-nio-127.0.0.1-18082-exec-4] [34mINFO [0;39m [36ms.k.g.controller.EventController[0;39m - 2026-10-04 20:59:34.414 / lessons / alternative / Internet / null / pgbrowser1004 
21:00:17.958 [http-nio-127.0.0.1-18082-exec-5] [34mINFO [0;39m [36ms.k.g.controller.EventController[0;39m - 2026-10-04 21:00:17.938 / lessons / userAnswer / biograf / null / pgbrowser1004 
21:00:17.967 [http-nio-127.0.0.1-18082-exec-5] [34mINFO [0;39m [36ms.k.g.controller.EventController[0;39m - 2026-10-04 21:00:17.938 / lessons / correctAlternative / えいがかん / 2064a49b-4cc9-476a-a472-d8b9d8d4b4c1 / pgbrowser1004 
21:00:17.973 [http-nio-127.0.0.1-18082-exec-5] [34mINFO [0;39m [36ms.k.g.controller.EventController[0;39m - 2026-10-04 21:00:17.938 / lessons / correctAlternative / biograf / 2064a49b-4cc9-476a-a472-d8b9d8d4b4c1 / pgbrowser1004 
21:00:17.978 [http-nio-127.0.0.1-18082-exec-5] [34mINFO [0;39m [36ms.k.g.controller.EventController[0;39m - 2026-10-04 21:00:17.938 / lessons / answeredCorrectly / true / 2064a49b-4cc9-476a-a472-d8b9d8d4b4c1 / pgbrowser1004 
21:00:18.000 [http-nio-127.0.0.1-18082-exec-5] [34mINFO [0;39m [36ms.k.g.controller.EventController[0;39m - 2026-10-04 21:00:17.938 / lessons / updateRetention / true / 2064a49b-4cc9-476a-a472-d8b9d8d4b4c1 / pgbrowser1004 
21:00:19.476 [http-nio-127.0.0.1-18082-exec-10] [34mINFO [0;39m [36ms.k.g.controller.EventController[0;39m - 2026-10-04 21:00:19.47 / lessons / question / がいこくじん / be0c303d-8b11-4619-8ef5-9b41a14859f4 / pgbrowser1004 
21:00:19.480 [http-nio-127.0.0.1-18082-exec-10] [34mINFO [0;39m [36ms.k.g.controller.EventController[0;39m - 2026-10-04 21:00:19.47 / lessons / question / 外国人 / be0c303d-8b11-4619-8ef5-9b41a14859f4 / pgbrowser1004 
21:00:19.482 [http-nio-127.0.0.1-18082-exec-10] [34mINFO [0;39m [36ms.k.g.controller.EventController[0;39m - 2026-10-04 21:00:19.47 / lessons / alternative / bild / null / pgbrowser1004 
21:00:19.484 [http-nio-127.0.0.1-18082-exec-10] [34mINFO [0;39m [36ms.k.g.controller.EventController[0;39m - 2026-10-04 21:00:19.47 / lessons / alternative / biograf / null / pgbrowser1004 
21:00:19.487 [http-nio-127.0.0.1-18082-exec-10] [34mINFO [0;39m [36ms.k.g.controller.EventController[0;39m - 2026-10-04 21:00:19.47 / lessons / alternative / utlänning / null / pgbrowser1004 
21:00:19.488 [http-nio-127.0.0.1-18082-exec-10] [34mINFO [0;39m [36ms.k.g.controller.EventController[0;39m - 2026-10-04 21:00:19.47 / lessons / alternative / nattklubb / null / pgbrowser1004 
21:00:26.006 [http-nio-127.0.0.1-18082-exec-8] [34mINFO [0;39m [36ms.k.g.controller.EventController[0;39m - 2026-10-04 21:00:25.996 / lessons / userAnswer / utlänning / null / pgbrowser1004 
21:00:26.014 [http-nio-127.0.0.1-18082-exec-8] [34mINFO [0;39m [36ms.k.g.controller.EventController[0;39m - 2026-10-04 21:00:25.996 / lessons / correctAlternative / がいこくじん / be0c303d-8b11-4619-8ef5-9b41a14859f4 / pgbrowser1004 
21:00:26.019 [http-nio-127.0.0.1-18082-exec-8] [34mINFO [0;39m [36ms.k.g.controller.EventController[0;39m - 2026-10-04 21:00:25.996 / lessons / correctAlternative / utlänning / be0c303d-8b11-4619-8ef5-9b41a14859f4 / pgbrowser1004 
21:00:26.022 [http-nio-127.0.0.1-18082-exec-8] [34mINFO [0;39m [36ms.k.g.controller.EventController[0;39m - 2026-10-04 21:00:25.996 / lessons / answeredCorrectly / true / be0c303d-8b11-4619-8ef5-9b41a14859f4 / pgbrowser1004 
21:00:26.034 [http-nio-127.0.0.1-18082-exec-8] [34mINFO [0;39m [36ms.k.g.controller.EventController[0;39m - 2026-10-04 21:00:25.996 / lessons / updateRetention / true / be0c303d-8b11-4619-8ef5-9b41a14859f4 / pgbrowser1004 
21:00:27.514 [http-nio-127.0.0.1-18082-exec-1] [34mINFO [0;39m [36ms.k.g.controller.EventController[0;39m - 2026-10-04 21:00:27.509 / lessons / question / え / 04985826-0d05-418a-908a-c8515c9c6990 / pgbrowser1004 
21:00:27.517 [http-nio-127.0.0.1-18082-exec-1] [34mINFO [0;39m [36ms.k.g.controller.EventController[0;39m - 2026-10-04 21:00:27.509 / lessons / question / 絵 / 04985826-0d05-418a-908a-c8515c9c6990 / pgbrowser1004 
21:00:27.520 [http-nio-127.0.0.1-18082-exec-1] [34mINFO [0;39m [36ms.k.g.controller.EventController[0;39m - 2026-10-04 21:00:27.509 / lessons / alternative / Internet / null / pgbrowser1004 
21:00:27.526 [http-nio-127.0.0.1-18082-exec-1] [34mINFO [0;39m [36ms.k.g.controller.EventController[0;39m - 2026-10-04 21:00:27.509 / lessons / alternative / bild / null / pgbrowser1004 
21:00:27.529 [http-nio-127.0.0.1-18082-exec-1] [34mINFO [0;39m [36ms.k.g.controller.EventController[0;39m - 2026-10-04 21:00:27.509 / lessons / alternative / utlänning / null / pgbrowser1004 
21:00:27.532 [http-nio-127.0.0.1-18082-exec-1] [34mINFO [0;39m [36ms.k.g.controller.EventController[0;39m - 2026-10-04 21:00:27.509 / lessons / alternative / biograf / null / pgbrowser1004 
21:00:59.904 [http-nio-127.0.0.1-18082-exec-7] [34mINFO [0;39m [36ms.k.g.controller.EventController[0;39m - 2026-10-04 21:00:59.885 / lessons / userAnswer / bild / null / pgbrowser1004 
21:00:59.911 [http-nio-127.0.0.1-18082-exec-7] [34mINFO [0;39m [36ms.k.g.controller.EventController[0;39m - 2026-10-04 21:00:59.885 / lessons / correctAlternative / え / 04985826-0d05-418a-908a-c8515c9c6990 / pgbrowser1004 
21:00:59.914 [http-nio-127.0.0.1-18082-exec-7] [34mINFO [0;39m [36ms.k.g.controller.EventController[0;39m - 2026-10-04 21:00:59.885 / lessons / correctAlternative / bild / 04985826-0d05-418a-908a-c8515c9c6990 / pgbrowser1004 
21:00:59.916 [http-nio-127.0.0.1-18082-exec-7] [34mINFO [0;39m [36ms.k.g.controller.EventController[0;39m - 2026-10-04 21:00:59.885 / lessons / answeredCorrectly / true / 04985826-0d05-418a-908a-c8515c9c6990 / pgbrowser1004 
21:00:59.923 [http-nio-127.0.0.1-18082-exec-7] [34mINFO [0;39m [36ms.k.g.controller.EventController[0;39m - 2026-10-04 21:00:59.885 / lessons / updateRetention / true / 04985826-0d05-418a-908a-c8515c9c6990 / pgbrowser1004 
21:01:01.418 [http-nio-127.0.0.1-18082-exec-9] [34mINFO [0;39m [36ms.k.g.controller.EventController[0;39m - 2026-10-04 21:01:01.411 / lessons / question / インターネット / 6dc6f024-0fd1-41f9-99c7-72d0b945fec5 / pgbrowser1004 
21:01:01.422 [http-nio-127.0.0.1-18082-exec-9] [34mINFO [0;39m [36ms.k.g.controller.EventController[0;39m - 2026-10-04 21:01:01.411 / lessons / question / インターネット / 6dc6f024-0fd1-41f9-99c7-72d0b945fec5 / pgbrowser1004 
21:01:01.425 [http-nio-127.0.0.1-18082-exec-9] [34mINFO [0;39m [36ms.k.g.controller.EventController[0;39m - 2026-10-04 21:01:01.411 / lessons / alternative / Internet / null / pgbrowser1004 
21:01:01.428 [http-nio-127.0.0.1-18082-exec-9] [34mINFO [0;39m [36ms.k.g.controller.EventController[0;39m - 2026-10-04 21:01:01.411 / lessons / alternative / nattklubb / null / pgbrowser1004 
21:01:01.430 [http-nio-127.0.0.1-18082-exec-9] [34mINFO [0;39m [36ms.k.g.controller.EventController[0;39m - 2026-10-04 21:01:01.411 / lessons / alternative / biograf / null / pgbrowser1004 
21:01:01.434 [http-nio-127.0.0.1-18082-exec-9] [34mINFO [0;39m [36ms.k.g.controller.EventController[0;39m - 2026-10-04 21:01:01.411 / lessons / alternative / utlänning / null / pgbrowser1004 
21:01:26.101 [http-nio-127.0.0.1-18082-exec-6] [34mINFO [0;39m [36ms.k.g.controller.EventController[0;39m - 2026-10-04 21:01:26.093 / lessons / userAnswer / Internet / null / pgbrowser1004 
21:01:26.107 [http-nio-127.0.0.1-18082-exec-6] [34mINFO [0;39m [36ms.k.g.controller.EventController[0;39m - 2026-10-04 21:01:26.093 / lessons / correctAlternative / インターネット / 6dc6f024-0fd1-41f9-99c7-72d0b945fec5 / pgbrowser1004 
21:01:26.111 [http-nio-127.0.0.1-18082-exec-6] [34mINFO [0;39m [36ms.k.g.controller.EventController[0;39m - 2026-10-04 21:01:26.093 / lessons / correctAlternative / Internet / 6dc6f024-0fd1-41f9-99c7-72d0b945fec5 / pgbrowser1004 
21:01:26.114 [http-nio-127.0.0.1-18082-exec-6] [34mINFO [0;39m [36ms.k.g.controller.EventController[0;39m - 2026-10-04 21:01:26.093 / lessons / answeredCorrectly / true / 6dc6f024-0fd1-41f9-99c7-72d0b945fec5 / pgbrowser1004 
21:01:26.122 [http-nio-127.0.0.1-18082-exec-6] [34mINFO [0;39m [36ms.k.g.controller.EventController[0;39m - 2026-10-04 21:01:26.093 / lessons / updateRetention / true / 6dc6f024-0fd1-41f9-99c7-72d0b945fec5 / pgbrowser1004 
21:01:27.627 [http-nio-127.0.0.1-18082-exec-2] [34mINFO [0;39m [36ms.k.g.controller.EventController[0;39m - 2026-10-04 21:01:27.615 / lessons / question / けいけん / d4139d26-6cbe-4acf-838a-fe47b9f81b12 / pgbrowser1004 
21:01:27.633 [http-nio-127.0.0.1-18082-exec-2] [34mINFO [0;39m [36ms.k.g.controller.EventController[0;39m - 2026-10-04 21:01:27.615 / lessons / question / 経験 / d4139d26-6cbe-4acf-838a-fe47b9f81b12 / pgbrowser1004 
21:01:27.636 [http-nio-127.0.0.1-18082-exec-2] [34mINFO [0;39m [36ms.k.g.controller.EventController[0;39m - 2026-10-04 21:01:27.615 / lessons / alternative / nattklubb / null / pgbrowser1004 
21:01:27.641 [http-nio-127.0.0.1-18082-exec-2] [34mINFO [0;39m [36ms.k.g.controller.EventController[0;39m - 2026-10-04 21:01:27.615 / lessons / alternative / erfarenhet / null / pgbrowser1004 
21:01:27.644 [http-nio-127.0.0.1-18082-exec-2] [34mINFO [0;39m [36ms.k.g.controller.EventController[0;39m - 2026-10-04 21:01:27.615 / lessons / alternative / Internet / null / pgbrowser1004 
21:01:27.648 [http-nio-127.0.0.1-18082-exec-2] [34mINFO [0;39m [36ms.k.g.controller.EventController[0;39m - 2026-10-04 21:01:27.615 / lessons / alternative / utlänning / null / pgbrowser1004 
21:01:43.743 [http-nio-127.0.0.1-18082-exec-3] [34mINFO [0;39m [36ms.k.g.controller.EventController[0;39m - 2026-10-04 21:01:43.738 / lessons / userAnswer / erfarenhet / null / pgbrowser1004 
21:01:43.746 [http-nio-127.0.0.1-18082-exec-3] [34mINFO [0;39m [36ms.k.g.controller.EventController[0;39m - 2026-10-04 21:01:43.738 / lessons / correctAlternative / けいけん / d4139d26-6cbe-4acf-838a-fe47b9f81b12 / pgbrowser1004 
21:01:43.748 [http-nio-127.0.0.1-18082-exec-3] [34mINFO [0;39m [36ms.k.g.controller.EventController[0;39m - 2026-10-04 21:01:43.738 / lessons / correctAlternative / erfarenhet / d4139d26-6cbe-4acf-838a-fe47b9f81b12 / pgbrowser1004 
21:01:43.750 [http-nio-127.0.0.1-18082-exec-3] [34mINFO [0;39m [36ms.k.g.controller.EventController[0;39m - 2026-10-04 21:01:43.738 / lessons / answeredCorrectly / true / d4139d26-6cbe-4acf-838a-fe47b9f81b12 / pgbrowser1004 
21:01:43.756 [http-nio-127.0.0.1-18082-exec-3] [34mINFO [0;39m [36ms.k.g.controller.EventController[0;39m - 2026-10-04 21:01:43.738 / lessons / updateRetention / true / d4139d26-6cbe-4acf-838a-fe47b9f81b12 / pgbrowser1004 
21:01:45.276 [http-nio-127.0.0.1-18082-exec-4] [34mINFO [0;39m [36ms.k.g.controller.EventController[0;39m - 2026-10-04 21:01:45.267 / lessons / question / クラブ / 1fc53bea-71c0-4b15-8ed5-c6f50ced215d / pgbrowser1004 
21:01:45.282 [http-nio-127.0.0.1-18082-exec-4] [34mINFO [0;39m [36ms.k.g.controller.EventController[0;39m - 2026-10-04 21:01:45.267 / lessons / question / クラブ / 1fc53bea-71c0-4b15-8ed5-c6f50ced215d / pgbrowser1004 
21:01:45.286 [http-nio-127.0.0.1-18082-exec-4] [34mINFO [0;39m [36ms.k.g.controller.EventController[0;39m - 2026-10-04 21:01:45.267 / lessons / alternative / biograf / null / pgbrowser1004 
21:01:45.292 [http-nio-127.0.0.1-18082-exec-4] [34mINFO [0;39m [36ms.k.g.controller.EventController[0;39m - 2026-10-04 21:01:45.267 / lessons / alternative / bild / null / pgbrowser1004 
21:01:45.297 [http-nio-127.0.0.1-18082-exec-4] [34mINFO [0;39m [36ms.k.g.controller.EventController[0;39m - 2026-10-04 21:01:45.267 / lessons / alternative / Internet / null / pgbrowser1004 
21:01:45.304 [http-nio-127.0.0.1-18082-exec-4] [34mINFO [0;39m [36ms.k.g.controller.EventController[0;39m - 2026-10-04 21:01:45.267 / lessons / alternative / nattklubb / null / pgbrowser1004 
21:02:25.659 [http-nio-127.0.0.1-18082-exec-5] [34mINFO [0;39m [36ms.k.g.controller.EventController[0;39m - 2026-10-04 21:02:25.647 / lessons / userAnswer / nattklubb / null / pgbrowser1004 
21:02:25.663 [http-nio-127.0.0.1-18082-exec-5] [34mINFO [0;39m [36ms.k.g.controller.EventController[0;39m - 2026-10-04 21:02:25.647 / lessons / correctAlternative / クラブ / 1fc53bea-71c0-4b15-8ed5-c6f50ced215d / pgbrowser1004 
21:02:25.667 [http-nio-127.0.0.1-18082-exec-5] [34mINFO [0;39m [36ms.k.g.controller.EventController[0;39m - 2026-10-04 21:02:25.647 / lessons / correctAlternative / nattklubb / 1fc53bea-71c0-4b15-8ed5-c6f50ced215d / pgbrowser1004 
21:02:25.671 [http-nio-127.0.0.1-18082-exec-5] [34mINFO [0;39m [36ms.k.g.controller.EventController[0;39m - 2026-10-04 21:02:25.647 / lessons / answeredCorrectly / true / 1fc53bea-71c0-4b15-8ed5-c6f50ced215d / pgbrowser1004 
21:02:25.679 [http-nio-127.0.0.1-18082-exec-5] [34mINFO [0;39m [36ms.k.g.controller.EventController[0;39m - 2026-10-04 21:02:25.647 / lessons / updateRetention / true / 1fc53bea-71c0-4b15-8ed5-c6f50ced215d / pgbrowser1004 
21:02:46.065 [http-nio-127.0.0.1-18082-exec-7] [34mINFO [0;39m [36ms.k.g.controller.LessonController[0;39m - Getting vocabulary lessons took 126 ms. 
21:02:46.068 [http-nio-127.0.0.1-18082-exec-7] [34mINFO [0;39m [36ms.k.g.controller.LessonController[0;39m - Un count for Verbs: 50 
21:02:46.070 [http-nio-127.0.0.1-18082-exec-7] [34mINFO [0;39m [36ms.k.g.controller.LessonController[0;39m - Un count for genki 13: 26 
21:02:46.072 [http-nio-127.0.0.1-18082-exec-7] [34mINFO [0;39m [36ms.k.g.controller.LessonController[0;39m - Un count for genki 15: 0 
21:02:46.074 [http-nio-127.0.0.1-18082-exec-7] [34mINFO [0;39m [36ms.k.g.controller.LessonController[0;39m - Un count for jlpt n3: 5 
21:02:46.076 [http-nio-127.0.0.1-18082-exec-7] [34mINFO [0;39m [36ms.k.g.controller.LessonController[0;39m - Un count for jlpt n4: 9 
21:02:46.076 [http-nio-127.0.0.1-18082-exec-7] [34mINFO [0;39m [36ms.k.g.controller.LessonController[0;39m - Collecting lesson nuggets took 11 ms 
21:03:15.609 [SpringApplicationShutdownHook] [34mINFO [0;39m [36mo.s.o.j.LocalContainerEntityManagerFactoryBean[0;39m - Closing JPA EntityManagerFactory for persistence unit 'default' 
21:03:15.610 [SpringApplicationShutdownHook] [34mINFO [0;39m [36mcom.zaxxer.hikari.HikariDataSource[0;39m - HikariPool-1 - Shutdown initiated... 
21:03:15.611 [SpringApplicationShutdownHook] [34mINFO [0;39m [36mcom.zaxxer.hikari.HikariDataSource[0;39m - HikariPool-1 - Shutdown completed. 
[INFO] ------------------------------------------------------------------------
[INFO] BUILD SUCCESS
[INFO] ------------------------------------------------------------------------
[INFO] Total time:  04:36 min
[INFO] Finished at: 2026-10-04T21:03:15+02:00
[INFO] ------------------------------------------------------------------------
