21:04:25,286 |-INFO in ch.qos.logback.classic.LoggerContext[default] - Could NOT find resource [logback-test.xml]
21:04:25,287 |-INFO in ch.qos.logback.classic.LoggerContext[default] - Found resource [logback.xml] at [jar:file:/Users/pierresandboge/bin/slay/daigaku/rigs/gakusei/worktrees/gaku-5m7/target/gakusei.jar!/BOOT-INF/classes!/logback.xml]
21:04:25,291 |-INFO in ch.qos.logback.core.joran.spi.ConfigurationWatchList@2c9f9fb0 - URL [jar:file:/Users/pierresandboge/bin/slay/daigaku/rigs/gakusei/worktrees/gaku-5m7/target/gakusei.jar!/BOOT-INF/classes!/logback.xml] is not of type file
21:04:25,310 |-INFO in ch.qos.logback.classic.joran.action.ConfigurationAction - debug attribute not set
21:04:25,311 |-INFO in ch.qos.logback.core.joran.action.AppenderAction - About to instantiate appender of type [ch.qos.logback.core.ConsoleAppender]
21:04:25,313 |-INFO in ch.qos.logback.core.joran.action.AppenderAction - Naming appender as [STDOUT]
21:04:25,316 |-INFO in ch.qos.logback.core.joran.action.NestedComplexPropertyIA - Assuming default type [ch.qos.logback.classic.encoder.PatternLayoutEncoder] for [encoder] property
21:04:25,333 |-INFO in ch.qos.logback.core.joran.action.AppenderAction - About to instantiate appender of type [ch.qos.logback.core.rolling.RollingFileAppender]
21:04:25,334 |-INFO in ch.qos.logback.core.joran.action.AppenderAction - Naming appender as [FILE]
21:04:25,338 |-INFO in c.q.l.core.rolling.TimeBasedRollingPolicy@546718765 - No compression will be used
21:04:25,338 |-INFO in c.q.l.core.rolling.TimeBasedRollingPolicy@546718765 - Will use the pattern logs/logFile.%d{yyyy-MM-dd}.%i.html for the active file
21:04:25,339 |-INFO in ch.qos.logback.core.rolling.SizeAndTimeBasedFNATP@9f70c54 - The date pattern is 'yyyy-MM-dd' from file name pattern 'logs/logFile.%d{yyyy-MM-dd}.%i.html'.
21:04:25,339 |-INFO in ch.qos.logback.core.rolling.SizeAndTimeBasedFNATP@9f70c54 - Roll-over at midnight.
21:04:25,342 |-INFO in ch.qos.logback.core.rolling.SizeAndTimeBasedFNATP@9f70c54 - Setting initial period to Sun Oct 04 21:04:07 CEST 2026
21:04:25,342 |-WARN in ch.qos.logback.core.rolling.SizeAndTimeBasedFNATP@9f70c54 - SizeAndTimeBasedFNATP is deprecated. Use SizeAndTimeBasedRollingPolicy instead
21:04:25,342 |-WARN in ch.qos.logback.core.rolling.SizeAndTimeBasedFNATP@9f70c54 - For more information see http://logback.qos.ch/manual/appenders.html#SizeAndTimeBasedRollingPolicy
21:04:25,345 |-INFO in ch.qos.logback.core.rolling.RollingFileAppender[FILE] - Active log file name: logs/logFile.html
21:04:25,345 |-INFO in ch.qos.logback.core.rolling.RollingFileAppender[FILE] - File property is set to [logs/logFile.html]
21:04:25,345 |-INFO in ch.qos.logback.classic.joran.action.RootLoggerAction - Setting level of ROOT logger to INFO
21:04:25,345 |-INFO in ch.qos.logback.core.joran.action.AppenderRefAction - Attaching appender named [STDOUT] to Logger[ROOT]
21:04:25,346 |-INFO in ch.qos.logback.core.joran.action.AppenderRefAction - Attaching appender named [FILE] to Logger[ROOT]
21:04:25,346 |-INFO in ch.qos.logback.classic.joran.action.ConfigurationAction - End of configuration.
21:04:25,346 |-INFO in ch.qos.logback.classic.joran.JoranConfigurator@234bef66 - Registering current configuration as safe fallback point


                                              ooooooooo     *ooooooooo*                                           
                                              ooooooooo     *ooooooooo*                                            
                                              ooooooooo     *ooooooooo*                                            
                                              ooooooooo     *ooooooooo*                                            
            oooooooooo                                      *ooooooooo*                                            
            oooooooooo                                      *ooooooooo*                                            
            oooooooooo                                      *ooooooooo*                                            
            oooooooooo                        ooooooooooooooooooooooooooooooo                                      
            oooooooooo                        ooooooooooooooooooooooooooooooo                                      
            oooooooooo                        ooooooooooooooooooooooooooooooo                                      
            oooooooooo                        ooooooooo:::::ooooooooooo::::::                                      
            oooooooooo        :oooooooooooo.  ooooooooo     *ooooooooo*                                            
            oooooooooo      :ooooooooooooo    ooooooooo     *ooooooooo*                                            
            oooooooooo    *oooooooooooo       ooooooooo     *ooooooooo*                                            
            oooooooooo  .ooooooooooooo        ooooooooo     *ooooooooo*                                            
            oooooooooo oooooooooooo           ooooooooo     *ooooooooo*                                            
            ooooooooooooooooooooo:            ooooooooo     *ooooooooo*                                            
            oooooooooooooooooooo              ooooooooo     *ooooooooo*                                            
            oooooooooooooooooooooo            ooooooooo     *ooooooooo*                                            
            ooooooooooooooooooooooo           ooooooooo     *ooooooooo*                                            
            oooooooooooooooooooooooo          ooooooooo     *oooooooooo       :ooooooooooooooooo:                  
            ooooooooooo:  *ooooooooooo        ooooooooo     .ooooooooooo.   ooooooooooooooooooooooo                
            oooooooooo     :ooooooooooo       ooooooooo      ooooooooooooooooooooooooooooooooooooooo*              
            oooooooooo      .ooooooooooo      ooooooooo      :ooooooooooooooooooooo         ooooooooo*             
            oooooooooo        ooooooooooo*    ooooooooo        ooooooooooooooooooo.          ooooooooo             
            oooooooooo         &ooooooooooo                              oooooooooo#                               
            oooooooooo          oooooooooooo                             oooooooooooooo:                           
            oooooooooo            ooooooooooo:                             ooooooooooooooooooooo:                  
            oooooooooo             ooooooooooo:                             *ooooooooooooooooooooooo               
                                                                                *oooooooooooooooooooo*             
                                                                                         :oooooooooooo:            
                                                                                             oooooooooo            
                                                                        ooooooooo             ooooooooo            
                                                                        *ooooooooo           :oooooooo:            
                                                                         :ooooooooooo:*..*:ooooooooooo             
                                                                           oooooooooooooooooooooooooo              
                                                                             ooooooooooooooooooooo:                
                                                                                 .*oooooooooo*.                    
:: Running Spring Boot 2.7.18 ::

21:04:25.621 [background-preinit] [34mINFO [0;39m [36mo.h.validator.internal.util.Version[0;39m - HV000001: Hibernate Validator 6.2.5.Final 
21:04:25.646 [main] [34mINFO [0;39m [36mse.kits.gakusei.GakuseiApplication[0;39m - Starting GakuseiApplication v2.1.1 using Java 17.0.16 on Pierres-MacBook-Pro-2.local with PID 70401 (/Users/pierresandboge/bin/slay/daigaku/rigs/gakusei/worktrees/gaku-5m7/target/gakusei.jar started by pierresandboge in /Users/pierresandboge/bin/slay/daigaku/rigs/gakusei/worktrees/gaku-5m7) 
21:04:25.647 [main] [34mINFO [0;39m [36mse.kits.gakusei.GakuseiApplication[0;39m - The following 1 profile is active: "local-postgres" 
21:04:26.105 [main] [34mINFO [0;39m [36mo.s.d.r.c.RepositoryConfigurationDelegate[0;39m - Bootstrapping Spring Data JPA repositories in DEFAULT mode. 
21:04:26.179 [main] [34mINFO [0;39m [36mo.s.d.r.c.RepositoryConfigurationDelegate[0;39m - Finished Spring Data repository scanning in 70 ms. Found 20 JPA repository interfaces. 
21:04:26.897 [main] [34mINFO [0;39m [36mo.s.b.w.e.tomcat.TomcatWebServer[0;39m - Tomcat initialized with port(s): 18082 (http) 
21:04:26.903 [main] [34mINFO [0;39m [36mo.a.coyote.http11.Http11NioProtocol[0;39m - Initializing ProtocolHandler ["http-nio-127.0.0.1-18082"] 
21:04:26.905 [main] [34mINFO [0;39m [36mo.a.catalina.core.StandardService[0;39m - Starting service [Tomcat] 
21:04:26.905 [main] [34mINFO [0;39m [36mo.a.catalina.core.StandardEngine[0;39m - Starting Servlet engine: [Apache Tomcat/9.0.83] 
21:04:27.005 [main] [34mINFO [0;39m [36mo.a.c.c.C.[Tomcat].[localhost].[/][0;39m - Initializing Spring embedded WebApplicationContext 
21:04:27.005 [main] [34mINFO [0;39m [36mo.s.b.w.s.c.ServletWebServerApplicationContext[0;39m - Root WebApplicationContext: initialization completed in 1335 ms 
21:04:27.422 [main] [34mINFO [0;39m [36mcom.zaxxer.hikari.HikariDataSource[0;39m - HikariPool-1 - Starting... 
21:04:27.653 [main] [34mINFO [0;39m [36mcom.zaxxer.hikari.HikariDataSource[0;39m - HikariPool-1 - Start completed. 
21:04:27.937 [main] [34mINFO [0;39m [36mliquibase.database[0;39m - Set default schema name to public 
21:04:28.141 [main] [34mINFO [0;39m [36mliquibase.lockservice[0;39m - Successfully acquired change log lock 
21:04:28.631 [main] [34mINFO [0;39m [36mliquibase.changelog[0;39m - Reading from public.databasechangelog 
21:04:28.755 [main] [34mINFO [0;39m [36mliquibase.lockservice[0;39m - Successfully released change log lock 
21:04:28.946 [main] [34mINFO [0;39m [36mo.h.jpa.internal.util.LogHelper[0;39m - HHH000204: Processing PersistenceUnitInfo [name: default] 
21:04:29.045 [main] [34mINFO [0;39m [36morg.hibernate.Version[0;39m - HHH000412: Hibernate ORM core version 5.6.15.Final 
21:04:29.247 [main] [34mINFO [0;39m [36mo.h.annotations.common.Version[0;39m - HCANN000001: Hibernate Commons Annotations {5.1.2.Final} 
21:04:29.362 [main] [34mINFO [0;39m [36morg.hibernate.dialect.Dialect[0;39m - HHH000400: Using dialect: org.hibernate.dialect.PostgreSQL10Dialect 
21:04:30.378 [main] [34mINFO [0;39m [36mo.h.e.t.j.p.i.JtaPlatformInitiator[0;39m - HHH000490: Using JtaPlatform implementation: [org.hibernate.engine.transaction.jta.platform.internal.NoJtaPlatform] 
21:04:30.438 [main] [34mINFO [0;39m [36mo.s.o.j.LocalContainerEntityManagerFactoryBean[0;39m - Initialized JPA EntityManagerFactory for persistence unit 'default' 
21:04:31.790 [main] [31mWARN [0;39m [36mo.s.b.a.o.j.JpaBaseConfiguration$JpaWebConfiguration[0;39m - spring.jpa.open-in-view is enabled by default. Therefore, database queries may be performed during view rendering. Explicitly configure spring.jpa.open-in-view to disable this warning 
21:04:32.932 [main] [31mWARN [0;39m [36mo.s.s.c.a.web.builders.WebSecurity[0;39m - You are asking Spring Security to ignore Ant [pattern='/js/**']. This is not recommended -- please use permitAll via HttpSecurity#authorizeHttpRequests instead. 
21:04:32.933 [main] [34mINFO [0;39m [36mo.s.s.w.DefaultSecurityFilterChain[0;39m - Will not secure Ant [pattern='/js/**'] 
21:04:33.074 [main] [34mINFO [0;39m [36mo.s.s.w.DefaultSecurityFilterChain[0;39m - Will secure any request with [org.springframework.security.web.session.DisableEncodeUrlFilter@46748b04, org.springframework.security.web.context.request.async.WebAsyncManagerIntegrationFilter@3e71a1f8, org.springframework.security.web.context.SecurityContextPersistenceFilter@39ac8c0c, org.springframework.security.web.header.HeaderWriterFilter@217fd3c, org.springframework.security.web.authentication.logout.LogoutFilter@4d770bcd, org.springframework.security.web.authentication.UsernamePasswordAuthenticationFilter@154b0748, org.springframework.security.web.authentication.www.BasicAuthenticationFilter@5ee0cf64, org.springframework.security.web.savedrequest.RequestCacheAwareFilter@50ef2906, org.springframework.security.web.servletapi.SecurityContextHolderAwareRequestFilter@16cb6f51, org.springframework.security.web.authentication.rememberme.RememberMeAuthenticationFilter@1eb7ec59, org.springframework.security.web.authentication.AnonymousAuthenticationFilter@5d4a34ff, org.springframework.security.web.session.SessionManagementFilter@ba86c53, org.springframework.security.web.access.ExceptionTranslationFilter@6b278b17, org.springframework.security.web.access.intercept.FilterSecurityInterceptor@7c5d36c3] 
21:04:33.174 [main] [31mWARN [0;39m [36mo.s.d.r.c.m.RepositoryCollectionResourceMapping[0;39m - @RestResource detected to customize the repository resource for se.kits.gakusei.user.repository.EventRepository! Use @RepositoryRestResource instead! 
21:04:33.177 [main] [31mWARN [0;39m [36mo.s.d.r.c.m.RepositoryCollectionResourceMapping[0;39m - @RestResource detected to customize the repository resource for se.kits.gakusei.user.repository.UserRepository! Use @RepositoryRestResource instead! 
21:04:33.514 [main] [34mINFO [0;39m [36mo.s.b.a.w.s.WelcomePageHandlerMapping[0;39m - Adding welcome page template: index 
21:04:34.345 [main] [34mINFO [0;39m [36mo.a.coyote.http11.Http11NioProtocol[0;39m - Starting ProtocolHandler ["http-nio-127.0.0.1-18082"] 
21:04:34.351 [main] [34mINFO [0;39m [36mo.s.b.w.e.tomcat.TomcatWebServer[0;39m - Tomcat started on port(s): 18082 (http) with context path '' 
21:04:34.356 [main] [34mINFO [0;39m [36mse.kits.gakusei.GakuseiApplication[0;39m - Started GakuseiApplication in 8.95 seconds (JVM running for 9.198) 
21:04:34.363 [main] [34mINFO [0;39m [36mse.kits.gakusei.init.DataInit[0;39m - *** Data initialization was NOT set on profile(s): [local-postgres] 
21:04:48.144 [http-nio-127.0.0.1-18082-exec-1] [34mINFO [0;39m [36mo.a.c.c.C.[Tomcat].[localhost].[/][0;39m - Initializing Spring DispatcherServlet 'dispatcherServlet' 
21:04:48.145 [http-nio-127.0.0.1-18082-exec-1] [34mINFO [0;39m [36mo.s.web.servlet.DispatcherServlet[0;39m - Initializing Servlet 'dispatcherServlet' 
21:04:48.145 [http-nio-127.0.0.1-18082-exec-1] [34mINFO [0;39m [36mo.s.web.servlet.DispatcherServlet[0;39m - Completed initialization in 0 ms 
21:05:03.988 [http-nio-127.0.0.1-18082-exec-2] [34mINFO [0;39m [36ms.k.g.controller.EventController[0;39m - 2026-10-04 21:05:03.96 / login / login / true / null / pgjar1004 
21:05:03.993 [http-nio-127.0.0.1-18082-exec-5] [1;31mERROR[0;39m [36mo.a.c.c.C.[.[.[.[dispatcherServlet][0;39m - Servlet.service() for servlet [dispatcherServlet] in context with path [] threw exception [Request processing failed; nested exception is javax.validation.ConstraintViolationException: Validation failed for classes [se.kits.gakusei.content.model.UserLesson] during persist time for groups [javax.validation.groups.Default, ]
List of constraint violations:[
	ConstraintViolationImpl{interpolatedMessage='must not be null', propertyPath=lesson, rootBeanClass=class se.kits.gakusei.content.model.UserLesson, messageTemplate='{javax.validation.constraints.NotNull.message}'}
]] with root cause 
javax.validation.ConstraintViolationException: Validation failed for classes [se.kits.gakusei.content.model.UserLesson] during persist time for groups [javax.validation.groups.Default, ]
List of constraint violations:[
	ConstraintViolationImpl{interpolatedMessage='must not be null', propertyPath=lesson, rootBeanClass=class se.kits.gakusei.content.model.UserLesson, messageTemplate='{javax.validation.constraints.NotNull.message}'}
]
	at org.hibernate.cfg.beanvalidation.BeanValidationEventListener.validate(BeanValidationEventListener.java:140)
	at org.hibernate.cfg.beanvalidation.BeanValidationEventListener.onPreInsert(BeanValidationEventListener.java:80)
	at org.hibernate.action.internal.EntityIdentityInsertAction.preInsert(EntityIdentityInsertAction.java:188)
	at org.hibernate.action.internal.EntityIdentityInsertAction.execute(EntityIdentityInsertAction.java:78)
	at org.hibernate.engine.spi.ActionQueue.execute(ActionQueue.java:645)
	at org.hibernate.engine.spi.ActionQueue.addResolvedEntityInsertAction(ActionQueue.java:282)
	at org.hibernate.engine.spi.ActionQueue.addInsertAction(ActionQueue.java:263)
	at org.hibernate.engine.spi.ActionQueue.addAction(ActionQueue.java:317)
	at org.hibernate.event.internal.AbstractSaveEventListener.addInsertAction(AbstractSaveEventListener.java:329)
	at org.hibernate.event.internal.AbstractSaveEventListener.performSaveOrReplicate(AbstractSaveEventListener.java:286)
	at org.hibernate.event.internal.AbstractSaveEventListener.performSave(AbstractSaveEventListener.java:192)
	at org.hibernate.event.internal.AbstractSaveEventListener.saveWithGeneratedId(AbstractSaveEventListener.java:122)
	at org.hibernate.event.internal.DefaultPersistEventListener.entityIsTransient(DefaultPersistEventListener.java:185)
	at org.hibernate.event.internal.DefaultPersistEventListener.onPersist(DefaultPersistEventListener.java:128)
	at org.hibernate.event.internal.DefaultPersistEventListener.onPersist(DefaultPersistEventListener.java:55)
	at org.hibernate.event.service.internal.EventListenerGroupImpl.fireEventOnEachListener(EventListenerGroupImpl.java:107)
	at org.hibernate.internal.SessionImpl.firePersist(SessionImpl.java:756)
	at org.hibernate.internal.SessionImpl.persist(SessionImpl.java:742)
	at java.base/jdk.internal.reflect.NativeMethodAccessorImpl.invoke0(Native Method)
	at java.base/jdk.internal.reflect.NativeMethodAccessorImpl.invoke(NativeMethodAccessorImpl.java:77)
	at java.base/jdk.internal.reflect.DelegatingMethodAccessorImpl.invoke(DelegatingMethodAccessorImpl.java:43)
	at java.base/java.lang.reflect.Method.invoke(Method.java:569)
	at org.springframework.orm.jpa.ExtendedEntityManagerCreator$ExtendedEntityManagerInvocationHandler.invoke(ExtendedEntityManagerCreator.java:362)
	at jdk.proxy2/jdk.proxy2.$Proxy150.persist(Unknown Source)
	at java.base/jdk.internal.reflect.NativeMethodAccessorImpl.invoke0(Native Method)
	at java.base/jdk.internal.reflect.NativeMethodAccessorImpl.invoke(NativeMethodAccessorImpl.java:77)
	at java.base/jdk.internal.reflect.DelegatingMethodAccessorImpl.invoke(DelegatingMethodAccessorImpl.java:43)
	at java.base/java.lang.reflect.Method.invoke(Method.java:569)
	at org.springframework.orm.jpa.SharedEntityManagerCreator$SharedEntityManagerInvocationHandler.invoke(SharedEntityManagerCreator.java:315)
	at jdk.proxy2/jdk.proxy2.$Proxy150.persist(Unknown Source)
	at org.springframework.data.jpa.repository.support.SimpleJpaRepository.save(SimpleJpaRepository.java:666)
	at java.base/jdk.internal.reflect.NativeMethodAccessorImpl.invoke0(Native Method)
	at java.base/jdk.internal.reflect.NativeMethodAccessorImpl.invoke(NativeMethodAccessorImpl.java:77)
	at java.base/jdk.internal.reflect.DelegatingMethodAccessorImpl.invoke(DelegatingMethodAccessorImpl.java:43)
	at java.base/java.lang.reflect.Method.invoke(Method.java:569)
	at org.springframework.data.repository.core.support.RepositoryMethodInvoker$RepositoryFragmentMethodInvoker.lambda$new$0(RepositoryMethodInvoker.java:289)
	at org.springframework.data.repository.core.support.RepositoryMethodInvoker.doInvoke(RepositoryMethodInvoker.java:137)
	at org.springframework.data.repository.core.support.RepositoryMethodInvoker.invoke(RepositoryMethodInvoker.java:121)
	at org.springframework.data.repository.core.support.RepositoryComposition$RepositoryFragments.invoke(RepositoryComposition.java:530)
	at org.springframework.data.repository.core.support.RepositoryComposition.invoke(RepositoryComposition.java:286)
	at org.springframework.data.repository.core.support.RepositoryFactorySupport$ImplementationMethodExecutionInterceptor.invoke(RepositoryFactorySupport.java:640)
	at org.springframework.aop.framework.ReflectiveMethodInvocation.proceed(ReflectiveMethodInvocation.java:186)
	at org.springframework.data.repository.core.support.QueryExecutorMethodInterceptor.doInvoke(QueryExecutorMethodInterceptor.java:164)
	at org.springframework.data.repository.core.support.QueryExecutorMethodInterceptor.invoke(QueryExecutorMethodInterceptor.java:139)
	at org.springframework.aop.framework.ReflectiveMethodInvocation.proceed(ReflectiveMethodInvocation.java:186)
	at org.springframework.transaction.interceptor.TransactionInterceptor$1.proceedWithInvocation(TransactionInterceptor.java:123)
	at org.springframework.transaction.interceptor.TransactionAspectSupport.invokeWithinTransaction(TransactionAspectSupport.java:388)
	at org.springframework.transaction.interceptor.TransactionInterceptor.invoke(TransactionInterceptor.java:119)
	at org.springframework.aop.framework.ReflectiveMethodInvocation.proceed(ReflectiveMethodInvocation.java:186)
	at org.springframework.dao.support.PersistenceExceptionTranslationInterceptor.invoke(PersistenceExceptionTranslationInterceptor.java:137)
	at org.springframework.aop.framework.ReflectiveMethodInvocation.proceed(ReflectiveMethodInvocation.java:186)
	at org.springframework.data.jpa.repository.support.CrudMethodMetadataPostProcessor$CrudMethodMetadataPopulatingMethodInterceptor.invoke(CrudMethodMetadataPostProcessor.java:174)
	at org.springframework.aop.framework.ReflectiveMethodInvocation.proceed(ReflectiveMethodInvocation.java:186)
	at org.springframework.aop.interceptor.ExposeInvocationInterceptor.invoke(ExposeInvocationInterceptor.java:97)
	at org.springframework.aop.framework.ReflectiveMethodInvocation.proceed(ReflectiveMethodInvocation.java:186)
	at org.springframework.aop.framework.JdkDynamicAopProxy.invoke(JdkDynamicAopProxy.java:241)
	at jdk.proxy2/jdk.proxy2.$Proxy184.save(Unknown Source)
	at se.kits.gakusei.controller.UserLessonController.addUserLesson(UserLessonController.java:60)
	at java.base/jdk.internal.reflect.NativeMethodAccessorImpl.invoke0(Native Method)
	at java.base/jdk.internal.reflect.NativeMethodAccessorImpl.invoke(NativeMethodAccessorImpl.java:77)
	at java.base/jdk.internal.reflect.DelegatingMethodAccessorImpl.invoke(DelegatingMethodAccessorImpl.java:43)
	at java.base/java.lang.reflect.Method.invoke(Method.java:569)
	at org.springframework.web.method.support.InvocableHandlerMethod.doInvoke(InvocableHandlerMethod.java:205)
	at org.springframework.web.method.support.InvocableHandlerMethod.invokeForRequest(InvocableHandlerMethod.java:150)
	at org.springframework.web.servlet.mvc.method.annotation.ServletInvocableHandlerMethod.invokeAndHandle(ServletInvocableHandlerMethod.java:117)
	at org.springframework.web.servlet.mvc.method.annotation.RequestMappingHandlerAdapter.invokeHandlerMethod(RequestMappingHandlerAdapter.java:895)
	at org.springframework.web.servlet.mvc.method.annotation.RequestMappingHandlerAdapter.handleInternal(RequestMappingHandlerAdapter.java:808)
	at org.springframework.web.servlet.mvc.method.AbstractHandlerMethodAdapter.handle(AbstractHandlerMethodAdapter.java:87)
	at org.springframework.web.servlet.DispatcherServlet.doDispatch(DispatcherServlet.java:1072)
	at org.springframework.web.servlet.DispatcherServlet.doService(DispatcherServlet.java:965)
	at org.springframework.web.servlet.FrameworkServlet.processRequest(FrameworkServlet.java:1006)
	at org.springframework.web.servlet.FrameworkServlet.doPost(FrameworkServlet.java:909)
	at javax.servlet.http.HttpServlet.service(HttpServlet.java:555)
	at org.springframework.web.servlet.FrameworkServlet.service(FrameworkServlet.java:883)
	at javax.servlet.http.HttpServlet.service(HttpServlet.java:623)
	at org.apache.catalina.core.ApplicationFilterChain.internalDoFilter(ApplicationFilterChain.java:209)
	at org.apache.catalina.core.ApplicationFilterChain.doFilter(ApplicationFilterChain.java:153)
	at org.apache.tomcat.websocket.server.WsFilter.doFilter(WsFilter.java:51)
	at org.apache.catalina.core.ApplicationFilterChain.internalDoFilter(ApplicationFilterChain.java:178)
	at org.apache.catalina.core.ApplicationFilterChain.doFilter(ApplicationFilterChain.java:153)
	at org.springframework.security.web.FilterChainProxy$VirtualFilterChain.doFilter(FilterChainProxy.java:337)
	at org.springframework.security.web.access.intercept.FilterSecurityInterceptor.invoke(FilterSecurityInterceptor.java:115)
	at org.springframework.security.web.access.intercept.FilterSecurityInterceptor.doFilter(FilterSecurityInterceptor.java:81)
	at org.springframework.security.web.FilterChainProxy$VirtualFilterChain.doFilter(FilterChainProxy.java:346)
	at org.springframework.security.web.access.ExceptionTranslationFilter.doFilter(ExceptionTranslationFilter.java:122)
	at org.springframework.security.web.access.ExceptionTranslationFilter.doFilter(ExceptionTranslationFilter.java:116)
	at org.springframework.security.web.FilterChainProxy$VirtualFilterChain.doFilter(FilterChainProxy.java:346)
	at org.springframework.security.web.session.SessionManagementFilter.doFilter(SessionManagementFilter.java:126)
	at org.springframework.security.web.session.SessionManagementFilter.doFilter(SessionManagementFilter.java:81)
	at org.springframework.security.web.FilterChainProxy$VirtualFilterChain.doFilter(FilterChainProxy.java:346)
	at org.springframework.security.web.authentication.AnonymousAuthenticationFilter.doFilter(AnonymousAuthenticationFilter.java:109)
	at org.springframework.security.web.FilterChainProxy$VirtualFilterChain.doFilter(FilterChainProxy.java:346)
	at org.springframework.security.web.authentication.rememberme.RememberMeAuthenticationFilter.doFilter(RememberMeAuthenticationFilter.java:106)
	at org.springframework.security.web.authentication.rememberme.RememberMeAuthenticationFilter.doFilter(RememberMeAuthenticationFilter.java:97)
	at org.springframework.security.web.FilterChainProxy$VirtualFilterChain.doFilter(FilterChainProxy.java:346)
	at org.springframework.security.web.servletapi.SecurityContextHolderAwareRequestFilter.doFilter(SecurityContextHolderAwareRequestFilter.java:149)
	at org.springframework.security.web.FilterChainProxy$VirtualFilterChain.doFilter(FilterChainProxy.java:346)
	at org.springframework.security.web.savedrequest.RequestCacheAwareFilter.doFilter(RequestCacheAwareFilter.java:63)
	at org.springframework.security.web.FilterChainProxy$VirtualFilterChain.doFilter(FilterChainProxy.java:346)
	at org.springframework.security.web.authentication.www.BasicAuthenticationFilter.doFilterInternal(BasicAuthenticationFilter.java:164)
	at org.springframework.web.filter.OncePerRequestFilter.doFilter(OncePerRequestFilter.java:117)
	at org.springframework.security.web.FilterChainProxy$VirtualFilterChain.doFilter(FilterChainProxy.java:346)
	at org.springframework.security.web.authentication.AbstractAuthenticationProcessingFilter.doFilter(AbstractAuthenticationProcessingFilter.java:223)
	at org.springframework.security.web.authentication.AbstractAuthenticationProcessingFilter.doFilter(AbstractAuthenticationProcessingFilter.java:217)
	at org.springframework.security.web.FilterChainProxy$VirtualFilterChain.doFilter(FilterChainProxy.java:346)
	at org.springframework.security.web.authentication.logout.LogoutFilter.doFilter(LogoutFilter.java:103)
	at org.springframework.security.web.authentication.logout.LogoutFilter.doFilter(LogoutFilter.java:89)
	at org.springframework.security.web.FilterChainProxy$VirtualFilterChain.doFilter(FilterChainProxy.java:346)
	at org.springframework.security.web.header.HeaderWriterFilter.doHeadersAfter(HeaderWriterFilter.java:90)
	at org.springframework.security.web.header.HeaderWriterFilter.doFilterInternal(HeaderWriterFilter.java:75)
	at org.springframework.web.filter.OncePerRequestFilter.doFilter(OncePerRequestFilter.java:117)
	at org.springframework.security.web.FilterChainProxy$VirtualFilterChain.doFilter(FilterChainProxy.java:346)
	at org.springframework.security.web.context.SecurityContextPersistenceFilter.doFilter(SecurityContextPersistenceFilter.java:112)
	at org.springframework.security.web.context.SecurityContextPersistenceFilter.doFilter(SecurityContextPersistenceFilter.java:82)
	at org.springframework.security.web.FilterChainProxy$VirtualFilterChain.doFilter(FilterChainProxy.java:346)
	at org.springframework.security.web.context.request.async.WebAsyncManagerIntegrationFilter.doFilterInternal(WebAsyncManagerIntegrationFilter.java:55)
	at org.springframework.web.filter.OncePerRequestFilter.doFilter(OncePerRequestFilter.java:117)
	at org.springframework.security.web.FilterChainProxy$VirtualFilterChain.doFilter(FilterChainProxy.java:346)
	at org.springframework.security.web.session.DisableEncodeUrlFilter.doFilterInternal(DisableEncodeUrlFilter.java:42)
	at org.springframework.web.filter.OncePerRequestFilter.doFilter(OncePerRequestFilter.java:117)
	at org.springframework.security.web.FilterChainProxy$VirtualFilterChain.doFilter(FilterChainProxy.java:346)
	at org.springframework.security.web.FilterChainProxy.doFilterInternal(FilterChainProxy.java:221)
	at org.springframework.security.web.FilterChainProxy.doFilter(FilterChainProxy.java:186)
	at org.springframework.web.filter.DelegatingFilterProxy.invokeDelegate(DelegatingFilterProxy.java:354)
	at org.springframework.web.filter.DelegatingFilterProxy.doFilter(DelegatingFilterProxy.java:267)
	at org.apache.catalina.core.ApplicationFilterChain.internalDoFilter(ApplicationFilterChain.java:178)
	at org.apache.catalina.core.ApplicationFilterChain.doFilter(ApplicationFilterChain.java:153)
	at org.springframework.web.filter.RequestContextFilter.doFilterInternal(RequestContextFilter.java:100)
	at org.springframework.web.filter.OncePerRequestFilter.doFilter(OncePerRequestFilter.java:117)
	at org.apache.catalina.core.ApplicationFilterChain.internalDoFilter(ApplicationFilterChain.java:178)
	at org.apache.catalina.core.ApplicationFilterChain.doFilter(ApplicationFilterChain.java:153)
	at org.springframework.web.filter.FormContentFilter.doFilterInternal(FormContentFilter.java:93)
	at org.springframework.web.filter.OncePerRequestFilter.doFilter(OncePerRequestFilter.java:117)
	at org.apache.catalina.core.ApplicationFilterChain.internalDoFilter(ApplicationFilterChain.java:178)
	at org.apache.catalina.core.ApplicationFilterChain.doFilter(ApplicationFilterChain.java:153)
	at org.springframework.web.filter.CharacterEncodingFilter.doFilterInternal(CharacterEncodingFilter.java:201)
	at org.springframework.web.filter.OncePerRequestFilter.doFilter(OncePerRequestFilter.java:117)
	at org.apache.catalina.core.ApplicationFilterChain.internalDoFilter(ApplicationFilterChain.java:178)
	at org.apache.catalina.core.ApplicationFilterChain.doFilter(ApplicationFilterChain.java:153)
	at org.apache.catalina.core.StandardWrapperValve.invoke(StandardWrapperValve.java:168)
	at org.apache.catalina.core.StandardContextValve.invoke(StandardContextValve.java:90)
	at org.apache.catalina.authenticator.AuthenticatorBase.invoke(AuthenticatorBase.java:481)
	at org.apache.catalina.core.StandardHostValve.invoke(StandardHostValve.java:130)
	at org.apache.catalina.valves.ErrorReportValve.invoke(ErrorReportValve.java:93)
	at org.apache.catalina.core.StandardEngineValve.invoke(StandardEngineValve.java:74)
	at org.apache.catalina.valves.RemoteIpValve.invoke(RemoteIpValve.java:765)
	at org.apache.catalina.connector.CoyoteAdapter.service(CoyoteAdapter.java:342)
	at org.apache.coyote.http11.Http11Processor.service(Http11Processor.java:390)
	at org.apache.coyote.AbstractProcessorLight.process(AbstractProcessorLight.java:63)
	at org.apache.coyote.AbstractProtocol$ConnectionHandler.process(AbstractProtocol.java:928)
	at org.apache.tomcat.util.net.NioEndpoint$SocketProcessor.doRun(NioEndpoint.java:1794)
	at org.apache.tomcat.util.net.SocketProcessorBase.run(SocketProcessorBase.java:52)
	at org.apache.tomcat.util.threads.ThreadPoolExecutor.runWorker(ThreadPoolExecutor.java:1191)
	at org.apache.tomcat.util.threads.ThreadPoolExecutor$Worker.run(ThreadPoolExecutor.java:659)
	at org.apache.tomcat.util.threads.TaskThread$WrappingRunnable.run(TaskThread.java:61)
	at java.base/java.lang.Thread.run(Thread.java:840)
21:05:03.993 [http-nio-127.0.0.1-18082-exec-8] [1;31mERROR[0;39m [36mo.a.c.c.C.[.[.[.[dispatcherServlet][0;39m - Servlet.service() for servlet [dispatcherServlet] in context with path [] threw exception [Request processing failed; nested exception is javax.validation.ConstraintViolationException: Validation failed for classes [se.kits.gakusei.content.model.UserLesson] during persist time for groups [javax.validation.groups.Default, ]
List of constraint violations:[
	ConstraintViolationImpl{interpolatedMessage='must not be null', propertyPath=lesson, rootBeanClass=class se.kits.gakusei.content.model.UserLesson, messageTemplate='{javax.validation.constraints.NotNull.message}'}
]] with root cause 
javax.validation.ConstraintViolationException: Validation failed for classes [se.kits.gakusei.content.model.UserLesson] during persist time for groups [javax.validation.groups.Default, ]
List of constraint violations:[
	ConstraintViolationImpl{interpolatedMessage='must not be null', propertyPath=lesson, rootBeanClass=class se.kits.gakusei.content.model.UserLesson, messageTemplate='{javax.validation.constraints.NotNull.message}'}
]
	at org.hibernate.cfg.beanvalidation.BeanValidationEventListener.validate(BeanValidationEventListener.java:140)
	at org.hibernate.cfg.beanvalidation.BeanValidationEventListener.onPreInsert(BeanValidationEventListener.java:80)
	at org.hibernate.action.internal.EntityIdentityInsertAction.preInsert(EntityIdentityInsertAction.java:188)
	at org.hibernate.action.internal.EntityIdentityInsertAction.execute(EntityIdentityInsertAction.java:78)
	at org.hibernate.engine.spi.ActionQueue.execute(ActionQueue.java:645)
	at org.hibernate.engine.spi.ActionQueue.addResolvedEntityInsertAction(ActionQueue.java:282)
	at org.hibernate.engine.spi.ActionQueue.addInsertAction(ActionQueue.java:263)
	at org.hibernate.engine.spi.ActionQueue.addAction(ActionQueue.java:317)
	at org.hibernate.event.internal.AbstractSaveEventListener.addInsertAction(AbstractSaveEventListener.java:329)
	at org.hibernate.event.internal.AbstractSaveEventListener.performSaveOrReplicate(AbstractSaveEventListener.java:286)
	at org.hibernate.event.internal.AbstractSaveEventListener.performSave(AbstractSaveEventListener.java:192)
	at org.hibernate.event.internal.AbstractSaveEventListener.saveWithGeneratedId(AbstractSaveEventListener.java:122)
	at org.hibernate.event.internal.DefaultPersistEventListener.entityIsTransient(DefaultPersistEventListener.java:185)
	at org.hibernate.event.internal.DefaultPersistEventListener.onPersist(DefaultPersistEventListener.java:128)
	at org.hibernate.event.internal.DefaultPersistEventListener.onPersist(DefaultPersistEventListener.java:55)
	at org.hibernate.event.service.internal.EventListenerGroupImpl.fireEventOnEachListener(EventListenerGroupImpl.java:107)
	at org.hibernate.internal.SessionImpl.firePersist(SessionImpl.java:756)
	at org.hibernate.internal.SessionImpl.persist(SessionImpl.java:742)
	at java.base/jdk.internal.reflect.NativeMethodAccessorImpl.invoke0(Native Method)
	at java.base/jdk.internal.reflect.NativeMethodAccessorImpl.invoke(NativeMethodAccessorImpl.java:77)
	at java.base/jdk.internal.reflect.DelegatingMethodAccessorImpl.invoke(DelegatingMethodAccessorImpl.java:43)
	at java.base/java.lang.reflect.Method.invoke(Method.java:569)
	at org.springframework.orm.jpa.ExtendedEntityManagerCreator$ExtendedEntityManagerInvocationHandler.invoke(ExtendedEntityManagerCreator.java:362)
	at jdk.proxy2/jdk.proxy2.$Proxy150.persist(Unknown Source)
	at java.base/jdk.internal.reflect.NativeMethodAccessorImpl.invoke0(Native Method)
	at java.base/jdk.internal.reflect.NativeMethodAccessorImpl.invoke(NativeMethodAccessorImpl.java:77)
	at java.base/jdk.internal.reflect.DelegatingMethodAccessorImpl.invoke(DelegatingMethodAccessorImpl.java:43)
	at java.base/java.lang.reflect.Method.invoke(Method.java:569)
	at org.springframework.orm.jpa.SharedEntityManagerCreator$SharedEntityManagerInvocationHandler.invoke(SharedEntityManagerCreator.java:315)
	at jdk.proxy2/jdk.proxy2.$Proxy150.persist(Unknown Source)
	at org.springframework.data.jpa.repository.support.SimpleJpaRepository.save(SimpleJpaRepository.java:666)
	at java.base/jdk.internal.reflect.NativeMethodAccessorImpl.invoke0(Native Method)
	at java.base/jdk.internal.reflect.NativeMethodAccessorImpl.invoke(NativeMethodAccessorImpl.java:77)
	at java.base/jdk.internal.reflect.DelegatingMethodAccessorImpl.invoke(DelegatingMethodAccessorImpl.java:43)
	at java.base/java.lang.reflect.Method.invoke(Method.java:569)
	at org.springframework.data.repository.core.support.RepositoryMethodInvoker$RepositoryFragmentMethodInvoker.lambda$new$0(RepositoryMethodInvoker.java:289)
	at org.springframework.data.repository.core.support.RepositoryMethodInvoker.doInvoke(RepositoryMethodInvoker.java:137)
	at org.springframework.data.repository.core.support.RepositoryMethodInvoker.invoke(RepositoryMethodInvoker.java:121)
	at org.springframework.data.repository.core.support.RepositoryComposition$RepositoryFragments.invoke(RepositoryComposition.java:530)
	at org.springframework.data.repository.core.support.RepositoryComposition.invoke(RepositoryComposition.java:286)
	at org.springframework.data.repository.core.support.RepositoryFactorySupport$ImplementationMethodExecutionInterceptor.invoke(RepositoryFactorySupport.java:640)
	at org.springframework.aop.framework.ReflectiveMethodInvocation.proceed(ReflectiveMethodInvocation.java:186)
	at org.springframework.data.repository.core.support.QueryExecutorMethodInterceptor.doInvoke(QueryExecutorMethodInterceptor.java:164)
	at org.springframework.data.repository.core.support.QueryExecutorMethodInterceptor.invoke(QueryExecutorMethodInterceptor.java:139)
	at org.springframework.aop.framework.ReflectiveMethodInvocation.proceed(ReflectiveMethodInvocation.java:186)
	at org.springframework.transaction.interceptor.TransactionInterceptor$1.proceedWithInvocation(TransactionInterceptor.java:123)
	at org.springframework.transaction.interceptor.TransactionAspectSupport.invokeWithinTransaction(TransactionAspectSupport.java:388)
	at org.springframework.transaction.interceptor.TransactionInterceptor.invoke(TransactionInterceptor.java:119)
	at org.springframework.aop.framework.ReflectiveMethodInvocation.proceed(ReflectiveMethodInvocation.java:186)
	at org.springframework.dao.support.PersistenceExceptionTranslationInterceptor.invoke(PersistenceExceptionTranslationInterceptor.java:137)
	at org.springframework.aop.framework.ReflectiveMethodInvocation.proceed(ReflectiveMethodInvocation.java:186)
	at org.springframework.data.jpa.repository.support.CrudMethodMetadataPostProcessor$CrudMethodMetadataPopulatingMethodInterceptor.invoke(CrudMethodMetadataPostProcessor.java:174)
	at org.springframework.aop.framework.ReflectiveMethodInvocation.proceed(ReflectiveMethodInvocation.java:186)
	at org.springframework.aop.interceptor.ExposeInvocationInterceptor.invoke(ExposeInvocationInterceptor.java:97)
	at org.springframework.aop.framework.ReflectiveMethodInvocation.proceed(ReflectiveMethodInvocation.java:186)
	at org.springframework.aop.framework.JdkDynamicAopProxy.invoke(JdkDynamicAopProxy.java:241)
	at jdk.proxy2/jdk.proxy2.$Proxy184.save(Unknown Source)
	at se.kits.gakusei.controller.UserLessonController.addUserLesson(UserLessonController.java:60)
	at java.base/jdk.internal.reflect.NativeMethodAccessorImpl.invoke0(Native Method)
	at java.base/jdk.internal.reflect.NativeMethodAccessorImpl.invoke(NativeMethodAccessorImpl.java:77)
	at java.base/jdk.internal.reflect.DelegatingMethodAccessorImpl.invoke(DelegatingMethodAccessorImpl.java:43)
	at java.base/java.lang.reflect.Method.invoke(Method.java:569)
	at org.springframework.web.method.support.InvocableHandlerMethod.doInvoke(InvocableHandlerMethod.java:205)
	at org.springframework.web.method.support.InvocableHandlerMethod.invokeForRequest(InvocableHandlerMethod.java:150)
	at org.springframework.web.servlet.mvc.method.annotation.ServletInvocableHandlerMethod.invokeAndHandle(ServletInvocableHandlerMethod.java:117)
	at org.springframework.web.servlet.mvc.method.annotation.RequestMappingHandlerAdapter.invokeHandlerMethod(RequestMappingHandlerAdapter.java:895)
	at org.springframework.web.servlet.mvc.method.annotation.RequestMappingHandlerAdapter.handleInternal(RequestMappingHandlerAdapter.java:808)
	at org.springframework.web.servlet.mvc.method.AbstractHandlerMethodAdapter.handle(AbstractHandlerMethodAdapter.java:87)
	at org.springframework.web.servlet.DispatcherServlet.doDispatch(DispatcherServlet.java:1072)
	at org.springframework.web.servlet.DispatcherServlet.doService(DispatcherServlet.java:965)
	at org.springframework.web.servlet.FrameworkServlet.processRequest(FrameworkServlet.java:1006)
	at org.springframework.web.servlet.FrameworkServlet.doPost(FrameworkServlet.java:909)
	at javax.servlet.http.HttpServlet.service(HttpServlet.java:555)
	at org.springframework.web.servlet.FrameworkServlet.service(FrameworkServlet.java:883)
	at javax.servlet.http.HttpServlet.service(HttpServlet.java:623)
	at org.apache.catalina.core.ApplicationFilterChain.internalDoFilter(ApplicationFilterChain.java:209)
	at org.apache.catalina.core.ApplicationFilterChain.doFilter(ApplicationFilterChain.java:153)
	at org.apache.tomcat.websocket.server.WsFilter.doFilter(WsFilter.java:51)
	at org.apache.catalina.core.ApplicationFilterChain.internalDoFilter(ApplicationFilterChain.java:178)
	at org.apache.catalina.core.ApplicationFilterChain.doFilter(ApplicationFilterChain.java:153)
	at org.springframework.security.web.FilterChainProxy$VirtualFilterChain.doFilter(FilterChainProxy.java:337)
	at org.springframework.security.web.access.intercept.FilterSecurityInterceptor.invoke(FilterSecurityInterceptor.java:115)
	at org.springframework.security.web.access.intercept.FilterSecurityInterceptor.doFilter(FilterSecurityInterceptor.java:81)
	at org.springframework.security.web.FilterChainProxy$VirtualFilterChain.doFilter(FilterChainProxy.java:346)
	at org.springframework.security.web.access.ExceptionTranslationFilter.doFilter(ExceptionTranslationFilter.java:122)
	at org.springframework.security.web.access.ExceptionTranslationFilter.doFilter(ExceptionTranslationFilter.java:116)
	at org.springframework.security.web.FilterChainProxy$VirtualFilterChain.doFilter(FilterChainProxy.java:346)
	at org.springframework.security.web.session.SessionManagementFilter.doFilter(SessionManagementFilter.java:126)
	at org.springframework.security.web.session.SessionManagementFilter.doFilter(SessionManagementFilter.java:81)
	at org.springframework.security.web.FilterChainProxy$VirtualFilterChain.doFilter(FilterChainProxy.java:346)
	at org.springframework.security.web.authentication.AnonymousAuthenticationFilter.doFilter(AnonymousAuthenticationFilter.java:109)
	at org.springframework.security.web.FilterChainProxy$VirtualFilterChain.doFilter(FilterChainProxy.java:346)
	at org.springframework.security.web.authentication.rememberme.RememberMeAuthenticationFilter.doFilter(RememberMeAuthenticationFilter.java:106)
	at org.springframework.security.web.authentication.rememberme.RememberMeAuthenticationFilter.doFilter(RememberMeAuthenticationFilter.java:97)
	at org.springframework.security.web.FilterChainProxy$VirtualFilterChain.doFilter(FilterChainProxy.java:346)
	at org.springframework.security.web.servletapi.SecurityContextHolderAwareRequestFilter.doFilter(SecurityContextHolderAwareRequestFilter.java:149)
	at org.springframework.security.web.FilterChainProxy$VirtualFilterChain.doFilter(FilterChainProxy.java:346)
	at org.springframework.security.web.savedrequest.RequestCacheAwareFilter.doFilter(RequestCacheAwareFilter.java:63)
	at org.springframework.security.web.FilterChainProxy$VirtualFilterChain.doFilter(FilterChainProxy.java:346)
	at org.springframework.security.web.authentication.www.BasicAuthenticationFilter.doFilterInternal(BasicAuthenticationFilter.java:164)
	at org.springframework.web.filter.OncePerRequestFilter.doFilter(OncePerRequestFilter.java:117)
	at org.springframework.security.web.FilterChainProxy$VirtualFilterChain.doFilter(FilterChainProxy.java:346)
	at org.springframework.security.web.authentication.AbstractAuthenticationProcessingFilter.doFilter(AbstractAuthenticationProcessingFilter.java:223)
	at org.springframework.security.web.authentication.AbstractAuthenticationProcessingFilter.doFilter(AbstractAuthenticationProcessingFilter.java:217)
	at org.springframework.security.web.FilterChainProxy$VirtualFilterChain.doFilter(FilterChainProxy.java:346)
	at org.springframework.security.web.authentication.logout.LogoutFilter.doFilter(LogoutFilter.java:103)
	at org.springframework.security.web.authentication.logout.LogoutFilter.doFilter(LogoutFilter.java:89)
	at org.springframework.security.web.FilterChainProxy$VirtualFilterChain.doFilter(FilterChainProxy.java:346)
	at org.springframework.security.web.header.HeaderWriterFilter.doHeadersAfter(HeaderWriterFilter.java:90)
	at org.springframework.security.web.header.HeaderWriterFilter.doFilterInternal(HeaderWriterFilter.java:75)
	at org.springframework.web.filter.OncePerRequestFilter.doFilter(OncePerRequestFilter.java:117)
	at org.springframework.security.web.FilterChainProxy$VirtualFilterChain.doFilter(FilterChainProxy.java:346)
	at org.springframework.security.web.context.SecurityContextPersistenceFilter.doFilter(SecurityContextPersistenceFilter.java:112)
	at org.springframework.security.web.context.SecurityContextPersistenceFilter.doFilter(SecurityContextPersistenceFilter.java:82)
	at org.springframework.security.web.FilterChainProxy$VirtualFilterChain.doFilter(FilterChainProxy.java:346)
	at org.springframework.security.web.context.request.async.WebAsyncManagerIntegrationFilter.doFilterInternal(WebAsyncManagerIntegrationFilter.java:55)
	at org.springframework.web.filter.OncePerRequestFilter.doFilter(OncePerRequestFilter.java:117)
	at org.springframework.security.web.FilterChainProxy$VirtualFilterChain.doFilter(FilterChainProxy.java:346)
	at org.springframework.security.web.session.DisableEncodeUrlFilter.doFilterInternal(DisableEncodeUrlFilter.java:42)
	at org.springframework.web.filter.OncePerRequestFilter.doFilter(OncePerRequestFilter.java:117)
	at org.springframework.security.web.FilterChainProxy$VirtualFilterChain.doFilter(FilterChainProxy.java:346)
	at org.springframework.security.web.FilterChainProxy.doFilterInternal(FilterChainProxy.java:221)
	at org.springframework.security.web.FilterChainProxy.doFilter(FilterChainProxy.java:186)
	at org.springframework.web.filter.DelegatingFilterProxy.invokeDelegate(DelegatingFilterProxy.java:354)
	at org.springframework.web.filter.DelegatingFilterProxy.doFilter(DelegatingFilterProxy.java:267)
	at org.apache.catalina.core.ApplicationFilterChain.internalDoFilter(ApplicationFilterChain.java:178)
	at org.apache.catalina.core.ApplicationFilterChain.doFilter(ApplicationFilterChain.java:153)
	at org.springframework.web.filter.RequestContextFilter.doFilterInternal(RequestContextFilter.java:100)
	at org.springframework.web.filter.OncePerRequestFilter.doFilter(OncePerRequestFilter.java:117)
	at org.apache.catalina.core.ApplicationFilterChain.internalDoFilter(ApplicationFilterChain.java:178)
	at org.apache.catalina.core.ApplicationFilterChain.doFilter(ApplicationFilterChain.java:153)
	at org.springframework.web.filter.FormContentFilter.doFilterInternal(FormContentFilter.java:93)
	at org.springframework.web.filter.OncePerRequestFilter.doFilter(OncePerRequestFilter.java:117)
	at org.apache.catalina.core.ApplicationFilterChain.internalDoFilter(ApplicationFilterChain.java:178)
	at org.apache.catalina.core.ApplicationFilterChain.doFilter(ApplicationFilterChain.java:153)
	at org.springframework.web.filter.CharacterEncodingFilter.doFilterInternal(CharacterEncodingFilter.java:201)
	at org.springframework.web.filter.OncePerRequestFilter.doFilter(OncePerRequestFilter.java:117)
	at org.apache.catalina.core.ApplicationFilterChain.internalDoFilter(ApplicationFilterChain.java:178)
	at org.apache.catalina.core.ApplicationFilterChain.doFilter(ApplicationFilterChain.java:153)
	at org.apache.catalina.core.StandardWrapperValve.invoke(StandardWrapperValve.java:168)
	at org.apache.catalina.core.StandardContextValve.invoke(StandardContextValve.java:90)
	at org.apache.catalina.authenticator.AuthenticatorBase.invoke(AuthenticatorBase.java:481)
	at org.apache.catalina.core.StandardHostValve.invoke(StandardHostValve.java:130)
	at org.apache.catalina.valves.ErrorReportValve.invoke(ErrorReportValve.java:93)
	at org.apache.catalina.core.StandardEngineValve.invoke(StandardEngineValve.java:74)
	at org.apache.catalina.valves.RemoteIpValve.invoke(RemoteIpValve.java:765)
	at org.apache.catalina.connector.CoyoteAdapter.service(CoyoteAdapter.java:342)
	at org.apache.coyote.http11.Http11Processor.service(Http11Processor.java:390)
	at org.apache.coyote.AbstractProcessorLight.process(AbstractProcessorLight.java:63)
	at org.apache.coyote.AbstractProtocol$ConnectionHandler.process(AbstractProtocol.java:928)
	at org.apache.tomcat.util.net.NioEndpoint$SocketProcessor.doRun(NioEndpoint.java:1794)
	at org.apache.tomcat.util.net.SocketProcessorBase.run(SocketProcessorBase.java:52)
	at org.apache.tomcat.util.threads.ThreadPoolExecutor.runWorker(ThreadPoolExecutor.java:1191)
	at org.apache.tomcat.util.threads.ThreadPoolExecutor$Worker.run(ThreadPoolExecutor.java:659)
	at org.apache.tomcat.util.threads.TaskThread$WrappingRunnable.run(TaskThread.java:61)
	at java.base/java.lang.Thread.run(Thread.java:840)
21:05:04.148 [http-nio-127.0.0.1-18082-exec-6] [34mINFO [0;39m [36ms.k.g.controller.LessonController[0;39m - Getting vocabulary lessons took 189 ms. 
21:05:04.156 [http-nio-127.0.0.1-18082-exec-6] [34mINFO [0;39m [36ms.k.g.controller.LessonController[0;39m - Un count for Verbs: 50 
21:05:04.159 [http-nio-127.0.0.1-18082-exec-6] [34mINFO [0;39m [36ms.k.g.controller.LessonController[0;39m - Un count for genki 13: 26 
21:05:04.163 [http-nio-127.0.0.1-18082-exec-6] [34mINFO [0;39m [36ms.k.g.controller.LessonController[0;39m - Un count for genki 15: 6 
21:05:04.166 [http-nio-127.0.0.1-18082-exec-6] [34mINFO [0;39m [36ms.k.g.controller.LessonController[0;39m - Un count for jlpt n3: 6 
21:05:04.170 [http-nio-127.0.0.1-18082-exec-6] [34mINFO [0;39m [36ms.k.g.controller.LessonController[0;39m - Un count for jlpt n4: 9 
21:05:04.170 [http-nio-127.0.0.1-18082-exec-6] [34mINFO [0;39m [36ms.k.g.controller.LessonController[0;39m - Collecting lesson nuggets took 22 ms 
21:05:04.295 [http-nio-127.0.0.1-18082-exec-5] [34mINFO [0;39m [36ms.k.g.controller.LessonController[0;39m - Getting vocabulary lessons took 123 ms. 
21:05:04.299 [http-nio-127.0.0.1-18082-exec-5] [34mINFO [0;39m [36ms.k.g.controller.LessonController[0;39m - Un count for Verbs: 50 
21:05:04.302 [http-nio-127.0.0.1-18082-exec-5] [34mINFO [0;39m [36ms.k.g.controller.LessonController[0;39m - Un count for genki 13: 26 
21:05:04.305 [http-nio-127.0.0.1-18082-exec-5] [34mINFO [0;39m [36ms.k.g.controller.LessonController[0;39m - Un count for genki 15: 6 
21:05:04.309 [http-nio-127.0.0.1-18082-exec-5] [34mINFO [0;39m [36ms.k.g.controller.LessonController[0;39m - Un count for jlpt n3: 6 
21:05:04.311 [http-nio-127.0.0.1-18082-exec-5] [34mINFO [0;39m [36ms.k.g.controller.LessonController[0;39m - Un count for jlpt n4: 9 
21:05:04.312 [http-nio-127.0.0.1-18082-exec-5] [34mINFO [0;39m [36ms.k.g.controller.LessonController[0;39m - Collecting lesson nuggets took 17 ms 
21:05:14.559 [http-nio-127.0.0.1-18082-exec-10] [34mINFO [0;39m [36ms.k.g.controller.EventController[0;39m - 2026-10-04 21:05:14.553 / lessons / question / がいこくじん / be0c303d-8b11-4619-8ef5-9b41a14859f4 / pgjar1004 
21:05:14.563 [http-nio-127.0.0.1-18082-exec-10] [34mINFO [0;39m [36ms.k.g.controller.EventController[0;39m - 2026-10-04 21:05:14.553 / lessons / question / 外国人 / be0c303d-8b11-4619-8ef5-9b41a14859f4 / pgjar1004 
21:05:14.567 [http-nio-127.0.0.1-18082-exec-10] [34mINFO [0;39m [36ms.k.g.controller.EventController[0;39m - 2026-10-04 21:05:14.553 / lessons / alternative / utlänning / null / pgjar1004 
21:05:14.569 [http-nio-127.0.0.1-18082-exec-10] [34mINFO [0;39m [36ms.k.g.controller.EventController[0;39m - 2026-10-04 21:05:14.553 / lessons / alternative / nattklubb / null / pgjar1004 
21:05:14.572 [http-nio-127.0.0.1-18082-exec-10] [34mINFO [0;39m [36ms.k.g.controller.EventController[0;39m - 2026-10-04 21:05:14.553 / lessons / alternative / biograf / null / pgjar1004 
21:05:14.574 [http-nio-127.0.0.1-18082-exec-10] [34mINFO [0;39m [36ms.k.g.controller.EventController[0;39m - 2026-10-04 21:05:14.553 / lessons / alternative / bild / null / pgjar1004 
21:05:21.255 [http-nio-127.0.0.1-18082-exec-3] [34mINFO [0;39m [36ms.k.g.controller.EventController[0;39m - 2026-10-04 21:05:21.239 / lessons / userAnswer / utlänning / null / pgjar1004 
21:05:21.263 [http-nio-127.0.0.1-18082-exec-3] [34mINFO [0;39m [36ms.k.g.controller.EventController[0;39m - 2026-10-04 21:05:21.239 / lessons / correctAlternative / がいこくじん / be0c303d-8b11-4619-8ef5-9b41a14859f4 / pgjar1004 
21:05:21.269 [http-nio-127.0.0.1-18082-exec-3] [34mINFO [0;39m [36ms.k.g.controller.EventController[0;39m - 2026-10-04 21:05:21.239 / lessons / correctAlternative / utlänning / be0c303d-8b11-4619-8ef5-9b41a14859f4 / pgjar1004 
21:05:21.276 [http-nio-127.0.0.1-18082-exec-3] [34mINFO [0;39m [36ms.k.g.controller.EventController[0;39m - 2026-10-04 21:05:21.239 / lessons / answeredCorrectly / true / be0c303d-8b11-4619-8ef5-9b41a14859f4 / pgjar1004 
21:05:21.306 [http-nio-127.0.0.1-18082-exec-3] [34mINFO [0;39m [36ms.k.g.controller.EventController[0;39m - 2026-10-04 21:05:21.239 / lessons / updateRetention / true / be0c303d-8b11-4619-8ef5-9b41a14859f4 / pgjar1004 
21:05:22.770 [http-nio-127.0.0.1-18082-exec-7] [34mINFO [0;39m [36ms.k.g.controller.EventController[0;39m - 2026-10-04 21:05:22.758 / lessons / question / え / 04985826-0d05-418a-908a-c8515c9c6990 / pgjar1004 
21:05:22.778 [http-nio-127.0.0.1-18082-exec-7] [34mINFO [0;39m [36ms.k.g.controller.EventController[0;39m - 2026-10-04 21:05:22.758 / lessons / question / 絵 / 04985826-0d05-418a-908a-c8515c9c6990 / pgjar1004 
21:05:22.786 [http-nio-127.0.0.1-18082-exec-7] [34mINFO [0;39m [36ms.k.g.controller.EventController[0;39m - 2026-10-04 21:05:22.758 / lessons / alternative / biograf / null / pgjar1004 
21:05:22.793 [http-nio-127.0.0.1-18082-exec-7] [34mINFO [0;39m [36ms.k.g.controller.EventController[0;39m - 2026-10-04 21:05:22.758 / lessons / alternative / utlänning / null / pgjar1004 
21:05:22.800 [http-nio-127.0.0.1-18082-exec-7] [34mINFO [0;39m [36ms.k.g.controller.EventController[0;39m - 2026-10-04 21:05:22.758 / lessons / alternative / nattklubb / null / pgjar1004 
21:05:22.807 [http-nio-127.0.0.1-18082-exec-7] [34mINFO [0;39m [36ms.k.g.controller.EventController[0;39m - 2026-10-04 21:05:22.758 / lessons / alternative / bild / null / pgjar1004 
21:05:42.657 [http-nio-127.0.0.1-18082-exec-1] [34mINFO [0;39m [36ms.k.g.controller.EventController[0;39m - 2026-10-04 21:05:42.65 / lessons / userAnswer / bild / null / pgjar1004 
21:05:42.661 [http-nio-127.0.0.1-18082-exec-1] [34mINFO [0;39m [36ms.k.g.controller.EventController[0;39m - 2026-10-04 21:05:42.65 / lessons / correctAlternative / え / 04985826-0d05-418a-908a-c8515c9c6990 / pgjar1004 
21:05:42.665 [http-nio-127.0.0.1-18082-exec-1] [34mINFO [0;39m [36ms.k.g.controller.EventController[0;39m - 2026-10-04 21:05:42.65 / lessons / correctAlternative / bild / 04985826-0d05-418a-908a-c8515c9c6990 / pgjar1004 
21:05:42.669 [http-nio-127.0.0.1-18082-exec-1] [34mINFO [0;39m [36ms.k.g.controller.EventController[0;39m - 2026-10-04 21:05:42.65 / lessons / answeredCorrectly / true / 04985826-0d05-418a-908a-c8515c9c6990 / pgjar1004 
21:05:42.680 [http-nio-127.0.0.1-18082-exec-1] [34mINFO [0;39m [36ms.k.g.controller.EventController[0;39m - 2026-10-04 21:05:42.65 / lessons / updateRetention / true / 04985826-0d05-418a-908a-c8515c9c6990 / pgjar1004 
21:05:44.166 [http-nio-127.0.0.1-18082-exec-4] [34mINFO [0;39m [36ms.k.g.controller.EventController[0;39m - 2026-10-04 21:05:44.161 / lessons / question / けいけん / d4139d26-6cbe-4acf-838a-fe47b9f81b12 / pgjar1004 
21:05:44.170 [http-nio-127.0.0.1-18082-exec-4] [34mINFO [0;39m [36ms.k.g.controller.EventController[0;39m - 2026-10-04 21:05:44.161 / lessons / question / 経験 / d4139d26-6cbe-4acf-838a-fe47b9f81b12 / pgjar1004 
21:05:44.173 [http-nio-127.0.0.1-18082-exec-4] [34mINFO [0;39m [36ms.k.g.controller.EventController[0;39m - 2026-10-04 21:05:44.161 / lessons / alternative / nattklubb / null / pgjar1004 
21:05:44.176 [http-nio-127.0.0.1-18082-exec-4] [34mINFO [0;39m [36ms.k.g.controller.EventController[0;39m - 2026-10-04 21:05:44.161 / lessons / alternative / utlänning / null / pgjar1004 
21:05:44.178 [http-nio-127.0.0.1-18082-exec-4] [34mINFO [0;39m [36ms.k.g.controller.EventController[0;39m - 2026-10-04 21:05:44.161 / lessons / alternative / Internet / null / pgjar1004 
21:05:44.181 [http-nio-127.0.0.1-18082-exec-4] [34mINFO [0;39m [36ms.k.g.controller.EventController[0;39m - 2026-10-04 21:05:44.161 / lessons / alternative / erfarenhet / null / pgjar1004 
21:06:10.300 [http-nio-127.0.0.1-18082-exec-8] [34mINFO [0;39m [36ms.k.g.controller.EventController[0;39m - 2026-10-04 21:06:10.295 / lessons / userAnswer / erfarenhet / null / pgjar1004 
21:06:10.304 [http-nio-127.0.0.1-18082-exec-8] [34mINFO [0;39m [36ms.k.g.controller.EventController[0;39m - 2026-10-04 21:06:10.295 / lessons / correctAlternative / けいけん / d4139d26-6cbe-4acf-838a-fe47b9f81b12 / pgjar1004 
21:06:10.306 [http-nio-127.0.0.1-18082-exec-8] [34mINFO [0;39m [36ms.k.g.controller.EventController[0;39m - 2026-10-04 21:06:10.295 / lessons / correctAlternative / erfarenhet / d4139d26-6cbe-4acf-838a-fe47b9f81b12 / pgjar1004 
21:06:10.310 [http-nio-127.0.0.1-18082-exec-8] [34mINFO [0;39m [36ms.k.g.controller.EventController[0;39m - 2026-10-04 21:06:10.295 / lessons / answeredCorrectly / true / d4139d26-6cbe-4acf-838a-fe47b9f81b12 / pgjar1004 
21:06:10.317 [http-nio-127.0.0.1-18082-exec-8] [34mINFO [0;39m [36ms.k.g.controller.EventController[0;39m - 2026-10-04 21:06:10.295 / lessons / updateRetention / true / d4139d26-6cbe-4acf-838a-fe47b9f81b12 / pgjar1004 
21:06:11.819 [http-nio-127.0.0.1-18082-exec-10] [34mINFO [0;39m [36ms.k.g.controller.EventController[0;39m - 2026-10-04 21:06:11.809 / lessons / question / インターネット / 6dc6f024-0fd1-41f9-99c7-72d0b945fec5 / pgjar1004 
21:06:11.827 [http-nio-127.0.0.1-18082-exec-10] [34mINFO [0;39m [36ms.k.g.controller.EventController[0;39m - 2026-10-04 21:06:11.809 / lessons / question / インターネット / 6dc6f024-0fd1-41f9-99c7-72d0b945fec5 / pgjar1004 
21:06:11.832 [http-nio-127.0.0.1-18082-exec-10] [34mINFO [0;39m [36ms.k.g.controller.EventController[0;39m - 2026-10-04 21:06:11.809 / lessons / alternative / bild / null / pgjar1004 
21:06:11.839 [http-nio-127.0.0.1-18082-exec-10] [34mINFO [0;39m [36ms.k.g.controller.EventController[0;39m - 2026-10-04 21:06:11.809 / lessons / alternative / Internet / null / pgjar1004 
21:06:11.845 [http-nio-127.0.0.1-18082-exec-10] [34mINFO [0;39m [36ms.k.g.controller.EventController[0;39m - 2026-10-04 21:06:11.809 / lessons / alternative / biograf / null / pgjar1004 
21:06:11.852 [http-nio-127.0.0.1-18082-exec-10] [34mINFO [0;39m [36ms.k.g.controller.EventController[0;39m - 2026-10-04 21:06:11.809 / lessons / alternative / nattklubb / null / pgjar1004 
21:06:43.522 [http-nio-127.0.0.1-18082-exec-3] [34mINFO [0;39m [36ms.k.g.controller.EventController[0;39m - 2026-10-04 21:06:43.511 / lessons / userAnswer / Internet / null / pgjar1004 
21:06:43.527 [http-nio-127.0.0.1-18082-exec-3] [34mINFO [0;39m [36ms.k.g.controller.EventController[0;39m - 2026-10-04 21:06:43.511 / lessons / correctAlternative / インターネット / 6dc6f024-0fd1-41f9-99c7-72d0b945fec5 / pgjar1004 
21:06:43.534 [http-nio-127.0.0.1-18082-exec-3] [34mINFO [0;39m [36ms.k.g.controller.EventController[0;39m - 2026-10-04 21:06:43.511 / lessons / correctAlternative / Internet / 6dc6f024-0fd1-41f9-99c7-72d0b945fec5 / pgjar1004 
21:06:43.539 [http-nio-127.0.0.1-18082-exec-3] [34mINFO [0;39m [36ms.k.g.controller.EventController[0;39m - 2026-10-04 21:06:43.511 / lessons / answeredCorrectly / true / 6dc6f024-0fd1-41f9-99c7-72d0b945fec5 / pgjar1004 
21:06:43.553 [http-nio-127.0.0.1-18082-exec-3] [34mINFO [0;39m [36ms.k.g.controller.EventController[0;39m - 2026-10-04 21:06:43.511 / lessons / updateRetention / true / 6dc6f024-0fd1-41f9-99c7-72d0b945fec5 / pgjar1004 
21:06:45.038 [http-nio-127.0.0.1-18082-exec-7] [34mINFO [0;39m [36ms.k.g.controller.EventController[0;39m - 2026-10-04 21:06:45.029 / lessons / question / えいがかん / 2064a49b-4cc9-476a-a472-d8b9d8d4b4c1 / pgjar1004 
21:06:45.042 [http-nio-127.0.0.1-18082-exec-7] [34mINFO [0;39m [36ms.k.g.controller.EventController[0;39m - 2026-10-04 21:06:45.029 / lessons / question / 映画館 / 2064a49b-4cc9-476a-a472-d8b9d8d4b4c1 / pgjar1004 
21:06:45.048 [http-nio-127.0.0.1-18082-exec-7] [34mINFO [0;39m [36ms.k.g.controller.EventController[0;39m - 2026-10-04 21:06:45.029 / lessons / alternative / biograf / null / pgjar1004 
21:06:45.051 [http-nio-127.0.0.1-18082-exec-7] [34mINFO [0;39m [36ms.k.g.controller.EventController[0;39m - 2026-10-04 21:06:45.029 / lessons / alternative / utlänning / null / pgjar1004 
21:06:45.055 [http-nio-127.0.0.1-18082-exec-7] [34mINFO [0;39m [36ms.k.g.controller.EventController[0;39m - 2026-10-04 21:06:45.029 / lessons / alternative / bild / null / pgjar1004 
21:06:45.059 [http-nio-127.0.0.1-18082-exec-7] [34mINFO [0;39m [36ms.k.g.controller.EventController[0;39m - 2026-10-04 21:06:45.029 / lessons / alternative / Internet / null / pgjar1004 
21:07:14.229 [http-nio-127.0.0.1-18082-exec-9] [34mINFO [0;39m [36ms.k.g.controller.EventController[0;39m - 2026-10-04 21:07:14.215 / lessons / userAnswer / biograf / null / pgjar1004 
21:07:14.236 [http-nio-127.0.0.1-18082-exec-9] [34mINFO [0;39m [36ms.k.g.controller.EventController[0;39m - 2026-10-04 21:07:14.215 / lessons / correctAlternative / えいがかん / 2064a49b-4cc9-476a-a472-d8b9d8d4b4c1 / pgjar1004 
21:07:14.242 [http-nio-127.0.0.1-18082-exec-9] [34mINFO [0;39m [36ms.k.g.controller.EventController[0;39m - 2026-10-04 21:07:14.215 / lessons / correctAlternative / biograf / 2064a49b-4cc9-476a-a472-d8b9d8d4b4c1 / pgjar1004 
21:07:14.249 [http-nio-127.0.0.1-18082-exec-9] [34mINFO [0;39m [36ms.k.g.controller.EventController[0;39m - 2026-10-04 21:07:14.215 / lessons / answeredCorrectly / true / 2064a49b-4cc9-476a-a472-d8b9d8d4b4c1 / pgjar1004 
21:07:14.269 [http-nio-127.0.0.1-18082-exec-9] [34mINFO [0;39m [36ms.k.g.controller.EventController[0;39m - 2026-10-04 21:07:14.215 / lessons / updateRetention / true / 2064a49b-4cc9-476a-a472-d8b9d8d4b4c1 / pgjar1004 
21:07:15.744 [http-nio-127.0.0.1-18082-exec-1] [34mINFO [0;39m [36ms.k.g.controller.EventController[0;39m - 2026-10-04 21:07:15.735 / lessons / question / クラブ / 1fc53bea-71c0-4b15-8ed5-c6f50ced215d / pgjar1004 
21:07:15.750 [http-nio-127.0.0.1-18082-exec-1] [34mINFO [0;39m [36ms.k.g.controller.EventController[0;39m - 2026-10-04 21:07:15.735 / lessons / question / クラブ / 1fc53bea-71c0-4b15-8ed5-c6f50ced215d / pgjar1004 
21:07:15.756 [http-nio-127.0.0.1-18082-exec-1] [34mINFO [0;39m [36ms.k.g.controller.EventController[0;39m - 2026-10-04 21:07:15.735 / lessons / alternative / nattklubb / null / pgjar1004 
21:07:15.762 [http-nio-127.0.0.1-18082-exec-1] [34mINFO [0;39m [36ms.k.g.controller.EventController[0;39m - 2026-10-04 21:07:15.735 / lessons / alternative / biograf / null / pgjar1004 
21:07:15.769 [http-nio-127.0.0.1-18082-exec-1] [34mINFO [0;39m [36ms.k.g.controller.EventController[0;39m - 2026-10-04 21:07:15.735 / lessons / alternative / bild / null / pgjar1004 
21:07:15.774 [http-nio-127.0.0.1-18082-exec-1] [34mINFO [0;39m [36ms.k.g.controller.EventController[0;39m - 2026-10-04 21:07:15.735 / lessons / alternative / utlänning / null / pgjar1004 
21:07:37.382 [http-nio-127.0.0.1-18082-exec-4] [34mINFO [0;39m [36ms.k.g.controller.EventController[0;39m - 2026-10-04 21:07:37.374 / lessons / userAnswer / nattklubb / null / pgjar1004 
21:07:37.387 [http-nio-127.0.0.1-18082-exec-4] [34mINFO [0;39m [36ms.k.g.controller.EventController[0;39m - 2026-10-04 21:07:37.374 / lessons / correctAlternative / クラブ / 1fc53bea-71c0-4b15-8ed5-c6f50ced215d / pgjar1004 
21:07:37.391 [http-nio-127.0.0.1-18082-exec-4] [34mINFO [0;39m [36ms.k.g.controller.EventController[0;39m - 2026-10-04 21:07:37.374 / lessons / correctAlternative / nattklubb / 1fc53bea-71c0-4b15-8ed5-c6f50ced215d / pgjar1004 
21:07:37.395 [http-nio-127.0.0.1-18082-exec-4] [34mINFO [0;39m [36ms.k.g.controller.EventController[0;39m - 2026-10-04 21:07:37.374 / lessons / answeredCorrectly / true / 1fc53bea-71c0-4b15-8ed5-c6f50ced215d / pgjar1004 
21:07:37.406 [http-nio-127.0.0.1-18082-exec-4] [34mINFO [0;39m [36ms.k.g.controller.EventController[0;39m - 2026-10-04 21:07:37.374 / lessons / updateRetention / true / 1fc53bea-71c0-4b15-8ed5-c6f50ced215d / pgjar1004 
21:08:41.353 [SpringApplicationShutdownHook] [34mINFO [0;39m [36mo.s.o.j.LocalContainerEntityManagerFactoryBean[0;39m - Closing JPA EntityManagerFactory for persistence unit 'default' 
21:08:41.354 [SpringApplicationShutdownHook] [34mINFO [0;39m [36mcom.zaxxer.hikari.HikariDataSource[0;39m - HikariPool-1 - Shutdown initiated... 
21:08:41.354 [SpringApplicationShutdownHook] [34mINFO [0;39m [36mcom.zaxxer.hikari.HikariDataSource[0;39m - HikariPool-1 - Shutdown completed. 
