18:40:51,053 |-INFO in ch.qos.logback.classic.LoggerContext[default] - Could NOT find resource [logback-test.xml]
18:40:51,053 |-INFO in ch.qos.logback.classic.LoggerContext[default] - Found resource [logback.xml] at [jar:file:/Users/pierresandboge/bin/slay/daigaku/rigs/gakusei/worktrees/gaku-5m7/target/gakusei.jar!/BOOT-INF/classes!/logback.xml]
18:40:51,057 |-INFO in ch.qos.logback.core.joran.spi.ConfigurationWatchList@2c9f9fb0 - URL [jar:file:/Users/pierresandboge/bin/slay/daigaku/rigs/gakusei/worktrees/gaku-5m7/target/gakusei.jar!/BOOT-INF/classes!/logback.xml] is not of type file
18:40:51,076 |-INFO in ch.qos.logback.classic.joran.action.ConfigurationAction - debug attribute not set
18:40:51,077 |-INFO in ch.qos.logback.core.joran.action.AppenderAction - About to instantiate appender of type [ch.qos.logback.core.ConsoleAppender]
18:40:51,079 |-INFO in ch.qos.logback.core.joran.action.AppenderAction - Naming appender as [STDOUT]
18:40:51,081 |-INFO in ch.qos.logback.core.joran.action.NestedComplexPropertyIA - Assuming default type [ch.qos.logback.classic.encoder.PatternLayoutEncoder] for [encoder] property
18:40:51,096 |-INFO in ch.qos.logback.core.joran.action.AppenderAction - About to instantiate appender of type [ch.qos.logback.core.rolling.RollingFileAppender]
18:40:51,097 |-INFO in ch.qos.logback.core.joran.action.AppenderAction - Naming appender as [FILE]
18:40:51,101 |-INFO in c.q.l.core.rolling.TimeBasedRollingPolicy@546718765 - No compression will be used
18:40:51,101 |-INFO in c.q.l.core.rolling.TimeBasedRollingPolicy@546718765 - Will use the pattern logs/logFile.%d{yyyy-MM-dd}.%i.html for the active file
18:40:51,102 |-INFO in ch.qos.logback.core.rolling.SizeAndTimeBasedFNATP@9f70c54 - The date pattern is 'yyyy-MM-dd' from file name pattern 'logs/logFile.%d{yyyy-MM-dd}.%i.html'.
18:40:51,102 |-INFO in ch.qos.logback.core.rolling.SizeAndTimeBasedFNATP@9f70c54 - Roll-over at midnight.
18:40:51,105 |-INFO in ch.qos.logback.core.rolling.SizeAndTimeBasedFNATP@9f70c54 - Setting initial period to Sun Oct 04 18:40:36 CEST 2026
18:40:51,105 |-WARN in ch.qos.logback.core.rolling.SizeAndTimeBasedFNATP@9f70c54 - SizeAndTimeBasedFNATP is deprecated. Use SizeAndTimeBasedRollingPolicy instead
18:40:51,105 |-WARN in ch.qos.logback.core.rolling.SizeAndTimeBasedFNATP@9f70c54 - For more information see http://logback.qos.ch/manual/appenders.html#SizeAndTimeBasedRollingPolicy
18:40:51,108 |-INFO in ch.qos.logback.core.rolling.RollingFileAppender[FILE] - Active log file name: logs/logFile.html
18:40:51,108 |-INFO in ch.qos.logback.core.rolling.RollingFileAppender[FILE] - File property is set to [logs/logFile.html]
18:40:51,108 |-INFO in ch.qos.logback.classic.joran.action.RootLoggerAction - Setting level of ROOT logger to INFO
18:40:51,108 |-INFO in ch.qos.logback.core.joran.action.AppenderRefAction - Attaching appender named [STDOUT] to Logger[ROOT]
18:40:51,108 |-INFO in ch.qos.logback.core.joran.action.AppenderRefAction - Attaching appender named [FILE] to Logger[ROOT]
18:40:51,108 |-INFO in ch.qos.logback.classic.joran.action.ConfigurationAction - End of configuration.
18:40:51,109 |-INFO in ch.qos.logback.classic.joran.JoranConfigurator@234bef66 - Registering current configuration as safe fallback point


                                              ooooooooo     *ooooooooo*                                           
                                              ooooooooo     *ooooooooo*                                            
                                              ooooooooo     *ooooooooo*                                            
                                              ooooooooo     *ooooooooo*                                            
            oooooooooo                                      *ooooooooo*                                            
            oooooooooo                                      *ooooooooo*                                            
            oooooooooo                                      *ooooooooo*                                            
            oooooooooo                        ooooooooooooooooooooooooooooooo                                      
            oooooooooo                        ooooooooooooooooooooooooooooooo                                      
            oooooooooo                        ooooooooooooooooooooooooooooooo                                      
            oooooooooo                        ooooooooo:::::ooooooooooo::::::                                      
            oooooooooo        :oooooooooooo.  ooooooooo     *ooooooooo*                                            
            oooooooooo      :ooooooooooooo    ooooooooo     *ooooooooo*                                            
            oooooooooo    *oooooooooooo       ooooooooo     *ooooooooo*                                            
            oooooooooo  .ooooooooooooo        ooooooooo     *ooooooooo*                                            
            oooooooooo oooooooooooo           ooooooooo     *ooooooooo*                                            
            ooooooooooooooooooooo:            ooooooooo     *ooooooooo*                                            
            oooooooooooooooooooo              ooooooooo     *ooooooooo*                                            
            oooooooooooooooooooooo            ooooooooo     *ooooooooo*                                            
            ooooooooooooooooooooooo           ooooooooo     *ooooooooo*                                            
            oooooooooooooooooooooooo          ooooooooo     *oooooooooo       :ooooooooooooooooo:                  
            ooooooooooo:  *ooooooooooo        ooooooooo     .ooooooooooo.   ooooooooooooooooooooooo                
            oooooooooo     :ooooooooooo       ooooooooo      ooooooooooooooooooooooooooooooooooooooo*              
            oooooooooo      .ooooooooooo      ooooooooo      :ooooooooooooooooooooo         ooooooooo*             
            oooooooooo        ooooooooooo*    ooooooooo        ooooooooooooooooooo.          ooooooooo             
            oooooooooo         &ooooooooooo                              oooooooooo#                               
            oooooooooo          oooooooooooo                             oooooooooooooo:                           
            oooooooooo            ooooooooooo:                             ooooooooooooooooooooo:                  
            oooooooooo             ooooooooooo:                             *ooooooooooooooooooooooo               
                                                                                *oooooooooooooooooooo*             
                                                                                         :oooooooooooo:            
                                                                                             oooooooooo            
                                                                        ooooooooo             ooooooooo            
                                                                        *ooooooooo           :oooooooo:            
                                                                         :ooooooooooo:*..*:ooooooooooo             
                                                                           oooooooooooooooooooooooooo              
                                                                             ooooooooooooooooooooo:                
                                                                                 .*oooooooooo*.                    
:: Running Spring Boot 2.7.18 ::

18:40:51.376 [background-preinit] [34mINFO [0;39m [36mo.h.validator.internal.util.Version[0;39m - HV000001: Hibernate Validator 6.2.5.Final 
18:40:51.403 [main] [34mINFO [0;39m [36mse.kits.gakusei.GakuseiApplication[0;39m - Starting GakuseiApplication v2.1.1 using Java 17.0.16 on Pierres-MacBook-Pro-2.local with PID 21817 (/Users/pierresandboge/bin/slay/daigaku/rigs/gakusei/worktrees/gaku-5m7/target/gakusei.jar started by pierresandboge in /Users/pierresandboge/bin/slay/daigaku/rigs/gakusei/worktrees/gaku-5m7) 
18:40:51.403 [main] [34mINFO [0;39m [36mse.kits.gakusei.GakuseiApplication[0;39m - The following 1 profile is active: "local" 
18:40:51.833 [main] [34mINFO [0;39m [36mo.s.d.r.c.RepositoryConfigurationDelegate[0;39m - Bootstrapping Spring Data JPA repositories in DEFAULT mode. 
18:40:51.902 [main] [34mINFO [0;39m [36mo.s.d.r.c.RepositoryConfigurationDelegate[0;39m - Finished Spring Data repository scanning in 66 ms. Found 20 JPA repository interfaces. 
18:40:52.354 [main] [34mINFO [0;39m [36mo.s.b.w.e.tomcat.TomcatWebServer[0;39m - Tomcat initialized with port(s): 18081 (http) 
18:40:52.358 [main] [34mINFO [0;39m [36mo.a.coyote.http11.Http11NioProtocol[0;39m - Initializing ProtocolHandler ["http-nio-127.0.0.1-18081"] 
18:40:52.359 [main] [34mINFO [0;39m [36mo.a.catalina.core.StandardService[0;39m - Starting service [Tomcat] 
18:40:52.359 [main] [34mINFO [0;39m [36mo.a.catalina.core.StandardEngine[0;39m - Starting Servlet engine: [Apache Tomcat/9.0.83] 
18:40:52.387 [main] [34mINFO [0;39m [36mo.a.c.c.C.[Tomcat].[localhost].[/][0;39m - Initializing Spring embedded WebApplicationContext 
18:40:52.388 [main] [34mINFO [0;39m [36mo.s.b.w.s.c.ServletWebServerApplicationContext[0;39m - Root WebApplicationContext: initialization completed in 962 ms 
18:40:52.539 [main] [34mINFO [0;39m [36mo.h.jpa.internal.util.LogHelper[0;39m - HHH000204: Processing PersistenceUnitInfo [name: default] 
18:40:52.569 [main] [34mINFO [0;39m [36morg.hibernate.Version[0;39m - HHH000412: Hibernate ORM core version 5.6.15.Final 
18:40:52.658 [main] [34mINFO [0;39m [36mo.h.annotations.common.Version[0;39m - HCANN000001: Hibernate Commons Annotations {5.1.2.Final} 
18:40:52.708 [main] [34mINFO [0;39m [36mcom.zaxxer.hikari.HikariDataSource[0;39m - HikariPool-1 - Starting... 
18:40:52.812 [main] [34mINFO [0;39m [36mcom.zaxxer.hikari.HikariDataSource[0;39m - HikariPool-1 - Start completed. 
18:40:52.827 [main] [34mINFO [0;39m [36morg.hibernate.dialect.Dialect[0;39m - HHH000400: Using dialect: org.hibernate.dialect.H2Dialect 
18:40:53.308 [main] [34mINFO [0;39m [36mo.h.e.t.j.p.i.JtaPlatformInitiator[0;39m - HHH000490: Using JtaPlatform implementation: [org.hibernate.engine.transaction.jta.platform.internal.NoJtaPlatform] 
18:40:53.323 [main] [34mINFO [0;39m [36mo.s.o.j.LocalContainerEntityManagerFactoryBean[0;39m - Initialized JPA EntityManagerFactory for persistence unit 'default' 
18:40:54.134 [main] [31mWARN [0;39m [36mo.s.b.a.o.j.JpaBaseConfiguration$JpaWebConfiguration[0;39m - spring.jpa.open-in-view is enabled by default. Therefore, database queries may be performed during view rendering. Explicitly configure spring.jpa.open-in-view to disable this warning 
18:40:55.307 [main] [31mWARN [0;39m [36mo.s.s.c.a.web.builders.WebSecurity[0;39m - You are asking Spring Security to ignore Ant [pattern='/js/**']. This is not recommended -- please use permitAll via HttpSecurity#authorizeHttpRequests instead. 
18:40:55.311 [main] [34mINFO [0;39m [36mo.s.s.w.DefaultSecurityFilterChain[0;39m - Will not secure Ant [pattern='/js/**'] 
18:40:55.618 [main] [34mINFO [0;39m [36mo.s.s.w.DefaultSecurityFilterChain[0;39m - Will secure any request with [org.springframework.security.web.session.DisableEncodeUrlFilter@4fb64a52, org.springframework.security.web.context.request.async.WebAsyncManagerIntegrationFilter@70b48eb3, org.springframework.security.web.context.SecurityContextPersistenceFilter@93bf0e0, org.springframework.security.web.header.HeaderWriterFilter@546ed2a0, org.springframework.security.web.authentication.logout.LogoutFilter@52ecc989, org.springframework.security.web.authentication.UsernamePasswordAuthenticationFilter@743c3520, org.springframework.security.web.authentication.www.BasicAuthenticationFilter@451e2fa9, org.springframework.security.web.savedrequest.RequestCacheAwareFilter@6b867ee7, org.springframework.security.web.servletapi.SecurityContextHolderAwareRequestFilter@5dbab232, org.springframework.security.web.authentication.rememberme.RememberMeAuthenticationFilter@7b6141f0, org.springframework.security.web.authentication.AnonymousAuthenticationFilter@7b8ea1db, org.springframework.security.web.session.SessionManagementFilter@3bbf1c0d, org.springframework.security.web.access.ExceptionTranslationFilter@2726a511, org.springframework.security.web.access.intercept.FilterSecurityInterceptor@272778ae] 
18:40:55.949 [main] [31mWARN [0;39m [36mo.s.d.r.c.m.RepositoryCollectionResourceMapping[0;39m - @RestResource detected to customize the repository resource for se.kits.gakusei.user.repository.EventRepository! Use @RepositoryRestResource instead! 
18:40:55.950 [main] [31mWARN [0;39m [36mo.s.d.r.c.m.RepositoryCollectionResourceMapping[0;39m - @RestResource detected to customize the repository resource for se.kits.gakusei.user.repository.UserRepository! Use @RepositoryRestResource instead! 
18:40:56.583 [main] [34mINFO [0;39m [36mo.s.b.a.w.s.WelcomePageHandlerMapping[0;39m - Adding welcome page template: index 
18:40:57.420 [main] [34mINFO [0;39m [36mo.a.coyote.http11.Http11NioProtocol[0;39m - Starting ProtocolHandler ["http-nio-127.0.0.1-18081"] 
18:40:57.429 [main] [34mINFO [0;39m [36mo.s.b.w.e.tomcat.TomcatWebServer[0;39m - Tomcat started on port(s): 18081 (http) with context path '' 
18:40:57.454 [main] [34mINFO [0;39m [36mse.kits.gakusei.GakuseiApplication[0;39m - Started GakuseiApplication in 6.285 seconds (JVM running for 6.526) 
18:40:58.044 [main] [34mINFO [0;39m [36mse.kits.gakusei.init.DataInit[0;39m - Loaded resource: testdata/testdata.json 
18:40:58.270 [main] [34mINFO [0;39m [36mse.kits.gakusei.init.DataInit[0;39m - Loaded resource: testdata/testdata.json 
18:40:58.961 [main] [34mINFO [0;39m [36mse.kits.gakusei.init.DataInit[0;39m - *** Data initialization was set on profile(s): [local] 
18:41:35.512 [http-nio-127.0.0.1-18081-exec-1] [34mINFO [0;39m [36mo.a.c.c.C.[Tomcat].[localhost].[/][0;39m - Initializing Spring DispatcherServlet 'dispatcherServlet' 
18:41:35.512 [http-nio-127.0.0.1-18081-exec-1] [34mINFO [0;39m [36mo.s.web.servlet.DispatcherServlet[0;39m - Initializing Servlet 'dispatcherServlet' 
18:41:35.514 [http-nio-127.0.0.1-18081-exec-1] [34mINFO [0;39m [36mo.s.web.servlet.DispatcherServlet[0;39m - Completed initialization in 2 ms 
18:41:35.838 [http-nio-127.0.0.1-18081-exec-2] [31mWARN [0;39m [36mo.s.w.s.m.s.DefaultHandlerExceptionResolver[0;39m - Resolved [org.springframework.web.bind.MissingServletRequestParameterException: Required request parameter 'lessonType' for method parameter type String is not present] 
18:41:35.969 [http-nio-127.0.0.1-18081-exec-3] [1;31mERROR[0;39m [36mo.a.c.c.C.[.[.[.[dispatcherServlet][0;39m - Servlet.service() for servlet [dispatcherServlet] in context with path [] threw exception [Request processing failed; nested exception is org.springframework.http.converter.HttpMessageConversionException: Type definition error: [simple type, class se.kits.gakusei.content.model.Kanji]; nested exception is com.fasterxml.jackson.databind.exc.InvalidDefinitionException: Invalid Object Id definition for `se.kits.gakusei.content.model.Kanji`: cannot find property with name 'id' (through reference chain: org.springframework.hateoas.CollectionModel["_embedded"]->java.util.LinkedHashMap["kanjis"]->java.util.ArrayList[0])] with root cause 
com.fasterxml.jackson.databind.exc.InvalidDefinitionException: Invalid Object Id definition for `se.kits.gakusei.content.model.Kanji`: cannot find property with name 'id' (through reference chain: org.springframework.hateoas.CollectionModel["_embedded"]->java.util.LinkedHashMap["kanjis"]->java.util.ArrayList[0])
	at com.fasterxml.jackson.databind.exc.InvalidDefinitionException.from(InvalidDefinitionException.java:77)
	at com.fasterxml.jackson.databind.SerializerProvider.reportBadDefinition(SerializerProvider.java:1300)
	at com.fasterxml.jackson.databind.SerializerProvider._createAndCacheUntypedSerializer(SerializerProvider.java:1447)
	at com.fasterxml.jackson.databind.SerializerProvider.findValueSerializer(SerializerProvider.java:614)
	at org.springframework.data.rest.webmvc.json.PersistentEntityJackson2Module$PersistentEntityResourceSerializer.hasScalarSerializer(PersistentEntityJackson2Module.java:223)
	at org.springframework.data.rest.webmvc.json.PersistentEntityJackson2Module$PersistentEntityResourceSerializer.serialize(PersistentEntityJackson2Module.java:183)
	at org.springframework.data.rest.webmvc.json.PersistentEntityJackson2Module$PersistentEntityResourceSerializer.serialize(PersistentEntityJackson2Module.java:153)
	at com.fasterxml.jackson.databind.ser.impl.IndexedListSerializer.serializeContents(IndexedListSerializer.java:119)
	at com.fasterxml.jackson.databind.ser.impl.IndexedListSerializer.serialize(IndexedListSerializer.java:79)
	at com.fasterxml.jackson.databind.ser.impl.IndexedListSerializer.serialize(IndexedListSerializer.java:18)
	at com.fasterxml.jackson.databind.ser.std.MapSerializer.serializeFields(MapSerializer.java:808)
	at com.fasterxml.jackson.databind.ser.std.MapSerializer.serializeWithoutTypeInfo(MapSerializer.java:764)
	at com.fasterxml.jackson.databind.ser.std.MapSerializer.serialize(MapSerializer.java:720)
	at com.fasterxml.jackson.databind.ser.std.MapSerializer.serialize(MapSerializer.java:35)
	at org.springframework.hateoas.mediatype.hal.Jackson2HalModule$HalResourcesSerializer.serialize(Jackson2HalModule.java:341)
	at org.springframework.hateoas.mediatype.hal.Jackson2HalModule$HalResourcesSerializer.serialize(Jackson2HalModule.java:289)
	at com.fasterxml.jackson.databind.ser.BeanPropertyWriter.serializeAsField(BeanPropertyWriter.java:728)
	at com.fasterxml.jackson.databind.ser.std.BeanSerializerBase.serializeFields(BeanSerializerBase.java:774)
	at com.fasterxml.jackson.databind.ser.BeanSerializer.serialize(BeanSerializer.java:178)
	at com.fasterxml.jackson.databind.ser.DefaultSerializerProvider._serialize(DefaultSerializerProvider.java:480)
	at com.fasterxml.jackson.databind.ser.DefaultSerializerProvider.serializeValue(DefaultSerializerProvider.java:319)
	at com.fasterxml.jackson.databind.ObjectWriter$Prefetch.serialize(ObjectWriter.java:1518)
	at com.fasterxml.jackson.databind.ObjectWriter.writeValue(ObjectWriter.java:1007)
	at org.springframework.http.converter.json.AbstractJackson2HttpMessageConverter.writeInternal(AbstractJackson2HttpMessageConverter.java:456)
	at org.springframework.http.converter.AbstractGenericHttpMessageConverter.write(AbstractGenericHttpMessageConverter.java:104)
	at org.springframework.web.servlet.mvc.method.annotation.AbstractMessageConverterMethodProcessor.writeWithMessageConverters(AbstractMessageConverterMethodProcessor.java:290)
	at org.springframework.web.servlet.mvc.method.annotation.RequestResponseBodyMethodProcessor.handleReturnValue(RequestResponseBodyMethodProcessor.java:183)
	at org.springframework.web.method.support.HandlerMethodReturnValueHandlerComposite.handleReturnValue(HandlerMethodReturnValueHandlerComposite.java:78)
	at org.springframework.hateoas.server.mvc.RepresentationModelProcessorHandlerMethodReturnValueHandler.handleReturnValue(RepresentationModelProcessorHandlerMethodReturnValueHandler.java:134)
	at org.springframework.web.method.support.HandlerMethodReturnValueHandlerComposite.handleReturnValue(HandlerMethodReturnValueHandlerComposite.java:78)
	at org.springframework.web.servlet.mvc.method.annotation.ServletInvocableHandlerMethod.invokeAndHandle(ServletInvocableHandlerMethod.java:135)
	at org.springframework.web.servlet.mvc.method.annotation.RequestMappingHandlerAdapter.invokeHandlerMethod(RequestMappingHandlerAdapter.java:895)
	at org.springframework.web.servlet.mvc.method.annotation.RequestMappingHandlerAdapter.handleInternal(RequestMappingHandlerAdapter.java:808)
	at org.springframework.web.servlet.mvc.method.AbstractHandlerMethodAdapter.handle(AbstractHandlerMethodAdapter.java:87)
	at org.springframework.web.servlet.DispatcherServlet.doDispatch(DispatcherServlet.java:1072)
	at org.springframework.web.servlet.DispatcherServlet.doService(DispatcherServlet.java:965)
	at org.springframework.web.servlet.FrameworkServlet.processRequest(FrameworkServlet.java:1006)
	at org.springframework.web.servlet.FrameworkServlet.doGet(FrameworkServlet.java:898)
	at javax.servlet.http.HttpServlet.service(HttpServlet.java:529)
	at org.springframework.web.servlet.FrameworkServlet.service(FrameworkServlet.java:883)
	at javax.servlet.http.HttpServlet.service(HttpServlet.java:623)
	at org.apache.catalina.core.ApplicationFilterChain.internalDoFilter(ApplicationFilterChain.java:209)
	at org.apache.catalina.core.ApplicationFilterChain.doFilter(ApplicationFilterChain.java:153)
	at org.apache.tomcat.websocket.server.WsFilter.doFilter(WsFilter.java:51)
	at org.apache.catalina.core.ApplicationFilterChain.internalDoFilter(ApplicationFilterChain.java:178)
	at org.apache.catalina.core.ApplicationFilterChain.doFilter(ApplicationFilterChain.java:153)
	at org.springframework.security.web.FilterChainProxy$VirtualFilterChain.doFilter(FilterChainProxy.java:337)
	at org.springframework.security.web.access.intercept.FilterSecurityInterceptor.invoke(FilterSecurityInterceptor.java:115)
	at org.springframework.security.web.access.intercept.FilterSecurityInterceptor.doFilter(FilterSecurityInterceptor.java:81)
	at org.springframework.security.web.FilterChainProxy$VirtualFilterChain.doFilter(FilterChainProxy.java:346)
	at org.springframework.security.web.access.ExceptionTranslationFilter.doFilter(ExceptionTranslationFilter.java:122)
	at org.springframework.security.web.access.ExceptionTranslationFilter.doFilter(ExceptionTranslationFilter.java:116)
	at org.springframework.security.web.FilterChainProxy$VirtualFilterChain.doFilter(FilterChainProxy.java:346)
	at org.springframework.security.web.session.SessionManagementFilter.doFilter(SessionManagementFilter.java:126)
	at org.springframework.security.web.session.SessionManagementFilter.doFilter(SessionManagementFilter.java:81)
	at org.springframework.security.web.FilterChainProxy$VirtualFilterChain.doFilter(FilterChainProxy.java:346)
	at org.springframework.security.web.authentication.AnonymousAuthenticationFilter.doFilter(AnonymousAuthenticationFilter.java:109)
	at org.springframework.security.web.FilterChainProxy$VirtualFilterChain.doFilter(FilterChainProxy.java:346)
	at org.springframework.security.web.authentication.rememberme.RememberMeAuthenticationFilter.doFilter(RememberMeAuthenticationFilter.java:106)
	at org.springframework.security.web.authentication.rememberme.RememberMeAuthenticationFilter.doFilter(RememberMeAuthenticationFilter.java:97)
	at org.springframework.security.web.FilterChainProxy$VirtualFilterChain.doFilter(FilterChainProxy.java:346)
	at org.springframework.security.web.servletapi.SecurityContextHolderAwareRequestFilter.doFilter(SecurityContextHolderAwareRequestFilter.java:149)
	at org.springframework.security.web.FilterChainProxy$VirtualFilterChain.doFilter(FilterChainProxy.java:346)
	at org.springframework.security.web.savedrequest.RequestCacheAwareFilter.doFilter(RequestCacheAwareFilter.java:63)
	at org.springframework.security.web.FilterChainProxy$VirtualFilterChain.doFilter(FilterChainProxy.java:346)
	at org.springframework.security.web.authentication.www.BasicAuthenticationFilter.doFilterInternal(BasicAuthenticationFilter.java:196)
	at org.springframework.web.filter.OncePerRequestFilter.doFilter(OncePerRequestFilter.java:117)
	at org.springframework.security.web.FilterChainProxy$VirtualFilterChain.doFilter(FilterChainProxy.java:346)
	at org.springframework.security.web.authentication.AbstractAuthenticationProcessingFilter.doFilter(AbstractAuthenticationProcessingFilter.java:223)
	at org.springframework.security.web.authentication.AbstractAuthenticationProcessingFilter.doFilter(AbstractAuthenticationProcessingFilter.java:217)
	at org.springframework.security.web.FilterChainProxy$VirtualFilterChain.doFilter(FilterChainProxy.java:346)
	at org.springframework.security.web.authentication.logout.LogoutFilter.doFilter(LogoutFilter.java:103)
	at org.springframework.security.web.authentication.logout.LogoutFilter.doFilter(LogoutFilter.java:89)
	at org.springframework.security.web.FilterChainProxy$VirtualFilterChain.doFilter(FilterChainProxy.java:346)
	at org.springframework.security.web.header.HeaderWriterFilter.doHeadersAfter(HeaderWriterFilter.java:90)
	at org.springframework.security.web.header.HeaderWriterFilter.doFilterInternal(HeaderWriterFilter.java:75)
	at org.springframework.web.filter.OncePerRequestFilter.doFilter(OncePerRequestFilter.java:117)
	at org.springframework.security.web.FilterChainProxy$VirtualFilterChain.doFilter(FilterChainProxy.java:346)
	at org.springframework.security.web.context.SecurityContextPersistenceFilter.doFilter(SecurityContextPersistenceFilter.java:112)
	at org.springframework.security.web.context.SecurityContextPersistenceFilter.doFilter(SecurityContextPersistenceFilter.java:82)
	at org.springframework.security.web.FilterChainProxy$VirtualFilterChain.doFilter(FilterChainProxy.java:346)
	at org.springframework.security.web.context.request.async.WebAsyncManagerIntegrationFilter.doFilterInternal(WebAsyncManagerIntegrationFilter.java:55)
	at org.springframework.web.filter.OncePerRequestFilter.doFilter(OncePerRequestFilter.java:117)
	at org.springframework.security.web.FilterChainProxy$VirtualFilterChain.doFilter(FilterChainProxy.java:346)
	at org.springframework.security.web.session.DisableEncodeUrlFilter.doFilterInternal(DisableEncodeUrlFilter.java:42)
	at org.springframework.web.filter.OncePerRequestFilter.doFilter(OncePerRequestFilter.java:117)
	at org.springframework.security.web.FilterChainProxy$VirtualFilterChain.doFilter(FilterChainProxy.java:346)
	at org.springframework.security.web.FilterChainProxy.doFilterInternal(FilterChainProxy.java:221)
	at org.springframework.security.web.FilterChainProxy.doFilter(FilterChainProxy.java:186)
	at org.springframework.web.filter.DelegatingFilterProxy.invokeDelegate(DelegatingFilterProxy.java:354)
	at org.springframework.web.filter.DelegatingFilterProxy.doFilter(DelegatingFilterProxy.java:267)
	at org.apache.catalina.core.ApplicationFilterChain.internalDoFilter(ApplicationFilterChain.java:178)
	at org.apache.catalina.core.ApplicationFilterChain.doFilter(ApplicationFilterChain.java:153)
	at org.springframework.web.filter.RequestContextFilter.doFilterInternal(RequestContextFilter.java:100)
	at org.springframework.web.filter.OncePerRequestFilter.doFilter(OncePerRequestFilter.java:117)
	at org.apache.catalina.core.ApplicationFilterChain.internalDoFilter(ApplicationFilterChain.java:178)
	at org.apache.catalina.core.ApplicationFilterChain.doFilter(ApplicationFilterChain.java:153)
	at org.springframework.web.filter.FormContentFilter.doFilterInternal(FormContentFilter.java:93)
	at org.springframework.web.filter.OncePerRequestFilter.doFilter(OncePerRequestFilter.java:117)
	at org.apache.catalina.core.ApplicationFilterChain.internalDoFilter(ApplicationFilterChain.java:178)
	at org.apache.catalina.core.ApplicationFilterChain.doFilter(ApplicationFilterChain.java:153)
	at org.springframework.web.filter.CharacterEncodingFilter.doFilterInternal(CharacterEncodingFilter.java:201)
	at org.springframework.web.filter.OncePerRequestFilter.doFilter(OncePerRequestFilter.java:117)
	at org.apache.catalina.core.ApplicationFilterChain.internalDoFilter(ApplicationFilterChain.java:178)
	at org.apache.catalina.core.ApplicationFilterChain.doFilter(ApplicationFilterChain.java:153)
	at org.apache.catalina.core.StandardWrapperValve.invoke(StandardWrapperValve.java:168)
	at org.apache.catalina.core.StandardContextValve.invoke(StandardContextValve.java:90)
	at org.apache.catalina.authenticator.AuthenticatorBase.invoke(AuthenticatorBase.java:481)
	at org.apache.catalina.core.StandardHostValve.invoke(StandardHostValve.java:130)
	at org.apache.catalina.valves.ErrorReportValve.invoke(ErrorReportValve.java:93)
	at org.apache.catalina.core.StandardEngineValve.invoke(StandardEngineValve.java:74)
	at org.apache.catalina.valves.RemoteIpValve.invoke(RemoteIpValve.java:765)
	at org.apache.catalina.connector.CoyoteAdapter.service(CoyoteAdapter.java:342)
	at org.apache.coyote.http11.Http11Processor.service(Http11Processor.java:390)
	at org.apache.coyote.AbstractProcessorLight.process(AbstractProcessorLight.java:63)
	at org.apache.coyote.AbstractProtocol$ConnectionHandler.process(AbstractProtocol.java:928)
	at org.apache.tomcat.util.net.NioEndpoint$SocketProcessor.doRun(NioEndpoint.java:1794)
	at org.apache.tomcat.util.net.SocketProcessorBase.run(SocketProcessorBase.java:52)
	at org.apache.tomcat.util.threads.ThreadPoolExecutor.runWorker(ThreadPoolExecutor.java:1191)
	at org.apache.tomcat.util.threads.ThreadPoolExecutor$Worker.run(ThreadPoolExecutor.java:659)
	at org.apache.tomcat.util.threads.TaskThread$WrappingRunnable.run(TaskThread.java:61)
	at java.base/java.lang.Thread.run(Thread.java:840)
18:44:09.324 [http-nio-127.0.0.1-18081-exec-2] [34mINFO [0;39m [36mo.s.api.AbstractOpenApiResource[0;39m - Init duration for springdoc-openapi is: 849 ms 
18:44:09.388 [http-nio-127.0.0.1-18081-exec-5] [34mINFO [0;39m [36ms.k.g.controller.EventController[0;39m - 2026-10-04 18:44:08.379 / lessons / question / true / e77b1604-6b75-41b4-bb21-47589b37f444 / httpproof1791132248 
18:44:09.398 [http-nio-127.0.0.1-18081-exec-6] [34mINFO [0;39m [36ms.k.g.controller.EventController[0;39m - 2026-10-04 18:44:09.379 / lessons / userAnswer / true / e77b1604-6b75-41b4-bb21-47589b37f444 / httpproof1791132248 
18:44:09.402 [http-nio-127.0.0.1-18081-exec-7] [34mINFO [0;39m [36ms.k.g.controller.EventController[0;39m - 2026-10-04 18:44:09.379 / lessons / answeredCorrectly / true / e77b1604-6b75-41b4-bb21-47589b37f444 / httpproof1791132248 
18:44:09.464 [http-nio-127.0.0.1-18081-exec-8] [34mINFO [0;39m [36ms.k.g.controller.EventController[0;39m - 2026-10-04 18:44:09.379 / lessons / updateRetention / true / e77b1604-6b75-41b4-bb21-47589b37f444 / httpproof1791132248 
18:44:09.506 [http-nio-127.0.0.1-18081-exec-9] [34mINFO [0;39m [36ms.k.g.controller.EventController[0;39m - 2026-10-04 18:44:08.504 / lessons / question / true / 8483578f-2e23-4b44-ba67-6fdde782a05f / httpproof1791132248 
18:44:09.513 [http-nio-127.0.0.1-18081-exec-10] [34mINFO [0;39m [36ms.k.g.controller.EventController[0;39m - 2026-10-04 18:44:09.504 / lessons / userAnswer / true / 8483578f-2e23-4b44-ba67-6fdde782a05f / httpproof1791132248 
18:44:09.516 [http-nio-127.0.0.1-18081-exec-1] [34mINFO [0;39m [36ms.k.g.controller.EventController[0;39m - 2026-10-04 18:44:09.504 / lessons / answeredCorrectly / true / 8483578f-2e23-4b44-ba67-6fdde782a05f / httpproof1791132248 
18:44:09.521 [http-nio-127.0.0.1-18081-exec-2] [34mINFO [0;39m [36ms.k.g.controller.EventController[0;39m - 2026-10-04 18:44:09.504 / lessons / updateRetention / true / 8483578f-2e23-4b44-ba67-6fdde782a05f / httpproof1791132248 
18:44:09.536 [http-nio-127.0.0.1-18081-exec-3] [34mINFO [0;39m [36ms.k.g.controller.EventController[0;39m - 2026-10-04 18:44:08.534 / lessons / question / true / 3b5b43a5-5555-4594-a3be-141fca0a258e / httpproof1791132248 
18:44:09.539 [http-nio-127.0.0.1-18081-exec-4] [34mINFO [0;39m [36ms.k.g.controller.EventController[0;39m - 2026-10-04 18:44:09.534 / lessons / userAnswer / true / 3b5b43a5-5555-4594-a3be-141fca0a258e / httpproof1791132248 
18:44:09.542 [http-nio-127.0.0.1-18081-exec-5] [34mINFO [0;39m [36ms.k.g.controller.EventController[0;39m - 2026-10-04 18:44:09.534 / lessons / answeredCorrectly / true / 3b5b43a5-5555-4594-a3be-141fca0a258e / httpproof1791132248 
18:44:09.549 [http-nio-127.0.0.1-18081-exec-6] [34mINFO [0;39m [36ms.k.g.controller.EventController[0;39m - 2026-10-04 18:44:09.534 / lessons / updateRetention / true / 3b5b43a5-5555-4594-a3be-141fca0a258e / httpproof1791132248 
18:44:09.557 [http-nio-127.0.0.1-18081-exec-7] [34mINFO [0;39m [36ms.k.g.controller.EventController[0;39m - 2026-10-04 18:44:08.555 / lessons / question / true / a8a6cfd7-d0e2-4f7f-a05c-0a6da71e85f4 / httpproof1791132248 
18:44:09.560 [http-nio-127.0.0.1-18081-exec-8] [34mINFO [0;39m [36ms.k.g.controller.EventController[0;39m - 2026-10-04 18:44:09.555 / lessons / userAnswer / true / a8a6cfd7-d0e2-4f7f-a05c-0a6da71e85f4 / httpproof1791132248 
18:44:09.563 [http-nio-127.0.0.1-18081-exec-9] [34mINFO [0;39m [36ms.k.g.controller.EventController[0;39m - 2026-10-04 18:44:09.555 / lessons / answeredCorrectly / true / a8a6cfd7-d0e2-4f7f-a05c-0a6da71e85f4 / httpproof1791132248 
18:44:09.567 [http-nio-127.0.0.1-18081-exec-10] [34mINFO [0;39m [36ms.k.g.controller.EventController[0;39m - 2026-10-04 18:44:09.555 / lessons / updateRetention / true / a8a6cfd7-d0e2-4f7f-a05c-0a6da71e85f4 / httpproof1791132248 
18:44:09.575 [http-nio-127.0.0.1-18081-exec-1] [34mINFO [0;39m [36ms.k.g.controller.EventController[0;39m - 2026-10-04 18:44:08.573 / lessons / question / true / 4e6d3744-c043-42b7-b395-c906d7204b02 / httpproof1791132248 
18:44:09.577 [http-nio-127.0.0.1-18081-exec-2] [34mINFO [0;39m [36ms.k.g.controller.EventController[0;39m - 2026-10-04 18:44:09.573 / lessons / userAnswer / true / 4e6d3744-c043-42b7-b395-c906d7204b02 / httpproof1791132248 
18:44:09.580 [http-nio-127.0.0.1-18081-exec-3] [34mINFO [0;39m [36ms.k.g.controller.EventController[0;39m - 2026-10-04 18:44:09.573 / lessons / answeredCorrectly / true / 4e6d3744-c043-42b7-b395-c906d7204b02 / httpproof1791132248 
18:44:09.582 [http-nio-127.0.0.1-18081-exec-4] [34mINFO [0;39m [36ms.k.g.controller.EventController[0;39m - 2026-10-04 18:44:09.573 / lessons / updateRetention / true / 4e6d3744-c043-42b7-b395-c906d7204b02 / httpproof1791132248 
18:44:09.590 [http-nio-127.0.0.1-18081-exec-5] [34mINFO [0;39m [36ms.k.g.controller.EventController[0;39m - 2026-10-04 18:44:08.588 / lessons / question / true / 0287f269-5749-486a-a894-2a3dfa25b8ef / httpproof1791132248 
18:44:09.592 [http-nio-127.0.0.1-18081-exec-6] [34mINFO [0;39m [36ms.k.g.controller.EventController[0;39m - 2026-10-04 18:44:09.588 / lessons / userAnswer / true / 0287f269-5749-486a-a894-2a3dfa25b8ef / httpproof1791132248 
18:44:09.605 [http-nio-127.0.0.1-18081-exec-7] [34mINFO [0;39m [36ms.k.g.controller.EventController[0;39m - 2026-10-04 18:44:09.588 / lessons / answeredCorrectly / true / 0287f269-5749-486a-a894-2a3dfa25b8ef / httpproof1791132248 
18:44:09.623 [http-nio-127.0.0.1-18081-exec-8] [34mINFO [0;39m [36ms.k.g.controller.EventController[0;39m - 2026-10-04 18:44:09.588 / lessons / updateRetention / true / 0287f269-5749-486a-a894-2a3dfa25b8ef / httpproof1791132248 
18:46:40.985 [SpringApplicationShutdownHook] [34mINFO [0;39m [36mo.s.o.j.LocalContainerEntityManagerFactoryBean[0;39m - Closing JPA EntityManagerFactory for persistence unit 'default' 
18:46:40.985 [SpringApplicationShutdownHook] [34mINFO [0;39m [36mo.h.t.s.i.SchemaDropperImpl$DelayedDropActionImpl[0;39m - HHH000477: Starting delayed evictData of schema as part of SessionFactory shut-down' 
18:46:40.988 [SpringApplicationShutdownHook] [34mINFO [0;39m [36mcom.zaxxer.hikari.HikariDataSource[0;39m - HikariPool-1 - Shutdown initiated... 
18:46:40.989 [SpringApplicationShutdownHook] [34mINFO [0;39m [36mcom.zaxxer.hikari.HikariDataSource[0;39m - HikariPool-1 - Shutdown completed. 
