[INFO] Scanning for projects...
[INFO] 
[INFO] ----------------------< se.kits.gakusei:gakusei >-----------------------
[INFO] Building gakusei 2.1.1
[INFO]   from pom.xml
[INFO] --------------------------------[ jar ]---------------------------------
[WARNING] 1 problem was encountered while building the effective model for org.javassist:javassist:jar:3.20.0-GA during dependency collection step for project (use -X to see details)
[INFO] 
[INFO] --- exec:3.5.0:exec (verify-grammar-provenance) @ gakusei ---
/Users/pierresandboge/.m2/repository/com/github/psandboge/japanese-grammar-utils/1.0.0/japanese-grammar-utils-1.0.0.jar: OK
/Users/pierresandboge/.m2/repository/com/github/psandboge/japanese-grammar-utils/1.0.0/japanese-grammar-utils-1.0.0.pom: OK
[INFO] 
[INFO] --- enforcer:3.6.2:enforce (toolchain) @ gakusei ---
[INFO] Rule 0: org.apache.maven.enforcer.rules.version.RequireJavaVersion passed
[INFO] Rule 1: org.apache.maven.enforcer.rules.version.RequireMavenVersion passed
[INFO] 
[INFO] --- license:1.10:download-licenses (download-licenses) @ gakusei ---
[WARNING] Offline flag is on, download-licenses goal is skip.
[INFO] 
[INFO] --- frontend:1.15.4:install-node-and-npm (install node and npm) @ gakusei ---
[INFO] Skipping execution.
[INFO] 
[INFO] --- frontend:1.15.4:npm (npm install) @ gakusei ---
[INFO] Skipping execution.
[INFO] 
[INFO] --- frontend:1.15.4:npm (npm compile) @ gakusei ---
[INFO] Skipping execution.
[INFO] 
[INFO] --- resources:3.2.0:resources (default-resources) @ gakusei ---
[INFO] Using 'UTF-8' encoding to copy filtered resources.
[INFO] Using 'UTF-8' encoding to copy filtered properties files.
[INFO] Copying 2 resources
[INFO] Copying 6916 resources
[INFO] 
[INFO] --- compiler:3.10.1:compile (default-compile) @ gakusei ---
[INFO] Nothing to compile - all classes are up to date
[INFO] 
[INFO] --- resources:3.2.0:testResources (default-testResources) @ gakusei ---
[INFO] Using 'UTF-8' encoding to copy filtered resources.
[INFO] Using 'UTF-8' encoding to copy filtered properties files.
[INFO] skip non existing resourceDirectory /Users/pierresandboge/bin/slay/daigaku/rigs/gakusei/worktrees/gaku-5m7/src/test/resources
[INFO] 
[INFO] --- compiler:3.10.1:testCompile (default-testCompile) @ gakusei ---
[INFO] Nothing to compile - all classes are up to date
[INFO] 
[INFO] --- surefire:2.22.2:test (default-test) @ gakusei ---
[INFO] 
[INFO] -------------------------------------------------------
[INFO]  T E S T S
[INFO] -------------------------------------------------------
18:51:59,892 |-INFO in ch.qos.logback.classic.LoggerContext[default] - Could NOT find resource [logback-test.xml]
18:51:59,892 |-INFO in ch.qos.logback.classic.LoggerContext[default] - Found resource [logback.xml] at [file:/Users/pierresandboge/bin/slay/daigaku/rigs/gakusei/worktrees/gaku-5m7/target/classes/logback.xml]
18:51:59,908 |-INFO in ch.qos.logback.classic.joran.action.ConfigurationAction - debug attribute not set
18:51:59,909 |-INFO in ch.qos.logback.core.joran.action.AppenderAction - About to instantiate appender of type [ch.qos.logback.core.ConsoleAppender]
18:51:59,910 |-INFO in ch.qos.logback.core.joran.action.AppenderAction - Naming appender as [STDOUT]
18:51:59,911 |-INFO in ch.qos.logback.core.joran.action.NestedComplexPropertyIA - Assuming default type [ch.qos.logback.classic.encoder.PatternLayoutEncoder] for [encoder] property
18:51:59,916 |-INFO in ch.qos.logback.core.joran.action.AppenderAction - About to instantiate appender of type [ch.qos.logback.core.rolling.RollingFileAppender]
18:51:59,917 |-INFO in ch.qos.logback.core.joran.action.AppenderAction - Naming appender as [FILE]
18:51:59,920 |-INFO in c.q.l.core.rolling.TimeBasedRollingPolicy@637241618 - No compression will be used
18:51:59,920 |-INFO in c.q.l.core.rolling.TimeBasedRollingPolicy@637241618 - Will use the pattern logs/logFile.%d{yyyy-MM-dd}.%i.html for the active file
18:51:59,921 |-INFO in ch.qos.logback.core.rolling.SizeAndTimeBasedFNATP@7c24b813 - The date pattern is 'yyyy-MM-dd' from file name pattern 'logs/logFile.%d{yyyy-MM-dd}.%i.html'.
18:51:59,921 |-INFO in ch.qos.logback.core.rolling.SizeAndTimeBasedFNATP@7c24b813 - Roll-over at midnight.
18:51:59,925 |-INFO in ch.qos.logback.core.rolling.SizeAndTimeBasedFNATP@7c24b813 - Setting initial period to Sun Oct 04 18:46:40 CEST 2026
18:51:59,925 |-WARN in ch.qos.logback.core.rolling.SizeAndTimeBasedFNATP@7c24b813 - SizeAndTimeBasedFNATP is deprecated. Use SizeAndTimeBasedRollingPolicy instead
18:51:59,925 |-WARN in ch.qos.logback.core.rolling.SizeAndTimeBasedFNATP@7c24b813 - For more information see http://logback.qos.ch/manual/appenders.html#SizeAndTimeBasedRollingPolicy
18:51:59,927 |-INFO in ch.qos.logback.core.rolling.RollingFileAppender[FILE] - Active log file name: logs/logFile.html
18:51:59,927 |-INFO in ch.qos.logback.core.rolling.RollingFileAppender[FILE] - File property is set to [logs/logFile.html]
18:51:59,928 |-INFO in ch.qos.logback.classic.joran.action.RootLoggerAction - Setting level of ROOT logger to INFO
18:51:59,928 |-INFO in ch.qos.logback.core.joran.action.AppenderRefAction - Attaching appender named [STDOUT] to Logger[ROOT]
18:51:59,928 |-INFO in ch.qos.logback.core.joran.action.AppenderRefAction - Attaching appender named [FILE] to Logger[ROOT]
18:51:59,928 |-INFO in ch.qos.logback.classic.joran.action.ConfigurationAction - End of configuration.
18:51:59,928 |-INFO in ch.qos.logback.classic.joran.JoranConfigurator@2c35e847 - Registering current configuration as safe fallback point

18:51:59.957 [main] INFO  o.s.b.t.c.SpringBootTestContextBootstrapper - Neither @ContextConfiguration nor @ContextHierarchy found for test class [se.kits.gakusei.integration.LocalBaselineTest], using SpringBootContextLoader 
18:51:59.959 [main] INFO  o.s.t.c.s.AbstractContextLoader - Could not detect default resource locations for test class [se.kits.gakusei.integration.LocalBaselineTest]: no resource found for suffixes {-context.xml, Context.groovy}. 
18:51:59.960 [main] INFO  o.s.t.c.s.AnnotationConfigContextLoaderUtils - Could not detect default configuration classes for test class [se.kits.gakusei.integration.LocalBaselineTest]: LocalBaselineTest does not declare any static, non-private, non-final, nested classes annotated with @Configuration. 
18:51:59.997 [main] INFO  o.s.b.t.c.SpringBootTestContextBootstrapper - Found @SpringBootConfiguration se.kits.gakusei.GakuseiApplication for test class se.kits.gakusei.integration.LocalBaselineTest 
18:52:00.029 [main] INFO  o.s.b.t.c.SpringBootTestContextBootstrapper - Loaded default TestExecutionListener class names from location [META-INF/spring.factories]: [org.springframework.boot.test.mock.mockito.MockitoTestExecutionListener, org.springframework.boot.test.mock.mockito.ResetMocksTestExecutionListener, org.springframework.boot.test.autoconfigure.restdocs.RestDocsTestExecutionListener, org.springframework.boot.test.autoconfigure.web.client.MockRestServiceServerResetTestExecutionListener, org.springframework.boot.test.autoconfigure.web.servlet.MockMvcPrintOnlyOnFailureTestExecutionListener, org.springframework.boot.test.autoconfigure.web.servlet.WebDriverTestExecutionListener, org.springframework.boot.test.autoconfigure.webservices.client.MockWebServiceServerTestExecutionListener, org.springframework.test.context.web.ServletTestExecutionListener, org.springframework.test.context.support.DirtiesContextBeforeModesTestExecutionListener, org.springframework.test.context.event.ApplicationEventsTestExecutionListener, org.springframework.test.context.support.DependencyInjectionTestExecutionListener, org.springframework.test.context.support.DirtiesContextTestExecutionListener, org.springframework.test.context.transaction.TransactionalTestExecutionListener, org.springframework.test.context.jdbc.SqlScriptsTestExecutionListener, org.springframework.test.context.event.EventPublishingTestExecutionListener] 
18:52:00.035 [main] INFO  o.s.b.t.c.SpringBootTestContextBootstrapper - Using TestExecutionListeners: [org.springframework.test.context.web.ServletTestExecutionListener@77d2e85, org.springframework.test.context.support.DirtiesContextBeforeModesTestExecutionListener@3ecd267f, org.springframework.test.context.event.ApplicationEventsTestExecutionListener@58ffcbd7, org.springframework.boot.test.mock.mockito.MockitoTestExecutionListener@555cf22, org.springframework.boot.test.autoconfigure.SpringBootDependencyInjectionTestExecutionListener@6bb2d00b, org.springframework.test.context.support.DirtiesContextTestExecutionListener@3c9bfddc, org.springframework.test.context.transaction.TransactionalTestExecutionListener@1a9c38eb, org.springframework.test.context.jdbc.SqlScriptsTestExecutionListener@319bc845, org.springframework.test.context.event.EventPublishingTestExecutionListener@4c5474f5, org.springframework.boot.test.mock.mockito.ResetMocksTestExecutionListener@2f4205be, org.springframework.boot.test.autoconfigure.restdocs.RestDocsTestExecutionListener@54e22bdd, org.springframework.boot.test.autoconfigure.web.client.MockRestServiceServerResetTestExecutionListener@3bd418e4, org.springframework.boot.test.autoconfigure.web.servlet.MockMvcPrintOnlyOnFailureTestExecutionListener@544820b7, org.springframework.boot.test.autoconfigure.web.servlet.WebDriverTestExecutionListener@6b98a075, org.springframework.boot.test.autoconfigure.webservices.client.MockWebServiceServerTestExecutionListener@2e61d218] 
18:52:00.047 [main] INFO  o.s.b.t.c.SpringBootTestContextBootstrapper - Neither @ContextConfiguration nor @ContextHierarchy found for test class [se.kits.gakusei.integration.LocalBaselineTest], using SpringBootContextLoader 
18:52:00.048 [main] INFO  o.s.t.c.s.AbstractContextLoader - Could not detect default resource locations for test class [se.kits.gakusei.integration.LocalBaselineTest]: no resource found for suffixes {-context.xml, Context.groovy}. 
18:52:00.048 [main] INFO  o.s.t.c.s.AnnotationConfigContextLoaderUtils - Could not detect default configuration classes for test class [se.kits.gakusei.integration.LocalBaselineTest]: LocalBaselineTest does not declare any static, non-private, non-final, nested classes annotated with @Configuration. 
18:52:00.049 [main] INFO  o.s.b.t.c.SpringBootTestContextBootstrapper - Found @SpringBootConfiguration se.kits.gakusei.GakuseiApplication for test class se.kits.gakusei.integration.LocalBaselineTest 
18:52:00.050 [main] INFO  o.s.b.t.c.SpringBootTestContextBootstrapper - Loaded default TestExecutionListener class names from location [META-INF/spring.factories]: [org.springframework.boot.test.mock.mockito.MockitoTestExecutionListener, org.springframework.boot.test.mock.mockito.ResetMocksTestExecutionListener, org.springframework.boot.test.autoconfigure.restdocs.RestDocsTestExecutionListener, org.springframework.boot.test.autoconfigure.web.client.MockRestServiceServerResetTestExecutionListener, org.springframework.boot.test.autoconfigure.web.servlet.MockMvcPrintOnlyOnFailureTestExecutionListener, org.springframework.boot.test.autoconfigure.web.servlet.WebDriverTestExecutionListener, org.springframework.boot.test.autoconfigure.webservices.client.MockWebServiceServerTestExecutionListener, org.springframework.test.context.web.ServletTestExecutionListener, org.springframework.test.context.support.DirtiesContextBeforeModesTestExecutionListener, org.springframework.test.context.event.ApplicationEventsTestExecutionListener, org.springframework.test.context.support.DependencyInjectionTestExecutionListener, org.springframework.test.context.support.DirtiesContextTestExecutionListener, org.springframework.test.context.transaction.TransactionalTestExecutionListener, org.springframework.test.context.jdbc.SqlScriptsTestExecutionListener, org.springframework.test.context.event.EventPublishingTestExecutionListener] 
18:52:00.050 [main] INFO  o.s.b.t.c.SpringBootTestContextBootstrapper - Using TestExecutionListeners: [org.springframework.test.context.web.ServletTestExecutionListener@4bd1f8dd, org.springframework.test.context.support.DirtiesContextBeforeModesTestExecutionListener@7096b474, org.springframework.test.context.event.ApplicationEventsTestExecutionListener@3e14c16d, org.springframework.boot.test.mock.mockito.MockitoTestExecutionListener@3c989952, org.springframework.boot.test.autoconfigure.SpringBootDependencyInjectionTestExecutionListener@784b990c, org.springframework.test.context.support.DirtiesContextTestExecutionListener@3d3ba765, org.springframework.test.context.transaction.TransactionalTestExecutionListener@25bc0606, org.springframework.test.context.jdbc.SqlScriptsTestExecutionListener@5d1659ea, org.springframework.test.context.event.EventPublishingTestExecutionListener@793138bd, org.springframework.boot.test.mock.mockito.ResetMocksTestExecutionListener@1951b871, org.springframework.boot.test.autoconfigure.restdocs.RestDocsTestExecutionListener@5c18016b, org.springframework.boot.test.autoconfigure.web.client.MockRestServiceServerResetTestExecutionListener@33aeca0b, org.springframework.boot.test.autoconfigure.web.servlet.MockMvcPrintOnlyOnFailureTestExecutionListener@43aaf813, org.springframework.boot.test.autoconfigure.web.servlet.WebDriverTestExecutionListener@57ac5227, org.springframework.boot.test.autoconfigure.webservices.client.MockWebServiceServerTestExecutionListener@4ba302e0] 
[INFO] Running se.kits.gakusei.util.KanjiHandlerTest
[INFO] Tests run: 3, Failures: 0, Errors: 0, Skipped: 0, Time elapsed: 0.138 s - in se.kits.gakusei.util.KanjiHandlerTest
[INFO] Running se.kits.gakusei.util.ProgressHandlerTest
[INFO] Tests run: 13, Failures: 0, Errors: 0, Skipped: 0, Time elapsed: 0.096 s - in se.kits.gakusei.util.ProgressHandlerTest
[INFO] Running se.kits.gakusei.util.QuestionHandlerTest
[INFO] Tests run: 5, Failures: 0, Errors: 0, Skipped: 0, Time elapsed: 0 s - in se.kits.gakusei.util.QuestionHandlerTest
[INFO] Running se.kits.gakusei.integration.LocalBaselineTest
18:52:00.320 [main] INFO  o.s.b.d.r.RestartApplicationListener - Restart disabled due to context in which it is running 

                                              ooooooooo     *ooooooooo*                                           
                                              ooooooooo     *ooooooooo*                                            
                                              ooooooooo     *ooooooooo*                                            
                                              ooooooooo     *ooooooooo*                                            
            oooooooooo                                      *ooooooooo*                                            
            oooooooooo                                      *ooooooooo*                                            
            oooooooooo                                      *ooooooooo*                                            
            oooooooooo                        ooooooooooooooooooooooooooooooo                                      
            oooooooooo                        ooooooooooooooooooooooooooooooo                                      
            oooooooooo                        ooooooooooooooooooooooooooooooo                                      
            oooooooooo                        ooooooooo:::::ooooooooooo::::::                                      
            oooooooooo        :oooooooooooo.  ooooooooo     *ooooooooo*                                            
            oooooooooo      :ooooooooooooo    ooooooooo     *ooooooooo*                                            
            oooooooooo    *oooooooooooo       ooooooooo     *ooooooooo*                                            
            oooooooooo  .ooooooooooooo        ooooooooo     *ooooooooo*                                            
            oooooooooo oooooooooooo           ooooooooo     *ooooooooo*                                            
            ooooooooooooooooooooo:            ooooooooo     *ooooooooo*                                            
            oooooooooooooooooooo              ooooooooo     *ooooooooo*                                            
            oooooooooooooooooooooo            ooooooooo     *ooooooooo*                                            
            ooooooooooooooooooooooo           ooooooooo     *ooooooooo*                                            
            oooooooooooooooooooooooo          ooooooooo     *oooooooooo       :ooooooooooooooooo:                  
            ooooooooooo:  *ooooooooooo        ooooooooo     .ooooooooooo.   ooooooooooooooooooooooo                
            oooooooooo     :ooooooooooo       ooooooooo      ooooooooooooooooooooooooooooooooooooooo*              
            oooooooooo      .ooooooooooo      ooooooooo      :ooooooooooooooooooooo         ooooooooo*             
            oooooooooo        ooooooooooo*    ooooooooo        ooooooooooooooooooo.          ooooooooo             
            oooooooooo         &ooooooooooo                              oooooooooo#                               
            oooooooooo          oooooooooooo                             oooooooooooooo:                           
            oooooooooo            ooooooooooo:                             ooooooooooooooooooooo:                  
            oooooooooo             ooooooooooo:                             *ooooooooooooooooooooooo               
                                                                                *oooooooooooooooooooo*             
                                                                                         :oooooooooooo:            
                                                                                             oooooooooo            
                                                                        ooooooooo             ooooooooo            
                                                                        *ooooooooo           :oooooooo:            
                                                                         :ooooooooooo:*..*:ooooooooooo             
                                                                           oooooooooooooooooooooooooo              
                                                                             ooooooooooooooooooooo:                
                                                                                 .*oooooooooo*.                    
:: Running Spring Boot 2.7.18 ::

18:52:00.426 [background-preinit] INFO  o.h.validator.internal.util.Version - HV000001: Hibernate Validator 6.2.5.Final 
18:52:00.436 [main] WARN  o.s.b.t.j.DuplicateJsonObjectContextCustomizerFactory$DuplicateJsonObjectContextCustomizer - 

Found multiple occurrences of org.json.JSONObject on the class path:

	jar:file:/Users/pierresandboge/.m2/repository/com/vaadin/external/google/android-json/0.0.20131108.vaadin1/android-json-0.0.20131108.vaadin1.jar!/org/json/JSONObject.class
	jar:file:/Users/pierresandboge/.m2/repository/org/json/json/20180813/json-20180813.jar!/org/json/JSONObject.class

You may wish to exclude one of them to ensure predictable runtime behavior
 
18:52:00.439 [main] INFO  s.k.g.integration.LocalBaselineTest - Starting LocalBaselineTest using Java 17.0.16 on Pierres-MacBook-Pro-2.local with PID 12149 (started by pierresandboge in /Users/pierresandboge/bin/slay/daigaku/rigs/gakusei/worktrees/gaku-5m7) 
18:52:00.440 [main] INFO  s.k.g.integration.LocalBaselineTest - The following 1 profile is active: "local" 
18:52:00.719 [main] INFO  o.s.d.r.c.RepositoryConfigurationDelegate - Bootstrapping Spring Data JPA repositories in DEFAULT mode. 
18:52:00.745 [main] INFO  o.s.d.r.c.RepositoryConfigurationDelegate - Finished Spring Data repository scanning in 24 ms. Found 20 JPA repository interfaces. 
18:52:01.197 [main] INFO  o.s.b.w.e.tomcat.TomcatWebServer - Tomcat initialized with port(s): 0 (http) 
18:52:01.200 [main] INFO  o.a.coyote.http11.Http11NioProtocol - Initializing ProtocolHandler ["http-nio-127.0.0.1-auto-1"] 
18:52:01.201 [main] INFO  o.a.catalina.core.StandardService - Starting service [Tomcat] 
18:52:01.201 [main] INFO  o.a.catalina.core.StandardEngine - Starting Servlet engine: [Apache Tomcat/9.0.83] 
18:52:01.298 [main] INFO  o.a.c.c.C.[Tomcat].[localhost].[/] - Initializing Spring embedded WebApplicationContext 
18:52:01.298 [main] INFO  o.s.b.w.s.c.ServletWebServerApplicationContext - Root WebApplicationContext: initialization completed in 851 ms 
18:52:01.518 [main] INFO  o.h.jpa.internal.util.LogHelper - HHH000204: Processing PersistenceUnitInfo [name: default] 
18:52:01.572 [main] INFO  org.hibernate.Version - HHH000412: Hibernate ORM core version 5.6.15.Final 
18:52:01.587 [main] INFO  o.h.annotations.common.Version - HCANN000001: Hibernate Commons Annotations {5.1.2.Final} 
18:52:01.625 [main] INFO  com.zaxxer.hikari.HikariDataSource - HikariPool-1 - Starting... 
18:52:01.733 [main] INFO  com.zaxxer.hikari.HikariDataSource - HikariPool-1 - Start completed. 
18:52:01.744 [main] INFO  org.hibernate.dialect.Dialect - HHH000400: Using dialect: org.hibernate.dialect.H2Dialect 
18:52:02.165 [main] INFO  o.h.e.t.j.p.i.JtaPlatformInitiator - HHH000490: Using JtaPlatform implementation: [org.hibernate.engine.transaction.jta.platform.internal.NoJtaPlatform] 
18:52:02.173 [main] INFO  o.s.o.j.LocalContainerEntityManagerFactoryBean - Initialized JPA EntityManagerFactory for persistence unit 'default' 
18:52:02.291 [main] WARN  o.s.b.a.o.j.JpaBaseConfiguration$JpaWebConfiguration - spring.jpa.open-in-view is enabled by default. Therefore, database queries may be performed during view rendering. Explicitly configure spring.jpa.open-in-view to disable this warning 
18:52:03.168 [main] WARN  o.s.s.c.a.web.builders.WebSecurity - You are asking Spring Security to ignore Ant [pattern='/js/**']. This is not recommended -- please use permitAll via HttpSecurity#authorizeHttpRequests instead. 
18:52:03.169 [main] INFO  o.s.s.w.DefaultSecurityFilterChain - Will not secure Ant [pattern='/js/**'] 
18:52:03.220 [main] INFO  o.s.s.w.DefaultSecurityFilterChain - Will secure any request with [org.springframework.security.web.session.DisableEncodeUrlFilter@6b8cfbeb, org.springframework.security.web.context.request.async.WebAsyncManagerIntegrationFilter@4603845b, org.springframework.security.web.context.SecurityContextPersistenceFilter@21f8693e, org.springframework.security.web.header.HeaderWriterFilter@3701acee, org.springframework.security.web.authentication.logout.LogoutFilter@3d1b91d1, org.springframework.security.web.authentication.UsernamePasswordAuthenticationFilter@73602e88, org.springframework.security.web.authentication.www.BasicAuthenticationFilter@13190355, org.springframework.security.web.savedrequest.RequestCacheAwareFilter@413773e6, org.springframework.security.web.servletapi.SecurityContextHolderAwareRequestFilter@67aedd28, org.springframework.security.web.authentication.rememberme.RememberMeAuthenticationFilter@3054551f, org.springframework.security.web.authentication.AnonymousAuthenticationFilter@414b5798, org.springframework.security.web.session.SessionManagementFilter@63064672, org.springframework.security.web.access.ExceptionTranslationFilter@25dd9eb6, org.springframework.security.web.access.intercept.FilterSecurityInterceptor@d374c01] 
18:52:03.311 [main] WARN  o.s.d.r.c.m.RepositoryCollectionResourceMapping - @RestResource detected to customize the repository resource for se.kits.gakusei.user.repository.UserRepository! Use @RepositoryRestResource instead! 
18:52:03.312 [main] WARN  o.s.d.r.c.m.RepositoryCollectionResourceMapping - @RestResource detected to customize the repository resource for se.kits.gakusei.user.repository.EventRepository! Use @RepositoryRestResource instead! 
18:52:03.462 [main] INFO  o.s.b.a.w.s.WelcomePageHandlerMapping - Adding welcome page template: index 
18:52:03.852 [main] INFO  o.a.coyote.http11.Http11NioProtocol - Starting ProtocolHandler ["http-nio-127.0.0.1-auto-1"] 
18:52:03.858 [main] WARN  o.s.b.w.s.c.AnnotationConfigServletWebServerApplicationContext - Exception encountered during context initialization - cancelling refresh attempt: org.springframework.context.ApplicationContextException: Failed to start bean 'webServerStartStop'; nested exception is org.springframework.boot.web.server.WebServerException: Unable to start embedded Tomcat server 
18:52:03.864 [main] INFO  o.s.o.j.LocalContainerEntityManagerFactoryBean - Closing JPA EntityManagerFactory for persistence unit 'default' 
18:52:03.864 [main] INFO  o.h.t.s.i.SchemaDropperImpl$DelayedDropActionImpl - HHH000477: Starting delayed evictData of schema as part of SessionFactory shut-down' 
18:52:03.888 [main] INFO  com.zaxxer.hikari.HikariDataSource - HikariPool-1 - Shutdown initiated... 
18:52:03.915 [main] INFO  com.zaxxer.hikari.HikariDataSource - HikariPool-1 - Shutdown completed. 
18:52:03.917 [main] INFO  o.a.coyote.http11.Http11NioProtocol - Pausing ProtocolHandler ["http-nio-127.0.0.1-auto-1"] 
18:52:03.917 [main] INFO  o.a.catalina.core.StandardService - Stopping service [Tomcat] 
18:52:03.920 [main] INFO  o.a.coyote.http11.Http11NioProtocol - Stopping ProtocolHandler ["http-nio-127.0.0.1-auto-1"] 
18:52:03.920 [main] INFO  o.a.coyote.http11.Http11NioProtocol - Destroying ProtocolHandler ["http-nio-127.0.0.1-auto-1"] 
18:52:03.927 [main] INFO  o.s.b.a.l.ConditionEvaluationReportLoggingListener - 

Error starting ApplicationContext. To display the conditions report re-run your application with 'debug' enabled. 
18:52:03.939 [main] ERROR o.s.boot.SpringApplication - Application run failed 
org.springframework.context.ApplicationContextException: Failed to start bean 'webServerStartStop'; nested exception is org.springframework.boot.web.server.WebServerException: Unable to start embedded Tomcat server
	at org.springframework.context.support.DefaultLifecycleProcessor.doStart(DefaultLifecycleProcessor.java:182)
	at org.springframework.context.support.DefaultLifecycleProcessor.access$200(DefaultLifecycleProcessor.java:54)
	at org.springframework.context.support.DefaultLifecycleProcessor$LifecycleGroup.start(DefaultLifecycleProcessor.java:357)
	at java.base/java.lang.Iterable.forEach(Iterable.java:75)
	at org.springframework.context.support.DefaultLifecycleProcessor.startBeans(DefaultLifecycleProcessor.java:156)
	at org.springframework.context.support.DefaultLifecycleProcessor.onRefresh(DefaultLifecycleProcessor.java:124)
	at org.springframework.context.support.AbstractApplicationContext.finishRefresh(AbstractApplicationContext.java:946)
	at org.springframework.context.support.AbstractApplicationContext.refresh(AbstractApplicationContext.java:594)
	at org.springframework.boot.web.servlet.context.ServletWebServerApplicationContext.refresh(ServletWebServerApplicationContext.java:147)
	at org.springframework.boot.SpringApplication.refresh(SpringApplication.java:732)
	at org.springframework.boot.SpringApplication.refreshContext(SpringApplication.java:409)
	at org.springframework.boot.SpringApplication.run(SpringApplication.java:308)
	at org.springframework.boot.test.context.SpringBootContextLoader.loadContext(SpringBootContextLoader.java:136)
	at org.springframework.test.context.cache.DefaultCacheAwareContextLoaderDelegate.loadContextInternal(DefaultCacheAwareContextLoaderDelegate.java:141)
	at org.springframework.test.context.cache.DefaultCacheAwareContextLoaderDelegate.loadContext(DefaultCacheAwareContextLoaderDelegate.java:90)
	at org.springframework.test.context.support.DefaultTestContext.getApplicationContext(DefaultTestContext.java:124)
	at org.springframework.test.context.support.DependencyInjectionTestExecutionListener.injectDependencies(DependencyInjectionTestExecutionListener.java:118)
	at org.springframework.test.context.support.DependencyInjectionTestExecutionListener.prepareTestInstance(DependencyInjectionTestExecutionListener.java:83)
	at org.springframework.boot.test.autoconfigure.SpringBootDependencyInjectionTestExecutionListener.prepareTestInstance(SpringBootDependencyInjectionTestExecutionListener.java:43)
	at org.springframework.test.context.TestContextManager.prepareTestInstance(TestContextManager.java:248)
	at org.springframework.test.context.junit4.SpringJUnit4ClassRunner.createTest(SpringJUnit4ClassRunner.java:227)
	at org.springframework.test.context.junit4.SpringJUnit4ClassRunner$1.runReflectiveCall(SpringJUnit4ClassRunner.java:289)
	at org.junit.internal.runners.model.ReflectiveCallable.run(ReflectiveCallable.java:12)
	at org.springframework.test.context.junit4.SpringJUnit4ClassRunner.methodBlock(SpringJUnit4ClassRunner.java:291)
	at org.springframework.test.context.junit4.SpringJUnit4ClassRunner.runChild(SpringJUnit4ClassRunner.java:246)
	at org.springframework.test.context.junit4.SpringJUnit4ClassRunner.runChild(SpringJUnit4ClassRunner.java:97)
	at org.junit.runners.ParentRunner$4.run(ParentRunner.java:331)
	at org.junit.runners.ParentRunner$1.schedule(ParentRunner.java:79)
	at org.junit.runners.ParentRunner.runChildren(ParentRunner.java:329)
	at org.junit.runners.ParentRunner.access$100(ParentRunner.java:66)
	at org.junit.runners.ParentRunner$2.evaluate(ParentRunner.java:293)
	at org.springframework.test.context.junit4.statements.RunBeforeTestClassCallbacks.evaluate(RunBeforeTestClassCallbacks.java:61)
	at org.springframework.test.context.junit4.statements.RunAfterTestClassCallbacks.evaluate(RunAfterTestClassCallbacks.java:70)
	at org.junit.runners.ParentRunner$3.evaluate(ParentRunner.java:306)
	at org.junit.runners.ParentRunner.run(ParentRunner.java:413)
	at org.springframework.test.context.junit4.SpringJUnit4ClassRunner.run(SpringJUnit4ClassRunner.java:190)
	at org.junit.runner.JUnitCore.run(JUnitCore.java:137)
	at org.junit.runner.JUnitCore.run(JUnitCore.java:115)
	at org.junit.vintage.engine.execution.RunnerExecutor.execute(RunnerExecutor.java:42)
	at org.junit.vintage.engine.VintageTestEngine.executeAllChildren(VintageTestEngine.java:80)
	at org.junit.vintage.engine.VintageTestEngine.execute(VintageTestEngine.java:72)
	at org.junit.platform.launcher.core.DefaultLauncher.execute(DefaultLauncher.java:220)
	at org.junit.platform.launcher.core.DefaultLauncher.lambda$execute$6(DefaultLauncher.java:188)
	at org.junit.platform.launcher.core.DefaultLauncher.withInterceptedStreams(DefaultLauncher.java:202)
	at org.junit.platform.launcher.core.DefaultLauncher.execute(DefaultLauncher.java:181)
	at org.junit.platform.launcher.core.DefaultLauncher.execute(DefaultLauncher.java:128)
	at org.apache.maven.surefire.junitplatform.JUnitPlatformProvider.invokeAllTests(JUnitPlatformProvider.java:150)
	at org.apache.maven.surefire.junitplatform.JUnitPlatformProvider.invoke(JUnitPlatformProvider.java:124)
	at org.apache.maven.surefire.booter.ForkedBooter.invokeProviderInSameClassLoader(ForkedBooter.java:384)
	at org.apache.maven.surefire.booter.ForkedBooter.runSuitesInProcess(ForkedBooter.java:345)
	at org.apache.maven.surefire.booter.ForkedBooter.execute(ForkedBooter.java:126)
	at org.apache.maven.surefire.booter.ForkedBooter.main(ForkedBooter.java:418)
Caused by: org.springframework.boot.web.server.WebServerException: Unable to start embedded Tomcat server
	at org.springframework.boot.web.embedded.tomcat.TomcatWebServer.start(TomcatWebServer.java:229)
	at org.springframework.boot.web.servlet.context.WebServerStartStopLifecycle.start(WebServerStartStopLifecycle.java:43)
	at org.springframework.context.support.DefaultLifecycleProcessor.doStart(DefaultLifecycleProcessor.java:179)
	... 51 common frames omitted
Caused by: java.lang.IllegalArgumentException: standardService.connector.startFailed
	at org.apache.catalina.core.StandardService.addConnector(StandardService.java:235)
	at org.springframework.boot.web.embedded.tomcat.TomcatWebServer.addPreviouslyRemovedConnectors(TomcatWebServer.java:282)
	at org.springframework.boot.web.embedded.tomcat.TomcatWebServer.start(TomcatWebServer.java:213)
	... 53 common frames omitted
Caused by: org.apache.catalina.LifecycleException: Protocol handler start failed
	at org.apache.catalina.connector.Connector.startInternal(Connector.java:1042)
	at org.apache.catalina.util.LifecycleBase.start(LifecycleBase.java:171)
	at org.apache.catalina.core.StandardService.addConnector(StandardService.java:232)
	... 55 common frames omitted
Caused by: java.net.SocketException: Operation not permitted
	at java.base/sun.nio.ch.Net.bind0(Native Method)
	at java.base/sun.nio.ch.Net.bind(Net.java:555)
	at java.base/sun.nio.ch.ServerSocketChannelImpl.netBind(ServerSocketChannelImpl.java:337)
	at java.base/sun.nio.ch.ServerSocketChannelImpl.bind(ServerSocketChannelImpl.java:294)
	at org.apache.tomcat.util.net.NioEndpoint.initServerSocket(NioEndpoint.java:276)
	at org.apache.tomcat.util.net.NioEndpoint.bind(NioEndpoint.java:231)
	at org.apache.tomcat.util.net.AbstractEndpoint.bindWithCleanup(AbstractEndpoint.java:1332)
	at org.apache.tomcat.util.net.AbstractEndpoint.start(AbstractEndpoint.java:1418)
	at org.apache.coyote.AbstractProtocol.start(AbstractProtocol.java:665)
	at org.apache.catalina.connector.Connector.startInternal(Connector.java:1039)
	... 57 common frames omitted
18:52:03.941 [main] ERROR o.s.test.context.TestContextManager - Caught exception while allowing TestExecutionListener [org.springframework.boot.test.autoconfigure.SpringBootDependencyInjectionTestExecutionListener@784b990c] to prepare test instance [se.kits.gakusei.integration.LocalBaselineTest@362aa318] 
java.lang.IllegalStateException: Failed to load ApplicationContext
	at org.springframework.test.context.cache.DefaultCacheAwareContextLoaderDelegate.loadContext(DefaultCacheAwareContextLoaderDelegate.java:98)
	at org.springframework.test.context.support.DefaultTestContext.getApplicationContext(DefaultTestContext.java:124)
	at org.springframework.test.context.support.DependencyInjectionTestExecutionListener.injectDependencies(DependencyInjectionTestExecutionListener.java:118)
	at org.springframework.test.context.support.DependencyInjectionTestExecutionListener.prepareTestInstance(DependencyInjectionTestExecutionListener.java:83)
	at org.springframework.boot.test.autoconfigure.SpringBootDependencyInjectionTestExecutionListener.prepareTestInstance(SpringBootDependencyInjectionTestExecutionListener.java:43)
	at org.springframework.test.context.TestContextManager.prepareTestInstance(TestContextManager.java:248)
	at org.springframework.test.context.junit4.SpringJUnit4ClassRunner.createTest(SpringJUnit4ClassRunner.java:227)
	at org.springframework.test.context.junit4.SpringJUnit4ClassRunner$1.runReflectiveCall(SpringJUnit4ClassRunner.java:289)
	at org.junit.internal.runners.model.ReflectiveCallable.run(ReflectiveCallable.java:12)
	at org.springframework.test.context.junit4.SpringJUnit4ClassRunner.methodBlock(SpringJUnit4ClassRunner.java:291)
	at org.springframework.test.context.junit4.SpringJUnit4ClassRunner.runChild(SpringJUnit4ClassRunner.java:246)
	at org.springframework.test.context.junit4.SpringJUnit4ClassRunner.runChild(SpringJUnit4ClassRunner.java:97)
	at org.junit.runners.ParentRunner$4.run(ParentRunner.java:331)
	at org.junit.runners.ParentRunner$1.schedule(ParentRunner.java:79)
	at org.junit.runners.ParentRunner.runChildren(ParentRunner.java:329)
	at org.junit.runners.ParentRunner.access$100(ParentRunner.java:66)
	at org.junit.runners.ParentRunner$2.evaluate(ParentRunner.java:293)
	at org.springframework.test.context.junit4.statements.RunBeforeTestClassCallbacks.evaluate(RunBeforeTestClassCallbacks.java:61)
	at org.springframework.test.context.junit4.statements.RunAfterTestClassCallbacks.evaluate(RunAfterTestClassCallbacks.java:70)
	at org.junit.runners.ParentRunner$3.evaluate(ParentRunner.java:306)
	at org.junit.runners.ParentRunner.run(ParentRunner.java:413)
	at org.springframework.test.context.junit4.SpringJUnit4ClassRunner.run(SpringJUnit4ClassRunner.java:190)
	at org.junit.runner.JUnitCore.run(JUnitCore.java:137)
	at org.junit.runner.JUnitCore.run(JUnitCore.java:115)
	at org.junit.vintage.engine.execution.RunnerExecutor.execute(RunnerExecutor.java:42)
	at org.junit.vintage.engine.VintageTestEngine.executeAllChildren(VintageTestEngine.java:80)
	at org.junit.vintage.engine.VintageTestEngine.execute(VintageTestEngine.java:72)
	at org.junit.platform.launcher.core.DefaultLauncher.execute(DefaultLauncher.java:220)
	at org.junit.platform.launcher.core.DefaultLauncher.lambda$execute$6(DefaultLauncher.java:188)
	at org.junit.platform.launcher.core.DefaultLauncher.withInterceptedStreams(DefaultLauncher.java:202)
	at org.junit.platform.launcher.core.DefaultLauncher.execute(DefaultLauncher.java:181)
	at org.junit.platform.launcher.core.DefaultLauncher.execute(DefaultLauncher.java:128)
	at org.apache.maven.surefire.junitplatform.JUnitPlatformProvider.invokeAllTests(JUnitPlatformProvider.java:150)
	at org.apache.maven.surefire.junitplatform.JUnitPlatformProvider.invoke(JUnitPlatformProvider.java:124)
	at org.apache.maven.surefire.booter.ForkedBooter.invokeProviderInSameClassLoader(ForkedBooter.java:384)
	at org.apache.maven.surefire.booter.ForkedBooter.runSuitesInProcess(ForkedBooter.java:345)
	at org.apache.maven.surefire.booter.ForkedBooter.execute(ForkedBooter.java:126)
	at org.apache.maven.surefire.booter.ForkedBooter.main(ForkedBooter.java:418)
Caused by: org.springframework.context.ApplicationContextException: Failed to start bean 'webServerStartStop'; nested exception is org.springframework.boot.web.server.WebServerException: Unable to start embedded Tomcat server
	at org.springframework.context.support.DefaultLifecycleProcessor.doStart(DefaultLifecycleProcessor.java:182)
	at org.springframework.context.support.DefaultLifecycleProcessor.access$200(DefaultLifecycleProcessor.java:54)
	at org.springframework.context.support.DefaultLifecycleProcessor$LifecycleGroup.start(DefaultLifecycleProcessor.java:357)
	at java.base/java.lang.Iterable.forEach(Iterable.java:75)
	at org.springframework.context.support.DefaultLifecycleProcessor.startBeans(DefaultLifecycleProcessor.java:156)
	at org.springframework.context.support.DefaultLifecycleProcessor.onRefresh(DefaultLifecycleProcessor.java:124)
	at org.springframework.context.support.AbstractApplicationContext.finishRefresh(AbstractApplicationContext.java:946)
	at org.springframework.context.support.AbstractApplicationContext.refresh(AbstractApplicationContext.java:594)
	at org.springframework.boot.web.servlet.context.ServletWebServerApplicationContext.refresh(ServletWebServerApplicationContext.java:147)
	at org.springframework.boot.SpringApplication.refresh(SpringApplication.java:732)
	at org.springframework.boot.SpringApplication.refreshContext(SpringApplication.java:409)
	at org.springframework.boot.SpringApplication.run(SpringApplication.java:308)
	at org.springframework.boot.test.context.SpringBootContextLoader.loadContext(SpringBootContextLoader.java:136)
	at org.springframework.test.context.cache.DefaultCacheAwareContextLoaderDelegate.loadContextInternal(DefaultCacheAwareContextLoaderDelegate.java:141)
	at org.springframework.test.context.cache.DefaultCacheAwareContextLoaderDelegate.loadContext(DefaultCacheAwareContextLoaderDelegate.java:90)
	... 37 common frames omitted
Caused by: org.springframework.boot.web.server.WebServerException: Unable to start embedded Tomcat server
	at org.springframework.boot.web.embedded.tomcat.TomcatWebServer.start(TomcatWebServer.java:229)
	at org.springframework.boot.web.servlet.context.WebServerStartStopLifecycle.start(WebServerStartStopLifecycle.java:43)
	at org.springframework.context.support.DefaultLifecycleProcessor.doStart(DefaultLifecycleProcessor.java:179)
	... 51 common frames omitted
Caused by: java.lang.IllegalArgumentException: standardService.connector.startFailed
	at org.apache.catalina.core.StandardService.addConnector(StandardService.java:235)
	at org.springframework.boot.web.embedded.tomcat.TomcatWebServer.addPreviouslyRemovedConnectors(TomcatWebServer.java:282)
	at org.springframework.boot.web.embedded.tomcat.TomcatWebServer.start(TomcatWebServer.java:213)
	... 53 common frames omitted
Caused by: org.apache.catalina.LifecycleException: Protocol handler start failed
	at org.apache.catalina.connector.Connector.startInternal(Connector.java:1042)
	at org.apache.catalina.util.LifecycleBase.start(LifecycleBase.java:171)
	at org.apache.catalina.core.StandardService.addConnector(StandardService.java:232)
	... 55 common frames omitted
Caused by: java.net.SocketException: Operation not permitted
	at java.base/sun.nio.ch.Net.bind0(Native Method)
	at java.base/sun.nio.ch.Net.bind(Net.java:555)
	at java.base/sun.nio.ch.ServerSocketChannelImpl.netBind(ServerSocketChannelImpl.java:337)
	at java.base/sun.nio.ch.ServerSocketChannelImpl.bind(ServerSocketChannelImpl.java:294)
	at org.apache.tomcat.util.net.NioEndpoint.initServerSocket(NioEndpoint.java:276)
	at org.apache.tomcat.util.net.NioEndpoint.bind(NioEndpoint.java:231)
	at org.apache.tomcat.util.net.AbstractEndpoint.bindWithCleanup(AbstractEndpoint.java:1332)
	at org.apache.tomcat.util.net.AbstractEndpoint.start(AbstractEndpoint.java:1418)
	at org.apache.coyote.AbstractProtocol.start(AbstractProtocol.java:665)
	at org.apache.catalina.connector.Connector.startInternal(Connector.java:1039)
	... 57 common frames omitted
18:52:03.947 [main] INFO  o.s.b.d.r.RestartApplicationListener - Restart disabled due to context in which it is running 

                                              ooooooooo     *ooooooooo*                                           
                                              ooooooooo     *ooooooooo*                                            
                                              ooooooooo     *ooooooooo*                                            
                                              ooooooooo     *ooooooooo*                                            
            oooooooooo                                      *ooooooooo*                                            
            oooooooooo                                      *ooooooooo*                                            
            oooooooooo                                      *ooooooooo*                                            
            oooooooooo                        ooooooooooooooooooooooooooooooo                                      
            oooooooooo                        ooooooooooooooooooooooooooooooo                                      
            oooooooooo                        ooooooooooooooooooooooooooooooo                                      
            oooooooooo                        ooooooooo:::::ooooooooooo::::::                                      
            oooooooooo        :oooooooooooo.  ooooooooo     *ooooooooo*                                            
            oooooooooo      :ooooooooooooo    ooooooooo     *ooooooooo*                                            
            oooooooooo    *oooooooooooo       ooooooooo     *ooooooooo*                                            
            oooooooooo  .ooooooooooooo        ooooooooo     *ooooooooo*                                            
            oooooooooo oooooooooooo           ooooooooo     *ooooooooo*                                            
            ooooooooooooooooooooo:            ooooooooo     *ooooooooo*                                            
            oooooooooooooooooooo              ooooooooo     *ooooooooo*                                            
            oooooooooooooooooooooo            ooooooooo     *ooooooooo*                                            
            ooooooooooooooooooooooo           ooooooooo     *ooooooooo*                                            
            oooooooooooooooooooooooo          ooooooooo     *oooooooooo       :ooooooooooooooooo:                  
            ooooooooooo:  *ooooooooooo        ooooooooo     .ooooooooooo.   ooooooooooooooooooooooo                
            oooooooooo     :ooooooooooo       ooooooooo      ooooooooooooooooooooooooooooooooooooooo*              
            oooooooooo      .ooooooooooo      ooooooooo      :ooooooooooooooooooooo         ooooooooo*             
            oooooooooo        ooooooooooo*    ooooooooo        ooooooooooooooooooo.          ooooooooo             
            oooooooooo         &ooooooooooo                              oooooooooo#                               
            oooooooooo          oooooooooooo                             oooooooooooooo:                           
            oooooooooo            ooooooooooo:                             ooooooooooooooooooooo:                  
            oooooooooo             ooooooooooo:                             *ooooooooooooooooooooooo               
                                                                                *oooooooooooooooooooo*             
                                                                                         :oooooooooooo:            
                                                                                             oooooooooo            
                                                                        ooooooooo             ooooooooo            
                                                                        *ooooooooo           :oooooooo:            
                                                                         :ooooooooooo:*..*:ooooooooooo             
                                                                           oooooooooooooooooooooooooo              
                                                                             ooooooooooooooooooooo:                
                                                                                 .*oooooooooo*.                    
:: Running Spring Boot 2.7.18 ::

18:52:04.015 [main] WARN  o.s.b.t.j.DuplicateJsonObjectContextCustomizerFactory$DuplicateJsonObjectContextCustomizer - 

Found multiple occurrences of org.json.JSONObject on the class path:

	jar:file:/Users/pierresandboge/.m2/repository/com/vaadin/external/google/android-json/0.0.20131108.vaadin1/android-json-0.0.20131108.vaadin1.jar!/org/json/JSONObject.class
	jar:file:/Users/pierresandboge/.m2/repository/org/json/json/20180813/json-20180813.jar!/org/json/JSONObject.class

You may wish to exclude one of them to ensure predictable runtime behavior
 
18:52:04.016 [main] INFO  s.k.g.integration.LocalBaselineTest - Starting LocalBaselineTest using Java 17.0.16 on Pierres-MacBook-Pro-2.local with PID 12149 (started by pierresandboge in /Users/pierresandboge/bin/slay/daigaku/rigs/gakusei/worktrees/gaku-5m7) 
18:52:04.016 [main] INFO  s.k.g.integration.LocalBaselineTest - The following 1 profile is active: "local" 
18:52:04.200 [main] INFO  o.s.d.r.c.RepositoryConfigurationDelegate - Bootstrapping Spring Data JPA repositories in DEFAULT mode. 
18:52:04.255 [main] INFO  o.s.d.r.c.RepositoryConfigurationDelegate - Finished Spring Data repository scanning in 54 ms. Found 20 JPA repository interfaces. 
18:52:04.445 [main] INFO  o.s.b.w.e.tomcat.TomcatWebServer - Tomcat initialized with port(s): 0 (http) 
18:52:04.446 [main] INFO  o.a.coyote.http11.Http11NioProtocol - Initializing ProtocolHandler ["http-nio-127.0.0.1-auto-2"] 
18:52:04.446 [main] INFO  o.a.catalina.core.StandardService - Starting service [Tomcat] 
18:52:04.446 [main] INFO  o.a.catalina.core.StandardEngine - Starting Servlet engine: [Apache Tomcat/9.0.83] 
18:52:04.457 [main] INFO  o.a.c.c.C.[.[localhost].[/] - Initializing Spring embedded WebApplicationContext 
18:52:04.458 [main] INFO  o.s.b.w.s.c.ServletWebServerApplicationContext - Root WebApplicationContext: initialization completed in 441 ms 
18:52:04.496 [main] INFO  o.h.jpa.internal.util.LogHelper - HHH000204: Processing PersistenceUnitInfo [name: default] 
18:52:04.515 [main] INFO  com.zaxxer.hikari.HikariDataSource - HikariPool-2 - Starting... 
18:52:04.532 [main] INFO  com.zaxxer.hikari.HikariDataSource - HikariPool-2 - Start completed. 
18:52:04.533 [main] INFO  org.hibernate.dialect.Dialect - HHH000400: Using dialect: org.hibernate.dialect.H2Dialect 
18:52:04.756 [main] INFO  o.h.e.t.j.p.i.JtaPlatformInitiator - HHH000490: Using JtaPlatform implementation: [org.hibernate.engine.transaction.jta.platform.internal.NoJtaPlatform] 
18:52:04.757 [main] INFO  o.s.o.j.LocalContainerEntityManagerFactoryBean - Initialized JPA EntityManagerFactory for persistence unit 'default' 
18:52:04.807 [main] WARN  o.s.b.a.o.j.JpaBaseConfiguration$JpaWebConfiguration - spring.jpa.open-in-view is enabled by default. Therefore, database queries may be performed during view rendering. Explicitly configure spring.jpa.open-in-view to disable this warning 
18:52:05.692 [main] WARN  o.s.s.c.a.web.builders.WebSecurity - You are asking Spring Security to ignore Ant [pattern='/js/**']. This is not recommended -- please use permitAll via HttpSecurity#authorizeHttpRequests instead. 
18:52:05.693 [main] INFO  o.s.s.w.DefaultSecurityFilterChain - Will not secure Ant [pattern='/js/**'] 
18:52:05.814 [main] INFO  o.s.s.w.DefaultSecurityFilterChain - Will secure any request with [org.springframework.security.web.session.DisableEncodeUrlFilter@70b9cdcc, org.springframework.security.web.context.request.async.WebAsyncManagerIntegrationFilter@5b4e1899, org.springframework.security.web.context.SecurityContextPersistenceFilter@457607d8, org.springframework.security.web.header.HeaderWriterFilter@22265a2d, org.springframework.security.web.authentication.logout.LogoutFilter@705b4359, org.springframework.security.web.authentication.UsernamePasswordAuthenticationFilter@1e26bf55, org.springframework.security.web.authentication.www.BasicAuthenticationFilter@32d3bc83, org.springframework.security.web.savedrequest.RequestCacheAwareFilter@76dea970, org.springframework.security.web.servletapi.SecurityContextHolderAwareRequestFilter@66b962b4, org.springframework.security.web.authentication.rememberme.RememberMeAuthenticationFilter@7ef59e5d, org.springframework.security.web.authentication.AnonymousAuthenticationFilter@745690d7, org.springframework.security.web.session.SessionManagementFilter@60ca607, org.springframework.security.web.access.ExceptionTranslationFilter@24b2e53b, org.springframework.security.web.access.intercept.FilterSecurityInterceptor@4b5fc36d] 
18:52:05.909 [main] WARN  o.s.d.r.c.m.RepositoryCollectionResourceMapping - @RestResource detected to customize the repository resource for se.kits.gakusei.user.repository.UserRepository! Use @RepositoryRestResource instead! 
18:52:05.910 [main] WARN  o.s.d.r.c.m.RepositoryCollectionResourceMapping - @RestResource detected to customize the repository resource for se.kits.gakusei.user.repository.EventRepository! Use @RepositoryRestResource instead! 
18:52:06.107 [main] INFO  o.s.b.a.w.s.WelcomePageHandlerMapping - Adding welcome page template: index 
18:52:06.426 [main] INFO  o.a.coyote.http11.Http11NioProtocol - Starting ProtocolHandler ["http-nio-127.0.0.1-auto-2"] 
18:52:06.426 [main] WARN  o.s.b.w.s.c.AnnotationConfigServletWebServerApplicationContext - Exception encountered during context initialization - cancelling refresh attempt: org.springframework.context.ApplicationContextException: Failed to start bean 'webServerStartStop'; nested exception is org.springframework.boot.web.server.WebServerException: Unable to start embedded Tomcat server 
18:52:06.428 [main] INFO  o.s.o.j.LocalContainerEntityManagerFactoryBean - Closing JPA EntityManagerFactory for persistence unit 'default' 
18:52:06.428 [main] INFO  o.h.t.s.i.SchemaDropperImpl$DelayedDropActionImpl - HHH000477: Starting delayed evictData of schema as part of SessionFactory shut-down' 
18:52:06.441 [main] INFO  com.zaxxer.hikari.HikariDataSource - HikariPool-2 - Shutdown initiated... 
18:52:06.472 [main] INFO  com.zaxxer.hikari.HikariDataSource - HikariPool-2 - Shutdown completed. 
18:52:06.475 [main] INFO  o.a.coyote.http11.Http11NioProtocol - Pausing ProtocolHandler ["http-nio-127.0.0.1-auto-2"] 
18:52:06.476 [main] INFO  o.a.catalina.core.StandardService - Stopping service [Tomcat] 
18:52:06.479 [main] INFO  o.a.coyote.http11.Http11NioProtocol - Stopping ProtocolHandler ["http-nio-127.0.0.1-auto-2"] 
18:52:06.479 [main] INFO  o.a.coyote.http11.Http11NioProtocol - Destroying ProtocolHandler ["http-nio-127.0.0.1-auto-2"] 
18:52:06.480 [main] INFO  o.s.b.a.l.ConditionEvaluationReportLoggingListener - 

Error starting ApplicationContext. To display the conditions report re-run your application with 'debug' enabled. 
18:52:06.482 [main] ERROR o.s.boot.SpringApplication - Application run failed 
org.springframework.context.ApplicationContextException: Failed to start bean 'webServerStartStop'; nested exception is org.springframework.boot.web.server.WebServerException: Unable to start embedded Tomcat server
	at org.springframework.context.support.DefaultLifecycleProcessor.doStart(DefaultLifecycleProcessor.java:182)
	at org.springframework.context.support.DefaultLifecycleProcessor.access$200(DefaultLifecycleProcessor.java:54)
	at org.springframework.context.support.DefaultLifecycleProcessor$LifecycleGroup.start(DefaultLifecycleProcessor.java:357)
	at java.base/java.lang.Iterable.forEach(Iterable.java:75)
	at org.springframework.context.support.DefaultLifecycleProcessor.startBeans(DefaultLifecycleProcessor.java:156)
	at org.springframework.context.support.DefaultLifecycleProcessor.onRefresh(DefaultLifecycleProcessor.java:124)
	at org.springframework.context.support.AbstractApplicationContext.finishRefresh(AbstractApplicationContext.java:946)
	at org.springframework.context.support.AbstractApplicationContext.refresh(AbstractApplicationContext.java:594)
	at org.springframework.boot.web.servlet.context.ServletWebServerApplicationContext.refresh(ServletWebServerApplicationContext.java:147)
	at org.springframework.boot.SpringApplication.refresh(SpringApplication.java:732)
	at org.springframework.boot.SpringApplication.refreshContext(SpringApplication.java:409)
	at org.springframework.boot.SpringApplication.run(SpringApplication.java:308)
	at org.springframework.boot.test.context.SpringBootContextLoader.loadContext(SpringBootContextLoader.java:136)
	at org.springframework.test.context.cache.DefaultCacheAwareContextLoaderDelegate.loadContextInternal(DefaultCacheAwareContextLoaderDelegate.java:141)
	at org.springframework.test.context.cache.DefaultCacheAwareContextLoaderDelegate.loadContext(DefaultCacheAwareContextLoaderDelegate.java:90)
	at org.springframework.test.context.support.DefaultTestContext.getApplicationContext(DefaultTestContext.java:124)
	at org.springframework.test.context.support.DependencyInjectionTestExecutionListener.injectDependencies(DependencyInjectionTestExecutionListener.java:118)
	at org.springframework.test.context.support.DependencyInjectionTestExecutionListener.prepareTestInstance(DependencyInjectionTestExecutionListener.java:83)
	at org.springframework.boot.test.autoconfigure.SpringBootDependencyInjectionTestExecutionListener.prepareTestInstance(SpringBootDependencyInjectionTestExecutionListener.java:43)
	at org.springframework.test.context.TestContextManager.prepareTestInstance(TestContextManager.java:248)
	at org.springframework.test.context.junit4.SpringJUnit4ClassRunner.createTest(SpringJUnit4ClassRunner.java:227)
	at org.springframework.test.context.junit4.SpringJUnit4ClassRunner$1.runReflectiveCall(SpringJUnit4ClassRunner.java:289)
	at org.junit.internal.runners.model.ReflectiveCallable.run(ReflectiveCallable.java:12)
	at org.springframework.test.context.junit4.SpringJUnit4ClassRunner.methodBlock(SpringJUnit4ClassRunner.java:291)
	at org.springframework.test.context.junit4.SpringJUnit4ClassRunner.runChild(SpringJUnit4ClassRunner.java:246)
	at org.springframework.test.context.junit4.SpringJUnit4ClassRunner.runChild(SpringJUnit4ClassRunner.java:97)
	at org.junit.runners.ParentRunner$4.run(ParentRunner.java:331)
	at org.junit.runners.ParentRunner$1.schedule(ParentRunner.java:79)
	at org.junit.runners.ParentRunner.runChildren(ParentRunner.java:329)
	at org.junit.runners.ParentRunner.access$100(ParentRunner.java:66)
	at org.junit.runners.ParentRunner$2.evaluate(ParentRunner.java:293)
	at org.springframework.test.context.junit4.statements.RunBeforeTestClassCallbacks.evaluate(RunBeforeTestClassCallbacks.java:61)
	at org.springframework.test.context.junit4.statements.RunAfterTestClassCallbacks.evaluate(RunAfterTestClassCallbacks.java:70)
	at org.junit.runners.ParentRunner$3.evaluate(ParentRunner.java:306)
	at org.junit.runners.ParentRunner.run(ParentRunner.java:413)
	at org.springframework.test.context.junit4.SpringJUnit4ClassRunner.run(SpringJUnit4ClassRunner.java:190)
	at org.junit.runner.JUnitCore.run(JUnitCore.java:137)
	at org.junit.runner.JUnitCore.run(JUnitCore.java:115)
	at org.junit.vintage.engine.execution.RunnerExecutor.execute(RunnerExecutor.java:42)
	at org.junit.vintage.engine.VintageTestEngine.executeAllChildren(VintageTestEngine.java:80)
	at org.junit.vintage.engine.VintageTestEngine.execute(VintageTestEngine.java:72)
	at org.junit.platform.launcher.core.DefaultLauncher.execute(DefaultLauncher.java:220)
	at org.junit.platform.launcher.core.DefaultLauncher.lambda$execute$6(DefaultLauncher.java:188)
	at org.junit.platform.launcher.core.DefaultLauncher.withInterceptedStreams(DefaultLauncher.java:202)
	at org.junit.platform.launcher.core.DefaultLauncher.execute(DefaultLauncher.java:181)
	at org.junit.platform.launcher.core.DefaultLauncher.execute(DefaultLauncher.java:128)
	at org.apache.maven.surefire.junitplatform.JUnitPlatformProvider.invokeAllTests(JUnitPlatformProvider.java:150)
	at org.apache.maven.surefire.junitplatform.JUnitPlatformProvider.invoke(JUnitPlatformProvider.java:124)
	at org.apache.maven.surefire.booter.ForkedBooter.invokeProviderInSameClassLoader(ForkedBooter.java:384)
	at org.apache.maven.surefire.booter.ForkedBooter.runSuitesInProcess(ForkedBooter.java:345)
	at org.apache.maven.surefire.booter.ForkedBooter.execute(ForkedBooter.java:126)
	at org.apache.maven.surefire.booter.ForkedBooter.main(ForkedBooter.java:418)
Caused by: org.springframework.boot.web.server.WebServerException: Unable to start embedded Tomcat server
	at org.springframework.boot.web.embedded.tomcat.TomcatWebServer.start(TomcatWebServer.java:229)
	at org.springframework.boot.web.servlet.context.WebServerStartStopLifecycle.start(WebServerStartStopLifecycle.java:43)
	at org.springframework.context.support.DefaultLifecycleProcessor.doStart(DefaultLifecycleProcessor.java:179)
	... 51 common frames omitted
Caused by: java.lang.IllegalArgumentException: standardService.connector.startFailed
	at org.apache.catalina.core.StandardService.addConnector(StandardService.java:235)
	at org.springframework.boot.web.embedded.tomcat.TomcatWebServer.addPreviouslyRemovedConnectors(TomcatWebServer.java:282)
	at org.springframework.boot.web.embedded.tomcat.TomcatWebServer.start(TomcatWebServer.java:213)
	... 53 common frames omitted
Caused by: org.apache.catalina.LifecycleException: Protocol handler start failed
	at org.apache.catalina.connector.Connector.startInternal(Connector.java:1042)
	at org.apache.catalina.util.LifecycleBase.start(LifecycleBase.java:171)
	at org.apache.catalina.core.StandardService.addConnector(StandardService.java:232)
	... 55 common frames omitted
Caused by: java.net.SocketException: Operation not permitted
	at java.base/sun.nio.ch.Net.bind0(Native Method)
	at java.base/sun.nio.ch.Net.bind(Net.java:555)
	at java.base/sun.nio.ch.ServerSocketChannelImpl.netBind(ServerSocketChannelImpl.java:337)
	at java.base/sun.nio.ch.ServerSocketChannelImpl.bind(ServerSocketChannelImpl.java:294)
	at org.apache.tomcat.util.net.NioEndpoint.initServerSocket(NioEndpoint.java:276)
	at org.apache.tomcat.util.net.NioEndpoint.bind(NioEndpoint.java:231)
	at org.apache.tomcat.util.net.AbstractEndpoint.bindWithCleanup(AbstractEndpoint.java:1332)
	at org.apache.tomcat.util.net.AbstractEndpoint.start(AbstractEndpoint.java:1418)
	at org.apache.coyote.AbstractProtocol.start(AbstractProtocol.java:665)
	at org.apache.catalina.connector.Connector.startInternal(Connector.java:1039)
	... 57 common frames omitted
18:52:06.483 [main] ERROR o.s.test.context.TestContextManager - Caught exception while allowing TestExecutionListener [org.springframework.boot.test.autoconfigure.SpringBootDependencyInjectionTestExecutionListener@784b990c] to prepare test instance [se.kits.gakusei.integration.LocalBaselineTest@163427b6] 
java.lang.IllegalStateException: Failed to load ApplicationContext
	at org.springframework.test.context.cache.DefaultCacheAwareContextLoaderDelegate.loadContext(DefaultCacheAwareContextLoaderDelegate.java:98)
	at org.springframework.test.context.support.DefaultTestContext.getApplicationContext(DefaultTestContext.java:124)
	at org.springframework.test.context.support.DependencyInjectionTestExecutionListener.injectDependencies(DependencyInjectionTestExecutionListener.java:118)
	at org.springframework.test.context.support.DependencyInjectionTestExecutionListener.prepareTestInstance(DependencyInjectionTestExecutionListener.java:83)
	at org.springframework.boot.test.autoconfigure.SpringBootDependencyInjectionTestExecutionListener.prepareTestInstance(SpringBootDependencyInjectionTestExecutionListener.java:43)
	at org.springframework.test.context.TestContextManager.prepareTestInstance(TestContextManager.java:248)
	at org.springframework.test.context.junit4.SpringJUnit4ClassRunner.createTest(SpringJUnit4ClassRunner.java:227)
	at org.springframework.test.context.junit4.SpringJUnit4ClassRunner$1.runReflectiveCall(SpringJUnit4ClassRunner.java:289)
	at org.junit.internal.runners.model.ReflectiveCallable.run(ReflectiveCallable.java:12)
	at org.springframework.test.context.junit4.SpringJUnit4ClassRunner.methodBlock(SpringJUnit4ClassRunner.java:291)
	at org.springframework.test.context.junit4.SpringJUnit4ClassRunner.runChild(SpringJUnit4ClassRunner.java:246)
	at org.springframework.test.context.junit4.SpringJUnit4ClassRunner.runChild(SpringJUnit4ClassRunner.java:97)
	at org.junit.runners.ParentRunner$4.run(ParentRunner.java:331)
	at org.junit.runners.ParentRunner$1.schedule(ParentRunner.java:79)
	at org.junit.runners.ParentRunner.runChildren(ParentRunner.java:329)
	at org.junit.runners.ParentRunner.access$100(ParentRunner.java:66)
	at org.junit.runners.ParentRunner$2.evaluate(ParentRunner.java:293)
	at org.springframework.test.context.junit4.statements.RunBeforeTestClassCallbacks.evaluate(RunBeforeTestClassCallbacks.java:61)
	at org.springframework.test.context.junit4.statements.RunAfterTestClassCallbacks.evaluate(RunAfterTestClassCallbacks.java:70)
	at org.junit.runners.ParentRunner$3.evaluate(ParentRunner.java:306)
	at org.junit.runners.ParentRunner.run(ParentRunner.java:413)
	at org.springframework.test.context.junit4.SpringJUnit4ClassRunner.run(SpringJUnit4ClassRunner.java:190)
	at org.junit.runner.JUnitCore.run(JUnitCore.java:137)
	at org.junit.runner.JUnitCore.run(JUnitCore.java:115)
	at org.junit.vintage.engine.execution.RunnerExecutor.execute(RunnerExecutor.java:42)
	at org.junit.vintage.engine.VintageTestEngine.executeAllChildren(VintageTestEngine.java:80)
	at org.junit.vintage.engine.VintageTestEngine.execute(VintageTestEngine.java:72)
	at org.junit.platform.launcher.core.DefaultLauncher.execute(DefaultLauncher.java:220)
	at org.junit.platform.launcher.core.DefaultLauncher.lambda$execute$6(DefaultLauncher.java:188)
	at org.junit.platform.launcher.core.DefaultLauncher.withInterceptedStreams(DefaultLauncher.java:202)
	at org.junit.platform.launcher.core.DefaultLauncher.execute(DefaultLauncher.java:181)
	at org.junit.platform.launcher.core.DefaultLauncher.execute(DefaultLauncher.java:128)
	at org.apache.maven.surefire.junitplatform.JUnitPlatformProvider.invokeAllTests(JUnitPlatformProvider.java:150)
	at org.apache.maven.surefire.junitplatform.JUnitPlatformProvider.invoke(JUnitPlatformProvider.java:124)
	at org.apache.maven.surefire.booter.ForkedBooter.invokeProviderInSameClassLoader(ForkedBooter.java:384)
	at org.apache.maven.surefire.booter.ForkedBooter.runSuitesInProcess(ForkedBooter.java:345)
	at org.apache.maven.surefire.booter.ForkedBooter.execute(ForkedBooter.java:126)
	at org.apache.maven.surefire.booter.ForkedBooter.main(ForkedBooter.java:418)
Caused by: org.springframework.context.ApplicationContextException: Failed to start bean 'webServerStartStop'; nested exception is org.springframework.boot.web.server.WebServerException: Unable to start embedded Tomcat server
	at org.springframework.context.support.DefaultLifecycleProcessor.doStart(DefaultLifecycleProcessor.java:182)
	at org.springframework.context.support.DefaultLifecycleProcessor.access$200(DefaultLifecycleProcessor.java:54)
	at org.springframework.context.support.DefaultLifecycleProcessor$LifecycleGroup.start(DefaultLifecycleProcessor.java:357)
	at java.base/java.lang.Iterable.forEach(Iterable.java:75)
	at org.springframework.context.support.DefaultLifecycleProcessor.startBeans(DefaultLifecycleProcessor.java:156)
	at org.springframework.context.support.DefaultLifecycleProcessor.onRefresh(DefaultLifecycleProcessor.java:124)
	at org.springframework.context.support.AbstractApplicationContext.finishRefresh(AbstractApplicationContext.java:946)
	at org.springframework.context.support.AbstractApplicationContext.refresh(AbstractApplicationContext.java:594)
	at org.springframework.boot.web.servlet.context.ServletWebServerApplicationContext.refresh(ServletWebServerApplicationContext.java:147)
	at org.springframework.boot.SpringApplication.refresh(SpringApplication.java:732)
	at org.springframework.boot.SpringApplication.refreshContext(SpringApplication.java:409)
	at org.springframework.boot.SpringApplication.run(SpringApplication.java:308)
	at org.springframework.boot.test.context.SpringBootContextLoader.loadContext(SpringBootContextLoader.java:136)
	at org.springframework.test.context.cache.DefaultCacheAwareContextLoaderDelegate.loadContextInternal(DefaultCacheAwareContextLoaderDelegate.java:141)
	at org.springframework.test.context.cache.DefaultCacheAwareContextLoaderDelegate.loadContext(DefaultCacheAwareContextLoaderDelegate.java:90)
	... 37 common frames omitted
Caused by: org.springframework.boot.web.server.WebServerException: Unable to start embedded Tomcat server
	at org.springframework.boot.web.embedded.tomcat.TomcatWebServer.start(TomcatWebServer.java:229)
	at org.springframework.boot.web.servlet.context.WebServerStartStopLifecycle.start(WebServerStartStopLifecycle.java:43)
	at org.springframework.context.support.DefaultLifecycleProcessor.doStart(DefaultLifecycleProcessor.java:179)
	... 51 common frames omitted
Caused by: java.lang.IllegalArgumentException: standardService.connector.startFailed
	at org.apache.catalina.core.StandardService.addConnector(StandardService.java:235)
	at org.springframework.boot.web.embedded.tomcat.TomcatWebServer.addPreviouslyRemovedConnectors(TomcatWebServer.java:282)
	at org.springframework.boot.web.embedded.tomcat.TomcatWebServer.start(TomcatWebServer.java:213)
	... 53 common frames omitted
Caused by: org.apache.catalina.LifecycleException: Protocol handler start failed
	at org.apache.catalina.connector.Connector.startInternal(Connector.java:1042)
	at org.apache.catalina.util.LifecycleBase.start(LifecycleBase.java:171)
	at org.apache.catalina.core.StandardService.addConnector(StandardService.java:232)
	... 55 common frames omitted
Caused by: java.net.SocketException: Operation not permitted
	at java.base/sun.nio.ch.Net.bind0(Native Method)
	at java.base/sun.nio.ch.Net.bind(Net.java:555)
	at java.base/sun.nio.ch.ServerSocketChannelImpl.netBind(ServerSocketChannelImpl.java:337)
	at java.base/sun.nio.ch.ServerSocketChannelImpl.bind(ServerSocketChannelImpl.java:294)
	at org.apache.tomcat.util.net.NioEndpoint.initServerSocket(NioEndpoint.java:276)
	at org.apache.tomcat.util.net.NioEndpoint.bind(NioEndpoint.java:231)
	at org.apache.tomcat.util.net.AbstractEndpoint.bindWithCleanup(AbstractEndpoint.java:1332)
	at org.apache.tomcat.util.net.AbstractEndpoint.start(AbstractEndpoint.java:1418)
	at org.apache.coyote.AbstractProtocol.start(AbstractProtocol.java:665)
	at org.apache.catalina.connector.Connector.startInternal(Connector.java:1039)
	... 57 common frames omitted
[ERROR] Tests run: 2, Failures: 0, Errors: 2, Skipped: 0, Time elapsed: 6.179 s <<< FAILURE! - in se.kits.gakusei.integration.LocalBaselineTest
[ERROR] authenticatedQuestionsAndOpenApiAreServed  Time elapsed: 0.004 s  <<< ERROR!
java.lang.IllegalStateException: Failed to load ApplicationContext
Caused by: org.springframework.context.ApplicationContextException: Failed to start bean 'webServerStartStop'; nested exception is org.springframework.boot.web.server.WebServerException: Unable to start embedded Tomcat server
Caused by: org.springframework.boot.web.server.WebServerException: Unable to start embedded Tomcat server
Caused by: java.lang.IllegalArgumentException: standardService.connector.startFailed
Caused by: org.apache.catalina.LifecycleException: Protocol handler start failed
Caused by: java.net.SocketException: Operation not permitted

[ERROR] bundledSeedSupportsRealVocabularyAndRetentionQueries  Time elapsed: 0 s  <<< ERROR!
java.lang.IllegalStateException: Failed to load ApplicationContext
Caused by: org.springframework.context.ApplicationContextException: Failed to start bean 'webServerStartStop'; nested exception is org.springframework.boot.web.server.WebServerException: Unable to start embedded Tomcat server
Caused by: org.springframework.boot.web.server.WebServerException: Unable to start embedded Tomcat server
Caused by: java.lang.IllegalArgumentException: standardService.connector.startFailed
Caused by: org.apache.catalina.LifecycleException: Protocol handler start failed
Caused by: java.net.SocketException: Operation not permitted

[INFO] Running se.kits.gakusei.controller.KanjiControllerTest
[INFO] Tests run: 2, Failures: 0, Errors: 0, Skipped: 0, Time elapsed: 0.015 s - in se.kits.gakusei.controller.KanjiControllerTest
[INFO] Running se.kits.gakusei.controller.QuestionControllerTest
[INFO] Tests run: 2, Failures: 0, Errors: 0, Skipped: 0, Time elapsed: 0 s - in se.kits.gakusei.controller.QuestionControllerTest
[INFO] Running se.kits.gakusei.controller.CourseControllerTest
[INFO] Tests run: 8, Failures: 0, Errors: 0, Skipped: 0, Time elapsed: 0.011 s - in se.kits.gakusei.controller.CourseControllerTest
[INFO] Running se.kits.gakusei.controller.EventControllerTest
18:52:06.594 [main] INFO  s.k.g.controller.EventController - 2017-01-24 15:13:54.671 / testmode / testtype / testdata / testNuggetId / testname 
[INFO] Tests run: 2, Failures: 0, Errors: 0, Skipped: 0, Time elapsed: 0 s - in se.kits.gakusei.controller.EventControllerTest
[INFO] Running se.kits.gakusei.controller.QuizControllerTest
[INFO] Tests run: 6, Failures: 0, Errors: 0, Skipped: 0, Time elapsed: 0 s - in se.kits.gakusei.controller.QuizControllerTest
[INFO] Running se.kits.gakusei.controller.NuggetControllerTest
18:52:06.618 [main] INFO  s.k.g.controller.NuggetController - Get all nuggets took 0 ms 
18:52:06.619 [main] INFO  s.k.g.controller.NuggetController - Get all nuggets took 0 ms 
18:52:06.620 [main] INFO  s.k.g.controller.NuggetController - Get filtered nuggets took 0 ms 
18:52:06.621 [main] INFO  s.k.g.controller.NuggetController - Get filtered nuggets took 0 ms 
[INFO] Tests run: 2, Failures: 0, Errors: 0, Skipped: 0, Time elapsed: 0 s - in se.kits.gakusei.controller.NuggetControllerTest
[INFO] 
[INFO] Results:
[INFO] 
[ERROR] Errors: 
[ERROR]   LocalBaselineTest.authenticatedQuestionsAndOpenApiAreServed » IllegalState Fai...
[ERROR]   LocalBaselineTest.bundledSeedSupportsRealVocabularyAndRetentionQueries » IllegalState
[INFO] 
[ERROR] Tests run: 45, Failures: 0, Errors: 2, Skipped: 0
[INFO] 
[INFO] ------------------------------------------------------------------------
[INFO] BUILD FAILURE
[INFO] ------------------------------------------------------------------------
[INFO] Total time:  9.748 s
[INFO] Finished at: 2026-10-04T18:52:08+02:00
[INFO] ------------------------------------------------------------------------
[ERROR] Failed to execute goal org.apache.maven.plugins:maven-surefire-plugin:2.22.2:test (default-test) on project gakusei: There are test failures.
[ERROR] 
[ERROR] Please refer to /Users/pierresandboge/bin/slay/daigaku/rigs/gakusei/worktrees/gaku-5m7/target/surefire-reports for the individual test results.
[ERROR] Please refer to dump files (if any exist) [date].dump, [date]-jvmRun[N].dump and [date].dumpstream.
[ERROR] -> [Help 1]
[ERROR] 
[ERROR] To see the full stack trace of the errors, re-run Maven with the -e switch.
[ERROR] Re-run Maven using the -X switch to enable full debug logging.
[ERROR] 
[ERROR] For more information about the errors and possible solutions, please read the following articles:
[ERROR] [Help 1] http://cwiki.apache.org/confluence/display/MAVEN/MojoFailureException
