Picked up JAVA_TOOL_OPTIONS: -Djava.net.preferIPv4Stack=true
[INFO] Scanning for projects...
[INFO] 
[INFO] ----------------------< se.kits.gakusei:gakusei >-----------------------
[INFO] Building gakusei 2.1.1
[INFO]   from pom.xml
[INFO] --------------------------------[ jar ]---------------------------------
[WARNING] 1 problem was encountered while building the effective model for org.javassist:javassist:jar:3.20.0-GA during dependency collection step for project (use -X to see details)
[INFO] 
[INFO] --- exec:3.5.0:exec (verify-grammar-provenance) @ gakusei ---
/Users/pierresandboge/.m2/repository/com/github/psandboge/japanese-grammar-utils/1.0.0/japanese-grammar-utils-1.0.0.jar: OK
/Users/pierresandboge/.m2/repository/com/github/psandboge/japanese-grammar-utils/1.0.0/japanese-grammar-utils-1.0.0.pom: OK
[INFO] 
[INFO] --- enforcer:3.6.2:enforce (toolchain) @ gakusei ---
[INFO] Rule 0: org.apache.maven.enforcer.rules.version.RequireJavaVersion passed
[INFO] Rule 1: org.apache.maven.enforcer.rules.version.RequireMavenVersion passed
[INFO] 
[INFO] --- license:1.10:download-licenses (download-licenses) @ gakusei ---
[WARNING] Offline flag is on, download-licenses goal is skip.
[INFO] 
[INFO] --- frontend:1.15.4:install-node-and-npm (install node and npm) @ gakusei ---
[INFO] Skipping execution.
[INFO] 
[INFO] --- frontend:1.15.4:npm (npm install) @ gakusei ---
[INFO] Skipping execution.
[INFO] 
[INFO] --- frontend:1.15.4:npm (npm compile) @ gakusei ---
[INFO] Skipping execution.
[INFO] 
[INFO] --- resources:3.2.0:resources (default-resources) @ gakusei ---
[INFO] Using 'UTF-8' encoding to copy filtered resources.
[INFO] Using 'UTF-8' encoding to copy filtered properties files.
[INFO] Copying 2 resources
[INFO] Copying 6916 resources
[INFO] 
[INFO] --- compiler:3.10.1:compile (default-compile) @ gakusei ---
[INFO] Nothing to compile - all classes are up to date
[INFO] 
[INFO] --- resources:3.2.0:testResources (default-testResources) @ gakusei ---
[INFO] Using 'UTF-8' encoding to copy filtered resources.
[INFO] Using 'UTF-8' encoding to copy filtered properties files.
[INFO] skip non existing resourceDirectory /Users/pierresandboge/bin/slay/daigaku/rigs/gakusei/worktrees/gaku-5m7/src/test/resources
[INFO] 
[INFO] --- compiler:3.10.1:testCompile (default-testCompile) @ gakusei ---
[INFO] Nothing to compile - all classes are up to date
[INFO] 
[INFO] --- surefire:2.22.2:test (default-test) @ gakusei ---
[INFO] 
[INFO] -------------------------------------------------------
[INFO]  T E S T S
[INFO] -------------------------------------------------------
18:53:55,673 |-INFO in ch.qos.logback.classic.LoggerContext[default] - Could NOT find resource [logback-test.xml]
18:53:55,673 |-INFO in ch.qos.logback.classic.LoggerContext[default] - Found resource [logback.xml] at [file:/Users/pierresandboge/bin/slay/daigaku/rigs/gakusei/worktrees/gaku-5m7/target/classes/logback.xml]
18:53:55,692 |-INFO in ch.qos.logback.classic.joran.action.ConfigurationAction - debug attribute not set
18:53:55,692 |-INFO in ch.qos.logback.core.joran.action.AppenderAction - About to instantiate appender of type [ch.qos.logback.core.ConsoleAppender]
18:53:55,694 |-INFO in ch.qos.logback.core.joran.action.AppenderAction - Naming appender as [STDOUT]
18:53:55,696 |-INFO in ch.qos.logback.core.joran.action.NestedComplexPropertyIA - Assuming default type [ch.qos.logback.classic.encoder.PatternLayoutEncoder] for [encoder] property
18:53:55,702 |-INFO in ch.qos.logback.core.joran.action.AppenderAction - About to instantiate appender of type [ch.qos.logback.core.rolling.RollingFileAppender]
18:53:55,703 |-INFO in ch.qos.logback.core.joran.action.AppenderAction - Naming appender as [FILE]
18:53:55,707 |-INFO in c.q.l.core.rolling.TimeBasedRollingPolicy@637241618 - No compression will be used
18:53:55,707 |-INFO in c.q.l.core.rolling.TimeBasedRollingPolicy@637241618 - Will use the pattern logs/logFile.%d{yyyy-MM-dd}.%i.html for the active file
18:53:55,708 |-INFO in ch.qos.logback.core.rolling.SizeAndTimeBasedFNATP@7c24b813 - The date pattern is 'yyyy-MM-dd' from file name pattern 'logs/logFile.%d{yyyy-MM-dd}.%i.html'.
18:53:55,708 |-INFO in ch.qos.logback.core.rolling.SizeAndTimeBasedFNATP@7c24b813 - Roll-over at midnight.
18:53:55,790 |-INFO in ch.qos.logback.core.rolling.SizeAndTimeBasedFNATP@7c24b813 - Setting initial period to Sun Oct 04 18:53:55 CEST 2026
18:53:55,791 |-WARN in ch.qos.logback.core.rolling.SizeAndTimeBasedFNATP@7c24b813 - SizeAndTimeBasedFNATP is deprecated. Use SizeAndTimeBasedRollingPolicy instead
18:53:55,791 |-WARN in ch.qos.logback.core.rolling.SizeAndTimeBasedFNATP@7c24b813 - For more information see http://logback.qos.ch/manual/appenders.html#SizeAndTimeBasedRollingPolicy
18:53:55,802 |-INFO in ch.qos.logback.core.rolling.RollingFileAppender[FILE] - Active log file name: logs/logFile.html
18:53:55,802 |-INFO in ch.qos.logback.core.rolling.RollingFileAppender[FILE] - File property is set to [logs/logFile.html]
18:53:55,802 |-INFO in ch.qos.logback.classic.joran.action.RootLoggerAction - Setting level of ROOT logger to INFO
18:53:55,802 |-INFO in ch.qos.logback.core.joran.action.AppenderRefAction - Attaching appender named [STDOUT] to Logger[ROOT]
18:53:55,805 |-INFO in ch.qos.logback.core.joran.action.AppenderRefAction - Attaching appender named [FILE] to Logger[ROOT]
18:53:55,805 |-INFO in ch.qos.logback.classic.joran.action.ConfigurationAction - End of configuration.
18:53:55,806 |-INFO in ch.qos.logback.classic.joran.JoranConfigurator@2c35e847 - Registering current configuration as safe fallback point

18:53:55.855 [main] INFO  o.s.b.t.c.SpringBootTestContextBootstrapper - Neither @ContextConfiguration nor @ContextHierarchy found for test class [se.kits.gakusei.integration.LocalBaselineTest], using SpringBootContextLoader 
18:53:55.877 [main] INFO  o.s.t.c.s.AbstractContextLoader - Could not detect default resource locations for test class [se.kits.gakusei.integration.LocalBaselineTest]: no resource found for suffixes {-context.xml, Context.groovy}. 
18:53:55.883 [main] INFO  o.s.t.c.s.AnnotationConfigContextLoaderUtils - Could not detect default configuration classes for test class [se.kits.gakusei.integration.LocalBaselineTest]: LocalBaselineTest does not declare any static, non-private, non-final, nested classes annotated with @Configuration. 
18:53:56.008 [main] INFO  o.s.b.t.c.SpringBootTestContextBootstrapper - Found @SpringBootConfiguration se.kits.gakusei.GakuseiApplication for test class se.kits.gakusei.integration.LocalBaselineTest 
18:53:56.105 [main] INFO  o.s.b.t.c.SpringBootTestContextBootstrapper - Loaded default TestExecutionListener class names from location [META-INF/spring.factories]: [org.springframework.boot.test.mock.mockito.MockitoTestExecutionListener, org.springframework.boot.test.mock.mockito.ResetMocksTestExecutionListener, org.springframework.boot.test.autoconfigure.restdocs.RestDocsTestExecutionListener, org.springframework.boot.test.autoconfigure.web.client.MockRestServiceServerResetTestExecutionListener, org.springframework.boot.test.autoconfigure.web.servlet.MockMvcPrintOnlyOnFailureTestExecutionListener, org.springframework.boot.test.autoconfigure.web.servlet.WebDriverTestExecutionListener, org.springframework.boot.test.autoconfigure.webservices.client.MockWebServiceServerTestExecutionListener, org.springframework.test.context.web.ServletTestExecutionListener, org.springframework.test.context.support.DirtiesContextBeforeModesTestExecutionListener, org.springframework.test.context.event.ApplicationEventsTestExecutionListener, org.springframework.test.context.support.DependencyInjectionTestExecutionListener, org.springframework.test.context.support.DirtiesContextTestExecutionListener, org.springframework.test.context.transaction.TransactionalTestExecutionListener, org.springframework.test.context.jdbc.SqlScriptsTestExecutionListener, org.springframework.test.context.event.EventPublishingTestExecutionListener] 
18:53:56.118 [main] INFO  o.s.b.t.c.SpringBootTestContextBootstrapper - Using TestExecutionListeners: [org.springframework.test.context.web.ServletTestExecutionListener@77d2e85, org.springframework.test.context.support.DirtiesContextBeforeModesTestExecutionListener@3ecd267f, org.springframework.test.context.event.ApplicationEventsTestExecutionListener@58ffcbd7, org.springframework.boot.test.mock.mockito.MockitoTestExecutionListener@555cf22, org.springframework.boot.test.autoconfigure.SpringBootDependencyInjectionTestExecutionListener@6bb2d00b, org.springframework.test.context.support.DirtiesContextTestExecutionListener@3c9bfddc, org.springframework.test.context.transaction.TransactionalTestExecutionListener@1a9c38eb, org.springframework.test.context.jdbc.SqlScriptsTestExecutionListener@319bc845, org.springframework.test.context.event.EventPublishingTestExecutionListener@4c5474f5, org.springframework.boot.test.mock.mockito.ResetMocksTestExecutionListener@2f4205be, org.springframework.boot.test.autoconfigure.restdocs.RestDocsTestExecutionListener@54e22bdd, org.springframework.boot.test.autoconfigure.web.client.MockRestServiceServerResetTestExecutionListener@3bd418e4, org.springframework.boot.test.autoconfigure.web.servlet.MockMvcPrintOnlyOnFailureTestExecutionListener@544820b7, org.springframework.boot.test.autoconfigure.web.servlet.WebDriverTestExecutionListener@6b98a075, org.springframework.boot.test.autoconfigure.webservices.client.MockWebServiceServerTestExecutionListener@2e61d218] 
18:53:56.142 [main] INFO  o.s.b.t.c.SpringBootTestContextBootstrapper - Neither @ContextConfiguration nor @ContextHierarchy found for test class [se.kits.gakusei.integration.LocalBaselineTest], using SpringBootContextLoader 
18:53:56.142 [main] INFO  o.s.t.c.s.AbstractContextLoader - Could not detect default resource locations for test class [se.kits.gakusei.integration.LocalBaselineTest]: no resource found for suffixes {-context.xml, Context.groovy}. 
18:53:56.143 [main] INFO  o.s.t.c.s.AnnotationConfigContextLoaderUtils - Could not detect default configuration classes for test class [se.kits.gakusei.integration.LocalBaselineTest]: LocalBaselineTest does not declare any static, non-private, non-final, nested classes annotated with @Configuration. 
18:53:56.146 [main] INFO  o.s.b.t.c.SpringBootTestContextBootstrapper - Found @SpringBootConfiguration se.kits.gakusei.GakuseiApplication for test class se.kits.gakusei.integration.LocalBaselineTest 
18:53:56.240 [main] INFO  o.s.b.t.c.SpringBootTestContextBootstrapper - Loaded default TestExecutionListener class names from location [META-INF/spring.factories]: [org.springframework.boot.test.mock.mockito.MockitoTestExecutionListener, org.springframework.boot.test.mock.mockito.ResetMocksTestExecutionListener, org.springframework.boot.test.autoconfigure.restdocs.RestDocsTestExecutionListener, org.springframework.boot.test.autoconfigure.web.client.MockRestServiceServerResetTestExecutionListener, org.springframework.boot.test.autoconfigure.web.servlet.MockMvcPrintOnlyOnFailureTestExecutionListener, org.springframework.boot.test.autoconfigure.web.servlet.WebDriverTestExecutionListener, org.springframework.boot.test.autoconfigure.webservices.client.MockWebServiceServerTestExecutionListener, org.springframework.test.context.web.ServletTestExecutionListener, org.springframework.test.context.support.DirtiesContextBeforeModesTestExecutionListener, org.springframework.test.context.event.ApplicationEventsTestExecutionListener, org.springframework.test.context.support.DependencyInjectionTestExecutionListener, org.springframework.test.context.support.DirtiesContextTestExecutionListener, org.springframework.test.context.transaction.TransactionalTestExecutionListener, org.springframework.test.context.jdbc.SqlScriptsTestExecutionListener, org.springframework.test.context.event.EventPublishingTestExecutionListener] 
18:53:56.242 [main] INFO  o.s.b.t.c.SpringBootTestContextBootstrapper - Using TestExecutionListeners: [org.springframework.test.context.web.ServletTestExecutionListener@4bd1f8dd, org.springframework.test.context.support.DirtiesContextBeforeModesTestExecutionListener@7096b474, org.springframework.test.context.event.ApplicationEventsTestExecutionListener@3e14c16d, org.springframework.boot.test.mock.mockito.MockitoTestExecutionListener@3c989952, org.springframework.boot.test.autoconfigure.SpringBootDependencyInjectionTestExecutionListener@784b990c, org.springframework.test.context.support.DirtiesContextTestExecutionListener@3d3ba765, org.springframework.test.context.transaction.TransactionalTestExecutionListener@25bc0606, org.springframework.test.context.jdbc.SqlScriptsTestExecutionListener@5d1659ea, org.springframework.test.context.event.EventPublishingTestExecutionListener@793138bd, org.springframework.boot.test.mock.mockito.ResetMocksTestExecutionListener@1951b871, org.springframework.boot.test.autoconfigure.restdocs.RestDocsTestExecutionListener@5c18016b, org.springframework.boot.test.autoconfigure.web.client.MockRestServiceServerResetTestExecutionListener@33aeca0b, org.springframework.boot.test.autoconfigure.web.servlet.MockMvcPrintOnlyOnFailureTestExecutionListener@43aaf813, org.springframework.boot.test.autoconfigure.web.servlet.WebDriverTestExecutionListener@57ac5227, org.springframework.boot.test.autoconfigure.webservices.client.MockWebServiceServerTestExecutionListener@4ba302e0] 
[INFO] Running se.kits.gakusei.util.KanjiHandlerTest
[INFO] Tests run: 3, Failures: 0, Errors: 0, Skipped: 0, Time elapsed: 0.371 s - in se.kits.gakusei.util.KanjiHandlerTest
[INFO] Running se.kits.gakusei.util.ProgressHandlerTest
[INFO] Tests run: 13, Failures: 0, Errors: 0, Skipped: 0, Time elapsed: 0.193 s - in se.kits.gakusei.util.ProgressHandlerTest
[INFO] Running se.kits.gakusei.util.QuestionHandlerTest
[INFO] Tests run: 5, Failures: 0, Errors: 0, Skipped: 0, Time elapsed: 0 s - in se.kits.gakusei.util.QuestionHandlerTest
[INFO] Running se.kits.gakusei.integration.LocalBaselineTest
18:53:56.880 [main] INFO  o.s.b.d.r.RestartApplicationListener - Restart disabled due to context in which it is running 

                                              ooooooooo     *ooooooooo*                                           
                                              ooooooooo     *ooooooooo*                                            
                                              ooooooooo     *ooooooooo*                                            
                                              ooooooooo     *ooooooooo*                                            
            oooooooooo                                      *ooooooooo*                                            
            oooooooooo                                      *ooooooooo*                                            
            oooooooooo                                      *ooooooooo*                                            
            oooooooooo                        ooooooooooooooooooooooooooooooo                                      
            oooooooooo                        ooooooooooooooooooooooooooooooo                                      
            oooooooooo                        ooooooooooooooooooooooooooooooo                                      
            oooooooooo                        ooooooooo:::::ooooooooooo::::::                                      
            oooooooooo        :oooooooooooo.  ooooooooo     *ooooooooo*                                            
            oooooooooo      :ooooooooooooo    ooooooooo     *ooooooooo*                                            
            oooooooooo    *oooooooooooo       ooooooooo     *ooooooooo*                                            
            oooooooooo  .ooooooooooooo        ooooooooo     *ooooooooo*                                            
            oooooooooo oooooooooooo           ooooooooo     *ooooooooo*                                            
            ooooooooooooooooooooo:            ooooooooo     *ooooooooo*                                            
            oooooooooooooooooooo              ooooooooo     *ooooooooo*                                            
            oooooooooooooooooooooo            ooooooooo     *ooooooooo*                                            
            ooooooooooooooooooooooo           ooooooooo     *ooooooooo*                                            
            oooooooooooooooooooooooo          ooooooooo     *oooooooooo       :ooooooooooooooooo:                  
            ooooooooooo:  *ooooooooooo        ooooooooo     .ooooooooooo.   ooooooooooooooooooooooo                
            oooooooooo     :ooooooooooo       ooooooooo      ooooooooooooooooooooooooooooooooooooooo*              
            oooooooooo      .ooooooooooo      ooooooooo      :ooooooooooooooooooooo         ooooooooo*             
            oooooooooo        ooooooooooo*    ooooooooo        ooooooooooooooooooo.          ooooooooo             
            oooooooooo         &ooooooooooo                              oooooooooo#                               
            oooooooooo          oooooooooooo                             oooooooooooooo:                           
            oooooooooo            ooooooooooo:                             ooooooooooooooooooooo:                  
            oooooooooo             ooooooooooo:                             *ooooooooooooooooooooooo               
                                                                                *oooooooooooooooooooo*             
                                                                                         :oooooooooooo:            
                                                                                             oooooooooo            
                                                                        ooooooooo             ooooooooo            
                                                                        *ooooooooo           :oooooooo:            
                                                                         :ooooooooooo:*..*:ooooooooooo             
                                                                           oooooooooooooooooooooooooo              
                                                                             ooooooooooooooooooooo:                
                                                                                 .*oooooooooo*.                    
:: Running Spring Boot 2.7.18 ::

18:53:57.105 [background-preinit] INFO  o.h.validator.internal.util.Version - HV000001: Hibernate Validator 6.2.5.Final 
18:53:57.151 [main] WARN  o.s.b.t.j.DuplicateJsonObjectContextCustomizerFactory$DuplicateJsonObjectContextCustomizer - 

Found multiple occurrences of org.json.JSONObject on the class path:

	jar:file:/Users/pierresandboge/.m2/repository/com/vaadin/external/google/android-json/0.0.20131108.vaadin1/android-json-0.0.20131108.vaadin1.jar!/org/json/JSONObject.class
	jar:file:/Users/pierresandboge/.m2/repository/org/json/json/20180813/json-20180813.jar!/org/json/JSONObject.class

You may wish to exclude one of them to ensure predictable runtime behavior
 
18:53:57.162 [main] INFO  s.k.g.integration.LocalBaselineTest - Starting LocalBaselineTest using Java 17.0.16 on Pierres-MacBook-Pro-2.local with PID 27251 (started by pierresandboge in /Users/pierresandboge/bin/slay/daigaku/rigs/gakusei/worktrees/gaku-5m7) 
18:53:57.162 [main] INFO  s.k.g.integration.LocalBaselineTest - The following 1 profile is active: "local" 
18:53:58.522 [main] INFO  o.s.d.r.c.RepositoryConfigurationDelegate - Bootstrapping Spring Data JPA repositories in DEFAULT mode. 
18:53:58.591 [main] INFO  o.s.d.r.c.RepositoryConfigurationDelegate - Finished Spring Data repository scanning in 53 ms. Found 20 JPA repository interfaces. 
18:53:59.132 [main] INFO  o.s.b.w.e.tomcat.TomcatWebServer - Tomcat initialized with port(s): 0 (http) 
18:53:59.136 [main] INFO  o.a.coyote.http11.Http11NioProtocol - Initializing ProtocolHandler ["http-nio-127.0.0.1-auto-1"] 
18:53:59.137 [main] INFO  o.a.catalina.core.StandardService - Starting service [Tomcat] 
18:53:59.137 [main] INFO  o.a.catalina.core.StandardEngine - Starting Servlet engine: [Apache Tomcat/9.0.83] 
18:53:59.255 [main] INFO  o.a.c.c.C.[Tomcat].[localhost].[/] - Initializing Spring embedded WebApplicationContext 
18:53:59.255 [main] INFO  o.s.b.w.s.c.ServletWebServerApplicationContext - Root WebApplicationContext: initialization completed in 2085 ms 
18:53:59.518 [main] INFO  o.h.jpa.internal.util.LogHelper - HHH000204: Processing PersistenceUnitInfo [name: default] 
18:53:59.545 [main] INFO  org.hibernate.Version - HHH000412: Hibernate ORM core version 5.6.15.Final 
18:53:59.559 [main] INFO  o.h.annotations.common.Version - HCANN000001: Hibernate Commons Annotations {5.1.2.Final} 
18:53:59.658 [main] INFO  com.zaxxer.hikari.HikariDataSource - HikariPool-1 - Starting... 
18:53:59.818 [main] INFO  com.zaxxer.hikari.HikariDataSource - HikariPool-1 - Start completed. 
18:53:59.831 [main] INFO  org.hibernate.dialect.Dialect - HHH000400: Using dialect: org.hibernate.dialect.H2Dialect 
18:54:00.295 [main] INFO  o.h.e.t.j.p.i.JtaPlatformInitiator - HHH000490: Using JtaPlatform implementation: [org.hibernate.engine.transaction.jta.platform.internal.NoJtaPlatform] 
18:54:00.302 [main] INFO  o.s.o.j.LocalContainerEntityManagerFactoryBean - Initialized JPA EntityManagerFactory for persistence unit 'default' 
18:54:00.640 [main] WARN  o.s.b.a.o.j.JpaBaseConfiguration$JpaWebConfiguration - spring.jpa.open-in-view is enabled by default. Therefore, database queries may be performed during view rendering. Explicitly configure spring.jpa.open-in-view to disable this warning 
18:54:02.581 [main] WARN  o.s.s.c.a.web.builders.WebSecurity - You are asking Spring Security to ignore Ant [pattern='/js/**']. This is not recommended -- please use permitAll via HttpSecurity#authorizeHttpRequests instead. 
18:54:02.582 [main] INFO  o.s.s.w.DefaultSecurityFilterChain - Will not secure Ant [pattern='/js/**'] 
18:54:02.732 [main] INFO  o.s.s.w.DefaultSecurityFilterChain - Will secure any request with [org.springframework.security.web.session.DisableEncodeUrlFilter@36b1b28, org.springframework.security.web.context.request.async.WebAsyncManagerIntegrationFilter@65669def, org.springframework.security.web.context.SecurityContextPersistenceFilter@1bbf7e81, org.springframework.security.web.header.HeaderWriterFilter@69e636cc, org.springframework.security.web.authentication.logout.LogoutFilter@66d0d5ee, org.springframework.security.web.authentication.UsernamePasswordAuthenticationFilter@1a120e41, org.springframework.security.web.authentication.www.BasicAuthenticationFilter@69f35d31, org.springframework.security.web.savedrequest.RequestCacheAwareFilter@698b2343, org.springframework.security.web.servletapi.SecurityContextHolderAwareRequestFilter@25dd9eb6, org.springframework.security.web.authentication.rememberme.RememberMeAuthenticationFilter@7002dacc, org.springframework.security.web.authentication.AnonymousAuthenticationFilter@15d25244, org.springframework.security.web.session.SessionManagementFilter@226346d4, org.springframework.security.web.access.ExceptionTranslationFilter@1c027237, org.springframework.security.web.access.intercept.FilterSecurityInterceptor@8e0b048] 
18:54:02.952 [main] WARN  o.s.d.r.c.m.RepositoryCollectionResourceMapping - @RestResource detected to customize the repository resource for se.kits.gakusei.user.repository.EventRepository! Use @RepositoryRestResource instead! 
18:54:02.953 [main] WARN  o.s.d.r.c.m.RepositoryCollectionResourceMapping - @RestResource detected to customize the repository resource for se.kits.gakusei.user.repository.UserRepository! Use @RepositoryRestResource instead! 
18:54:03.435 [main] INFO  o.s.b.a.w.s.WelcomePageHandlerMapping - Adding welcome page template: index 
18:54:04.426 [main] INFO  o.a.coyote.http11.Http11NioProtocol - Starting ProtocolHandler ["http-nio-127.0.0.1-auto-1"] 
18:54:04.438 [main] INFO  o.s.b.w.e.tomcat.TomcatWebServer - Tomcat started on port(s): 52375 (http) with context path '' 
18:54:04.444 [main] INFO  s.k.g.integration.LocalBaselineTest - Started LocalBaselineTest in 7.566 seconds (JVM running for 9.194) 
18:54:05.534 [main] INFO  se.kits.gakusei.init.DataInit - Loaded resource: testdata/testdata.json 
18:54:06.119 [main] INFO  se.kits.gakusei.init.DataInit - Loaded resource: testdata/testdata.json 
18:54:07.651 [main] INFO  se.kits.gakusei.init.DataInit - *** Data initialization was set on profile(s): [local] 
18:54:08.207 [http-nio-127.0.0.1-auto-1-exec-1] INFO  o.a.c.c.C.[Tomcat].[localhost].[/] - Initializing Spring DispatcherServlet 'dispatcherServlet' 
18:54:08.207 [http-nio-127.0.0.1-auto-1-exec-1] INFO  o.s.web.servlet.DispatcherServlet - Initializing Servlet 'dispatcherServlet' 
18:54:08.208 [http-nio-127.0.0.1-auto-1-exec-1] INFO  o.s.web.servlet.DispatcherServlet - Completed initialization in 1 ms 
18:54:08.959 [http-nio-127.0.0.1-auto-1-exec-1] WARN  o.a.c.util.SessionIdGeneratorBase - Creation of SecureRandom instance for session ID generation using [SHA1PRNG] took [488] milliseconds. 
18:54:11.278 [http-nio-127.0.0.1-auto-1-exec-2] INFO  o.s.api.AbstractOpenApiResource - Init duration for springdoc-openapi is: 2130 ms 
18:54:11.411 [main] INFO  o.s.t.c.t.TransactionContext - Began transaction (1) for test context [DefaultTestContext@19edcb8e testClass = LocalBaselineTest, testInstance = se.kits.gakusei.integration.LocalBaselineTest@4eed10a1, testMethod = bundledSeedSupportsRealVocabularyAndRetentionQueries@LocalBaselineTest, testException = [null], mergedContextConfiguration = [WebMergedContextConfiguration@666b7ebe testClass = LocalBaselineTest, locations = '{}', classes = '{class se.kits.gakusei.GakuseiApplication}', contextInitializerClasses = '[]', activeProfiles = '{local}', propertySourceLocations = '{}', propertySourceProperties = '{org.springframework.boot.test.context.SpringBootTestContextBootstrapper=true, server.port=0}', contextCustomizers = set[org.springframework.boot.test.context.filter.ExcludeFilterContextCustomizer@a1f72f5, org.springframework.boot.test.json.DuplicateJsonObjectContextCustomizerFactory$DuplicateJsonObjectContextCustomizer@2dc9b0f5, org.springframework.boot.test.mock.mockito.MockitoContextCustomizer@0, org.springframework.boot.test.web.client.TestRestTemplateContextCustomizer@205d38da, org.springframework.boot.test.autoconfigure.actuate.metrics.MetricsExportContextCustomizerFactory$DisableMetricExportContextCustomizer@2205a05d, org.springframework.boot.test.autoconfigure.properties.PropertyMappingContextCustomizer@0, org.springframework.boot.test.autoconfigure.web.servlet.WebDriverContextCustomizerFactory$Customizer@748741cb, org.springframework.boot.test.context.SpringBootTestArgs@1, org.springframework.boot.test.context.SpringBootTestWebEnvironment@673fdbce], resourceBasePath = 'src/main/webapp', contextLoader = 'org.springframework.boot.test.context.SpringBootContextLoader', parent = [null]], attributes = map['org.springframework.test.context.web.ServletTestExecutionListener.activateListener' -> false, 'org.springframework.test.context.event.ApplicationEventsTestExecutionListener.recordApplicationEvents' -> false]]; transaction manager [org.springframework.orm.jpa.JpaTransactionManager@5ce1b67b]; rollback [true] 
18:54:11.547 [main] INFO  o.s.t.c.t.TransactionContext - Rolled back transaction for test: [DefaultTestContext@19edcb8e testClass = LocalBaselineTest, testInstance = se.kits.gakusei.integration.LocalBaselineTest@4eed10a1, testMethod = bundledSeedSupportsRealVocabularyAndRetentionQueries@LocalBaselineTest, testException = [null], mergedContextConfiguration = [WebMergedContextConfiguration@666b7ebe testClass = LocalBaselineTest, locations = '{}', classes = '{class se.kits.gakusei.GakuseiApplication}', contextInitializerClasses = '[]', activeProfiles = '{local}', propertySourceLocations = '{}', propertySourceProperties = '{org.springframework.boot.test.context.SpringBootTestContextBootstrapper=true, server.port=0}', contextCustomizers = set[org.springframework.boot.test.context.filter.ExcludeFilterContextCustomizer@a1f72f5, org.springframework.boot.test.json.DuplicateJsonObjectContextCustomizerFactory$DuplicateJsonObjectContextCustomizer@2dc9b0f5, org.springframework.boot.test.mock.mockito.MockitoContextCustomizer@0, org.springframework.boot.test.web.client.TestRestTemplateContextCustomizer@205d38da, org.springframework.boot.test.autoconfigure.actuate.metrics.MetricsExportContextCustomizerFactory$DisableMetricExportContextCustomizer@2205a05d, org.springframework.boot.test.autoconfigure.properties.PropertyMappingContextCustomizer@0, org.springframework.boot.test.autoconfigure.web.servlet.WebDriverContextCustomizerFactory$Customizer@748741cb, org.springframework.boot.test.context.SpringBootTestArgs@1, org.springframework.boot.test.context.SpringBootTestWebEnvironment@673fdbce], resourceBasePath = 'src/main/webapp', contextLoader = 'org.springframework.boot.test.context.SpringBootContextLoader', parent = [null]], attributes = map['org.springframework.test.context.web.ServletTestExecutionListener.activateListener' -> false, 'org.springframework.test.context.event.ApplicationEventsTestExecutionListener.recordApplicationEvents' -> false]] 
[INFO] Tests run: 2, Failures: 0, Errors: 0, Skipped: 0, Time elapsed: 14.623 s - in se.kits.gakusei.integration.LocalBaselineTest
[INFO] Running se.kits.gakusei.controller.KanjiControllerTest
[INFO] Tests run: 2, Failures: 0, Errors: 0, Skipped: 0, Time elapsed: 0.013 s - in se.kits.gakusei.controller.KanjiControllerTest
[INFO] Running se.kits.gakusei.controller.QuestionControllerTest
[INFO] Tests run: 2, Failures: 0, Errors: 0, Skipped: 0, Time elapsed: 0.05 s - in se.kits.gakusei.controller.QuestionControllerTest
[INFO] Running se.kits.gakusei.controller.CourseControllerTest
[INFO] Tests run: 8, Failures: 0, Errors: 0, Skipped: 0, Time elapsed: 0.024 s - in se.kits.gakusei.controller.CourseControllerTest
[INFO] Running se.kits.gakusei.controller.EventControllerTest
18:54:11.796 [main] INFO  s.k.g.controller.EventController - 2017-01-24 15:13:54.671 / testmode / testtype / testdata / testNuggetId / testname 
[INFO] Tests run: 2, Failures: 0, Errors: 0, Skipped: 0, Time elapsed: 0.034 s - in se.kits.gakusei.controller.EventControllerTest
[INFO] Running se.kits.gakusei.controller.QuizControllerTest
[INFO] Tests run: 6, Failures: 0, Errors: 0, Skipped: 0, Time elapsed: 0.018 s - in se.kits.gakusei.controller.QuizControllerTest
[INFO] Running se.kits.gakusei.controller.NuggetControllerTest
18:54:11.837 [main] INFO  s.k.g.controller.NuggetController - Get all nuggets took 0 ms 
18:54:11.837 [main] INFO  s.k.g.controller.NuggetController - Get all nuggets took 0 ms 
18:54:11.837 [main] INFO  s.k.g.controller.NuggetController - Get filtered nuggets took 0 ms 
18:54:11.837 [main] INFO  s.k.g.controller.NuggetController - Get filtered nuggets took 0 ms 
[INFO] Tests run: 2, Failures: 0, Errors: 0, Skipped: 0, Time elapsed: 0.002 s - in se.kits.gakusei.controller.NuggetControllerTest
18:54:11.864 [SpringApplicationShutdownHook] INFO  o.s.o.j.LocalContainerEntityManagerFactoryBean - Closing JPA EntityManagerFactory for persistence unit 'default' 
18:54:11.864 [SpringApplicationShutdownHook] INFO  o.h.t.s.i.SchemaDropperImpl$DelayedDropActionImpl - HHH000477: Starting delayed evictData of schema as part of SessionFactory shut-down' 
18:54:11.871 [SpringApplicationShutdownHook] INFO  com.zaxxer.hikari.HikariDataSource - HikariPool-1 - Shutdown initiated... 
18:54:11.873 [SpringApplicationShutdownHook] INFO  com.zaxxer.hikari.HikariDataSource - HikariPool-1 - Shutdown completed. 
[INFO] 
[INFO] Results:
[INFO] 
[INFO] Tests run: 45, Failures: 0, Errors: 0, Skipped: 0
[INFO] 
[INFO] ------------------------------------------------------------------------
[INFO] BUILD SUCCESS
[INFO] ------------------------------------------------------------------------
[INFO] Total time:  20.468 s
[INFO] Finished at: 2026-10-04T18:54:12+02:00
[INFO] ------------------------------------------------------------------------
